Archive member included to satisfy reference by file (symbol)

c:/st/stm32cubeide_1.1.0/stm32cubeide/plugins/com.st.stm32cube.ide.mcu.externaltools.gnu-tools-for-stm32.7-2018-q2-update.win32_1.0.0.201904181610/tools/bin/../lib/gcc/arm-none-eabi/7.3.1/../../../../arm-none-eabi/lib/thumb/v6-m\libc_nano.a(lib_a-errno.o)
                              Core/Src/sysmem.o (__errno)
c:/st/stm32cubeide_1.1.0/stm32cubeide/plugins/com.st.stm32cube.ide.mcu.externaltools.gnu-tools-for-stm32.7-2018-q2-update.win32_1.0.0.201904181610/tools/bin/../lib/gcc/arm-none-eabi/7.3.1/../../../../arm-none-eabi/lib/thumb/v6-m\libc_nano.a(lib_a-exit.o)
                              c:/st/stm32cubeide_1.1.0/stm32cubeide/plugins/com.st.stm32cube.ide.mcu.externaltools.gnu-tools-for-stm32.7-2018-q2-update.win32_1.0.0.201904181610/tools/bin/../lib/gcc/arm-none-eabi/7.3.1/../../../../arm-none-eabi/lib/thumb/v6-m/crt0.o (exit)
c:/st/stm32cubeide_1.1.0/stm32cubeide/plugins/com.st.stm32cube.ide.mcu.externaltools.gnu-tools-for-stm32.7-2018-q2-update.win32_1.0.0.201904181610/tools/bin/../lib/gcc/arm-none-eabi/7.3.1/../../../../arm-none-eabi/lib/thumb/v6-m\libc_nano.a(lib_a-impure.o)
                              c:/st/stm32cubeide_1.1.0/stm32cubeide/plugins/com.st.stm32cube.ide.mcu.externaltools.gnu-tools-for-stm32.7-2018-q2-update.win32_1.0.0.201904181610/tools/bin/../lib/gcc/arm-none-eabi/7.3.1/../../../../arm-none-eabi/lib/thumb/v6-m\libc_nano.a(lib_a-exit.o) (_global_impure_ptr)
c:/st/stm32cubeide_1.1.0/stm32cubeide/plugins/com.st.stm32cube.ide.mcu.externaltools.gnu-tools-for-stm32.7-2018-q2-update.win32_1.0.0.201904181610/tools/bin/../lib/gcc/arm-none-eabi/7.3.1/../../../../arm-none-eabi/lib/thumb/v6-m\libc_nano.a(lib_a-init.o)
                              c:/st/stm32cubeide_1.1.0/stm32cubeide/plugins/com.st.stm32cube.ide.mcu.externaltools.gnu-tools-for-stm32.7-2018-q2-update.win32_1.0.0.201904181610/tools/bin/../lib/gcc/arm-none-eabi/7.3.1/../../../../arm-none-eabi/lib/thumb/v6-m/crt0.o (__libc_init_array)
c:/st/stm32cubeide_1.1.0/stm32cubeide/plugins/com.st.stm32cube.ide.mcu.externaltools.gnu-tools-for-stm32.7-2018-q2-update.win32_1.0.0.201904181610/tools/bin/../lib/gcc/arm-none-eabi/7.3.1/../../../../arm-none-eabi/lib/thumb/v6-m\libc_nano.a(lib_a-memcpy-stub.o)
                              Core/Src/driver_user_if.o (memcpy)
c:/st/stm32cubeide_1.1.0/stm32cubeide/plugins/com.st.stm32cube.ide.mcu.externaltools.gnu-tools-for-stm32.7-2018-q2-update.win32_1.0.0.201904181610/tools/bin/../lib/gcc/arm-none-eabi/7.3.1/../../../../arm-none-eabi/lib/thumb/v6-m\libc_nano.a(lib_a-memset.o)
                              c:/st/stm32cubeide_1.1.0/stm32cubeide/plugins/com.st.stm32cube.ide.mcu.externaltools.gnu-tools-for-stm32.7-2018-q2-update.win32_1.0.0.201904181610/tools/bin/../lib/gcc/arm-none-eabi/7.3.1/../../../../arm-none-eabi/lib/thumb/v6-m/crt0.o (memset)
c:/st/stm32cubeide_1.1.0/stm32cubeide/plugins/com.st.stm32cube.ide.mcu.externaltools.gnu-tools-for-stm32.7-2018-q2-update.win32_1.0.0.201904181610/tools/bin/../lib/gcc/arm-none-eabi/7.3.1/thumb/v6-m\libgcc.a(_udivsi3.o)
                              Core/Src/system_stm32f0xx.o (__aeabi_uidiv)
c:/st/stm32cubeide_1.1.0/stm32cubeide/plugins/com.st.stm32cube.ide.mcu.externaltools.gnu-tools-for-stm32.7-2018-q2-update.win32_1.0.0.201904181610/tools/bin/../lib/gcc/arm-none-eabi/7.3.1/thumb/v6-m\libgcc.a(_dvmd_tls.o)
                              c:/st/stm32cubeide_1.1.0/stm32cubeide/plugins/com.st.stm32cube.ide.mcu.externaltools.gnu-tools-for-stm32.7-2018-q2-update.win32_1.0.0.201904181610/tools/bin/../lib/gcc/arm-none-eabi/7.3.1/thumb/v6-m\libgcc.a(_udivsi3.o) (__aeabi_idiv0)
c:/st/stm32cubeide_1.1.0/stm32cubeide/plugins/com.st.stm32cube.ide.mcu.externaltools.gnu-tools-for-stm32.7-2018-q2-update.win32_1.0.0.201904181610/tools/bin/../lib/gcc/arm-none-eabi/7.3.1/../../../../arm-none-eabi/lib/thumb/v6-m\libnosys.a(_exit.o)
                              c:/st/stm32cubeide_1.1.0/stm32cubeide/plugins/com.st.stm32cube.ide.mcu.externaltools.gnu-tools-for-stm32.7-2018-q2-update.win32_1.0.0.201904181610/tools/bin/../lib/gcc/arm-none-eabi/7.3.1/../../../../arm-none-eabi/lib/thumb/v6-m\libc_nano.a(lib_a-exit.o) (_exit)

Allocating common symbols
Common symbol       size              file

can_rx_buf          0x10              Core/Src/driver_user_if.o
hUsbDeviceFS        0x2c4             USB_DEVICE/App/usb_device.o
usb_tx_buf          0x44              Core/Src/driver_user_if.o
Q                   0x102             Core/Src/driver_user_if.o
hcan                0x28              Core/Src/main.o
uwTick              0x4               Drivers/STM32F0xx_HAL_Driver/Src/stm32f0xx_hal.o
can_tx_buf          0x10              Core/Src/driver_user_if.o
pFlash              0x20              Drivers/STM32F0xx_HAL_Driver/Src/stm32f0xx_hal_flash.o
htim3               0x40              Core/Src/main.o
g_usb_rx_complete   0x1               Core/Src/driver_user_if.o
[...]
Memory Configuration

Name             Origin             Length             Attributes
RAM              0x0000000020000000 0x0000000000004000 xrw
FLASH            0x0000000008000000 0x0000000000020000 xr
*default*        0x0000000000000000 0xffffffffffffffff

Linker script and memory map

LOAD c:/st/stm32cubeide_1.1.0/stm32cubeide/plugins/com.st.stm32cube.ide.mcu.externaltools.gnu-tools-for-stm32.7-2018-q2-update.win32_1.0.0.201904181610/tools/bin/../lib/gcc/arm-none-eabi/7.3.1/thumb/v6-m/crti.o
LOAD c:/st/stm32cubeide_1.1.0/stm32cubeide/plugins/com.st.stm32cube.ide.mcu.externaltools.gnu-tools-for-stm32.7-2018-q2-update.win32_1.0.0.201904181610/tools/bin/../lib/gcc/arm-none-eabi/7.3.1/thumb/v6-m/crtbegin.o
LOAD c:/st/stm32cubeide_1.1.0/stm32cubeide/plugins/com.st.stm32cube.ide.mcu.externaltools.gnu-tools-for-stm32.7-2018-q2-update.win32_1.0.0.201904181610/tools/bin/../lib/gcc/arm-none-eabi/7.3.1/../../../../arm-none-eabi/lib/thumb/v6-m/crt0.o
LOAD Core/Src/data_streaming.o
LOAD Core/Src/driver_user_if.o
LOAD Core/Src/main.o
LOAD Core/Src/stm32f0xx_hal_msp.o
LOAD Core/Src/stm32f0xx_it.o
LOAD Core/Src/sysmem.o
LOAD Core/Src/system_stm32f0xx.o
LOAD Core/Startup/startup_stm32f072rbtx.o
LOAD Drivers/STM32F0xx_HAL_Driver/Src/stm32f0xx_hal.o
LOAD Drivers/STM32F0xx_HAL_Driver/Src/stm32f0xx_hal_can.o
LOAD Drivers/STM32F0xx_HAL_Driver/Src/stm32f0xx_hal_cortex.o
LOAD Drivers/STM32F0xx_HAL_Driver/Src/stm32f0xx_hal_dma.o
LOAD Drivers/STM32F0xx_HAL_Driver/Src/stm32f0xx_hal_exti.o
LOAD Drivers/STM32F0xx_HAL_Driver/Src/stm32f0xx_hal_flash.o
LOAD Drivers/STM32F0xx_HAL_Driver/Src/stm32f0xx_hal_flash_ex.o
LOAD Drivers/STM32F0xx_HAL_Driver/Src/stm32f0xx_hal_gpio.o
LOAD Drivers/STM32F0xx_HAL_Driver/Src/stm32f0xx_hal_i2c.o
LOAD Drivers/STM32F0xx_HAL_Driver/Src/stm32f0xx_hal_i2c_ex.o
LOAD Drivers/STM32F0xx_HAL_Driver/Src/stm32f0xx_hal_pcd.o
LOAD Drivers/STM32F0xx_HAL_Driver/Src/stm32f0xx_hal_pcd_ex.o
LOAD Drivers/STM32F0xx_HAL_Driver/Src/stm32f0xx_hal_pwr.o
LOAD Drivers/STM32F0xx_HAL_Driver/Src/stm32f0xx_hal_pwr_ex.o
LOAD Drivers/STM32F0xx_HAL_Driver/Src/stm32f0xx_hal_rcc.o
LOAD Drivers/STM32F0xx_HAL_Driver/Src/stm32f0xx_hal_rcc_ex.o
LOAD Drivers/STM32F0xx_HAL_Driver/Src/stm32f0xx_hal_tim.o
LOAD Drivers/STM32F0xx_HAL_Driver/Src/stm32f0xx_hal_tim_ex.o
LOAD Drivers/STM32F0xx_HAL_Driver/Src/stm32f0xx_ll_usb.o
LOAD Middlewares/ST/STM32_USB_Device_Library/Class/CustomHID/Src/usbd_customhid.o
LOAD Middlewares/ST/STM32_USB_Device_Library/Core/Src/usbd_core.o
LOAD Middlewares/ST/STM32_USB_Device_Library/Core/Src/usbd_ctlreq.o
LOAD Middlewares/ST/STM32_USB_Device_Library/Core/Src/usbd_ioreq.o
LOAD USB_DEVICE/App/usb_device.o
LOAD USB_DEVICE/App/usbd_custom_hid_if.o
LOAD USB_DEVICE/App/usbd_desc.o
LOAD USB_DEVICE/Target/usbd_conf.o
START GROUP
LOAD c:/st/stm32cubeide_1.1.0/stm32cubeide/plugins/com.st.stm32cube.ide.mcu.externaltools.gnu-tools-for-stm32.7-2018-q2-update.win32_1.0.0.201904181610/tools/bin/../lib/gcc/arm-none-eabi/7.3.1/../../../../arm-none-eabi/lib/thumb/v6-m\libc_nano.a
LOAD c:/st/stm32cubeide_1.1.0/stm32cubeide/plugins/com.st.stm32cube.ide.mcu.externaltools.gnu-tools-for-stm32.7-2018-q2-update.win32_1.0.0.201904181610/tools/bin/../lib/gcc/arm-none-eabi/7.3.1/../../../../arm-none-eabi/lib/thumb/v6-m\libm.a
END GROUP
START GROUP
LOAD c:/st/stm32cubeide_1.1.0/stm32cubeide/plugins/com.st.stm32cube.ide.mcu.externaltools.gnu-tools-for-stm32.7-2018-q2-update.win32_1.0.0.201904181610/tools/bin/../lib/gcc/arm-none-eabi/7.3.1/thumb/v6-m\libgcc.a
LOAD c:/st/stm32cubeide_1.1.0/stm32cubeide/plugins/com.st.stm32cube.ide.mcu.externaltools.gnu-tools-for-stm32.7-2018-q2-update.win32_1.0.0.201904181610/tools/bin/../lib/gcc/arm-none-eabi/7.3.1/../../../../arm-none-eabi/lib/thumb/v6-m\libc_nano.a
END GROUP
START GROUP
LOAD c:/st/stm32cubeide_1.1.0/stm32cubeide/plugins/com.st.stm32cube.ide.mcu.externaltools.gnu-tools-for-stm32.7-2018-q2-update.win32_1.0.0.201904181610/tools/bin/../lib/gcc/arm-none-eabi/7.3.1/thumb/v6-m\libgcc.a
LOAD c:/st/stm32cubeide_1.1.0/stm32cubeide/plugins/com.st.stm32cube.ide.mcu.externaltools.gnu-tools-for-stm32.7-2018-q2-update.win32_1.0.0.201904181610/tools/bin/../lib/gcc/arm-none-eabi/7.3.1/../../../../arm-none-eabi/lib/thumb/v6-m\libc_nano.a
LOAD c:/st/stm32cubeide_1.1.0/stm32cubeide/plugins/com.st.stm32cube.ide.mcu.externaltools.gnu-tools-for-stm32.7-2018-q2-update.win32_1.0.0.201904181610/tools/bin/../lib/gcc/arm-none-eabi/7.3.1/../../../../arm-none-eabi/lib/thumb/v6-m\libnosys.a
END GROUP
START GROUP
LOAD c:/st/stm32cubeide_1.1.0/stm32cubeide/plugins/com.st.stm32cube.ide.mcu.externaltools.gnu-tools-for-stm32.7-2018-q2-update.win32_1.0.0.201904181610/tools/bin/../lib/gcc/arm-none-eabi/7.3.1/thumb/v6-m\libgcc.a
LOAD c:/st/stm32cubeide_1.1.0/stm32cubeide/plugins/com.st.stm32cube.ide.mcu.externaltools.gnu-tools-for-stm32.7-2018-q2-update.win32_1.0.0.201904181610/tools/bin/../lib/gcc/arm-none-eabi/7.3.1/../../../../arm-none-eabi/lib/thumb/v6-m\libc_nano.a
LOAD c:/st/stm32cubeide_1.1.0/stm32cubeide/plugins/com.st.stm32cube.ide.mcu.externaltools.gnu-tools-for-stm32.7-2018-q2-update.win32_1.0.0.201904181610/tools/bin/../lib/gcc/arm-none-eabi/7.3.1/../../../../arm-none-eabi/lib/thumb/v6-m\libnosys.a
END GROUP
LOAD c:/st/stm32cubeide_1.1.0/stm32cubeide/plugins/com.st.stm32cube.ide.mcu.externaltools.gnu-tools-for-stm32.7-2018-q2-update.win32_1.0.0.201904181610/tools/bin/../lib/gcc/arm-none-eabi/7.3.1/thumb/v6-m/crtend.o
LOAD c:/st/stm32cubeide_1.1.0/stm32cubeide/plugins/com.st.stm32cube.ide.mcu.externaltools.gnu-tools-for-stm32.7-2018-q2-update.win32_1.0.0.201904181610/tools/bin/../lib/gcc/arm-none-eabi/7.3.1/thumb/v6-m/crtn.o
                0x0000000020004000                _estack = (ORIGIN (RAM) + LENGTH (RAM))
                0x0000000000000200                _Min_Heap_Size = 0x200
                0x0000000000000400                _Min_Stack_Size = 0x400

.isr_vector     0x0000000008000000       0xc0
                0x0000000008000000                . = ALIGN (0x4)
 *(.isr_vector)
 .isr_vector    0x0000000008000000       0xc0 Core/Startup/startup_stm32f072rbtx.o
                0x0000000008000000                g_pfnVectors
                0x00000000080000c0                . = ALIGN (0x4)

.text           0x00000000080000c0     0x7424
                0x00000000080000c0                . = ALIGN (0x4)
 *(.text)
 .text          0x00000000080000c0       0x48 c:/st/stm32cubeide_1.1.0/stm32cubeide/plugins/com.st.stm32cube.ide.mcu.externaltools.gnu-tools-for-stm32.7-2018-q2-update.win32_1.0.0.201904181610/tools/bin/../lib/gcc/arm-none-eabi/7.3.1/thumb/v6-m/crtbegin.o
 .text          0x0000000008000108      0x114 c:/st/stm32cubeide_1.1.0/stm32cubeide/plugins/com.st.stm32cube.ide.mcu.externaltools.gnu-tools-for-stm32.7-2018-q2-update.win32_1.0.0.201904181610/tools/bin/../lib/gcc/arm-none-eabi/7.3.1/thumb/v6-m\libgcc.a(_udivsi3.o)
                0x0000000008000108                __aeabi_uidiv
                0x0000000008000108                __udivsi3
                0x0000000008000214                __aeabi_uidivmod
 .text          0x000000000800021c        0x4 c:/st/stm32cubeide_1.1.0/stm32cubeide/plugins/com.st.stm32cube.ide.mcu.externaltools.gnu-tools-for-stm32.7-2018-q2-update.win32_1.0.0.201904181610/tools/bin/../lib/gcc/arm-none-eabi/7.3.1/thumb/v6-m\libgcc.a(_dvmd_tls.o)
                0x000000000800021c                __aeabi_idiv0
                0x000000000800021c                __aeabi_ldiv0
 *(.text*)
 .text.can_data_logger
                0x0000000008000220       0x54 Core/Src/data_streaming.o
                0x0000000008000220                can_data_logger
 .text.message_buffer_init
                0x0000000008000274       0x6c Core/Src/driver_user_if.o
                0x0000000008000274                message_buffer_init
 .text.enqueue  0x00000000080002e0       0x80 Core/Src/driver_user_if.o
                0x00000000080002e0                enqueue
 .text.dequeue  0x0000000008000360       0x6c Core/Src/driver_user_if.o
                0x0000000008000360                dequeue
 .text.CAN_Filter_Init
                0x00000000080003cc       0x74 Core/Src/driver_user_if.o
                0x00000000080003cc                CAN_Filter_Init
 .text.USB_Send
                0x0000000008000440       0x4c Core/Src/driver_user_if.o
                0x0000000008000440                USB_Send
 .text.HAL_CAN_TxMailbox0CompleteCallback
                0x000000000800048c       0x1c Core/Src/driver_user_if.o
                0x000000000800048c                HAL_CAN_TxMailbox0CompleteCallback
 .text.HAL_CAN_RxFifo0MsgPendingCallback
                0x00000000080004a8       0xa8 Core/Src/driver_user_if.o
                0x00000000080004a8                HAL_CAN_RxFifo0MsgPendingCallback
 .text.HAL_CAN_ErrorCallback
                0x0000000008000550       0x14 Core/Src/driver_user_if.o
                0x0000000008000550                HAL_CAN_ErrorCallback
 .text.USB_Receive_Callback
                0x0000000008000564       0x58 Core/Src/driver_user_if.o
                0x0000000008000564                USB_Receive_Callback
 .text.HAL_TIM_PeriodElapsedCallback
                0x00000000080005bc       0x30 Core/Src/driver_user_if.o
                0x00000000080005bc                HAL_TIM_PeriodElapsedCallback
 .text.main     0x00000000080005ec       0x50 Core/Src/main.o
                0x00000000080005ec                main
 .text.SystemClock_Config
                0x000000000800063c       0xa8 Core/Src/main.o
                0x000000000800063c                SystemClock_Config
 .text.MX_CAN_Init
                0x00000000080006e4       0x70 Core/Src/main.o
 .text.MX_TIM3_Init
                0x0000000008000754       0xac Core/Src/main.o
 .text.MX_GPIO_Init
                0x0000000008000800       0xe4 Core/Src/main.o
 .text.Error_Handler
                0x00000000080008e4        0xa Core/Src/main.o
                0x00000000080008e4                Error_Handler
 *fill*         0x00000000080008ee        0x2 
 .text.HAL_MspInit
                0x00000000080008f0       0x48 Core/Src/stm32f0xx_hal_msp.o
                0x00000000080008f0                HAL_MspInit
 .text.HAL_CAN_MspInit
                0x0000000008000938       0xac Core/Src/stm32f0xx_hal_msp.o
                0x0000000008000938                HAL_CAN_MspInit
 .text.HAL_TIM_Base_MspInit
                0x00000000080009e4       0x4c Core/Src/stm32f0xx_hal_msp.o
                0x00000000080009e4                HAL_TIM_Base_MspInit
 .text.NMI_Handler
                0x0000000008000a30        0xa Core/Src/stm32f0xx_it.o
                0x0000000008000a30                NMI_Handler
 .text.HardFault_Handler
                0x0000000008000a3a        0x6 Core/Src/stm32f0xx_it.o
                0x0000000008000a3a                HardFault_Handler
 .text.SVC_Handler
                0x0000000008000a40        0xa Core/Src/stm32f0xx_it.o
                0x0000000008000a40                SVC_Handler
 .text.PendSV_Handler
                0x0000000008000a4a        0xa Core/Src/stm32f0xx_it.o
                0x0000000008000a4a                PendSV_Handler
 .text.SysTick_Handler
                0x0000000008000a54        0xe Core/Src/stm32f0xx_it.o
                0x0000000008000a54                SysTick_Handler
 *fill*         0x0000000008000a62        0x2 
 .text.TIM3_IRQHandler
                0x0000000008000a64       0x18 Core/Src/stm32f0xx_it.o
                0x0000000008000a64                TIM3_IRQHandler
 .text.CEC_CAN_IRQHandler
                0x0000000008000a7c       0x18 Core/Src/stm32f0xx_it.o
                0x0000000008000a7c                CEC_CAN_IRQHandler
 .text.USB_IRQHandler
                0x0000000008000a94       0x18 Core/Src/stm32f0xx_it.o
                0x0000000008000a94                USB_IRQHandler
 .text.SystemInit
                0x0000000008000aac        0xa Core/Src/system_stm32f0xx.o
                0x0000000008000aac                SystemInit
 *fill*         0x0000000008000ab6        0x2 
 .text.Reset_Handler
                0x0000000008000ab8       0x50 Core/Startup/startup_stm32f072rbtx.o
                0x0000000008000ab8                Reset_Handler
 .text.Default_Handler
                0x0000000008000b08        0x2 Core/Startup/startup_stm32f072rbtx.o
                0x0000000008000b08                TIM1_CC_IRQHandler
                0x0000000008000b08                TSC_IRQHandler
                0x0000000008000b08                ADC1_COMP_IRQHandler
                0x0000000008000b08                I2C1_IRQHandler
                0x0000000008000b08                RCC_CRS_IRQHandler
                0x0000000008000b08                SPI1_IRQHandler
                0x0000000008000b08                TIM6_DAC_IRQHandler
                0x0000000008000b08                USART3_4_IRQHandler
                0x0000000008000b08                EXTI2_3_IRQHandler
                0x0000000008000b08                I2C2_IRQHandler
                0x0000000008000b08                TIM17_IRQHandler
                0x0000000008000b08                RTC_IRQHandler
                0x0000000008000b08                PVD_VDDIO2_IRQHandler
                0x0000000008000b08                DMA1_Channel4_5_6_7_IRQHandler
                0x0000000008000b08                TIM16_IRQHandler
                0x0000000008000b08                EXTI4_15_IRQHandler
                0x0000000008000b08                DMA1_Channel1_IRQHandler
                0x0000000008000b08                Default_Handler
                0x0000000008000b08                TIM14_IRQHandler
                0x0000000008000b08                TIM7_IRQHandler
                0x0000000008000b08                TIM15_IRQHandler
                0x0000000008000b08                EXTI0_1_IRQHandler
                0x0000000008000b08                SPI2_IRQHandler
                0x0000000008000b08                WWDG_IRQHandler
                0x0000000008000b08                TIM2_IRQHandler
                0x0000000008000b08                DMA1_Channel2_3_IRQHandler
                0x0000000008000b08                USART2_IRQHandler
                0x0000000008000b08                FLASH_IRQHandler
                0x0000000008000b08                USART1_IRQHandler
                0x0000000008000b08                TIM1_BRK_UP_TRG_COM_IRQHandler
 *fill*         0x0000000008000b0a        0x2 
 .text.HAL_Init
                0x0000000008000b0c       0x28 Drivers/STM32F0xx_HAL_Driver/Src/stm32f0xx_hal.o
                0x0000000008000b0c                HAL_Init
 .text.HAL_InitTick
                0x0000000008000b34       0x68 Drivers/STM32F0xx_HAL_Driver/Src/stm32f0xx_hal.o
                0x0000000008000b34                HAL_InitTick
 .text.HAL_IncTick
                0x0000000008000b9c       0x24 Drivers/STM32F0xx_HAL_Driver/Src/stm32f0xx_hal.o
                0x0000000008000b9c                HAL_IncTick
 .text.HAL_GetTick
                0x0000000008000bc0       0x14 Drivers/STM32F0xx_HAL_Driver/Src/stm32f0xx_hal.o
                0x0000000008000bc0                HAL_GetTick
 .text.HAL_Delay
                0x0000000008000bd4       0x44 Drivers/STM32F0xx_HAL_Driver/Src/stm32f0xx_hal.o
                0x0000000008000bd4                HAL_Delay
 .text.HAL_CAN_Init
                0x0000000008000c18      0x1fc Drivers/STM32F0xx_HAL_Driver/Src/stm32f0xx_hal_can.o
                0x0000000008000c18                HAL_CAN_Init
 .text.HAL_CAN_ConfigFilter
                0x0000000008000e14      0x1e4 Drivers/STM32F0xx_HAL_Driver/Src/stm32f0xx_hal_can.o
                0x0000000008000e14                HAL_CAN_ConfigFilter
 .text.HAL_CAN_Start
                0x0000000008000ff8       0x8c Drivers/STM32F0xx_HAL_Driver/Src/stm32f0xx_hal_can.o
                0x0000000008000ff8                HAL_CAN_Start
 .text.HAL_CAN_GetRxMessage
                0x0000000008001084      0x238 Drivers/STM32F0xx_HAL_Driver/Src/stm32f0xx_hal_can.o
                0x0000000008001084                HAL_CAN_GetRxMessage
 .text.HAL_CAN_ActivateNotification
                0x00000000080012bc       0x54 Drivers/STM32F0xx_HAL_Driver/Src/stm32f0xx_hal_can.o
                0x00000000080012bc                HAL_CAN_ActivateNotification
 .text.HAL_CAN_IRQHandler
                0x0000000008001310      0x362 Drivers/STM32F0xx_HAL_Driver/Src/stm32f0xx_hal_can.o
                0x0000000008001310                HAL_CAN_IRQHandler
 .text.HAL_CAN_TxMailbox1CompleteCallback
                0x0000000008001672       0x10 Drivers/STM32F0xx_HAL_Driver/Src/stm32f0xx_hal_can.o
                0x0000000008001672                HAL_CAN_TxMailbox1CompleteCallback
 .text.HAL_CAN_TxMailbox2CompleteCallback
                0x0000000008001682       0x10 Drivers/STM32F0xx_HAL_Driver/Src/stm32f0xx_hal_can.o
                0x0000000008001682                HAL_CAN_TxMailbox2CompleteCallback
 .text.HAL_CAN_TxMailbox0AbortCallback
                0x0000000008001692       0x10 Drivers/STM32F0xx_HAL_Driver/Src/stm32f0xx_hal_can.o
                0x0000000008001692                HAL_CAN_TxMailbox0AbortCallback
 .text.HAL_CAN_TxMailbox1AbortCallback
                0x00000000080016a2       0x10 Drivers/STM32F0xx_HAL_Driver/Src/stm32f0xx_hal_can.o
                0x00000000080016a2                HAL_CAN_TxMailbox1AbortCallback
 .text.HAL_CAN_TxMailbox2AbortCallback
                0x00000000080016b2       0x10 Drivers/STM32F0xx_HAL_Driver/Src/stm32f0xx_hal_can.o
                0x00000000080016b2                HAL_CAN_TxMailbox2AbortCallback
 .text.HAL_CAN_RxFifo0FullCallback
                0x00000000080016c2       0x10 Drivers/STM32F0xx_HAL_Driver/Src/stm32f0xx_hal_can.o
                0x00000000080016c2                HAL_CAN_RxFifo0FullCallback
 .text.HAL_CAN_RxFifo1MsgPendingCallback
                0x00000000080016d2       0x10 Drivers/STM32F0xx_HAL_Driver/Src/stm32f0xx_hal_can.o
                0x00000000080016d2                HAL_CAN_RxFifo1MsgPendingCallback
 .text.HAL_CAN_RxFifo1FullCallback
                0x00000000080016e2       0x10 Drivers/STM32F0xx_HAL_Driver/Src/stm32f0xx_hal_can.o
                0x00000000080016e2                HAL_CAN_RxFifo1FullCallback
 .text.HAL_CAN_SleepCallback
                0x00000000080016f2       0x10 Drivers/STM32F0xx_HAL_Driver/Src/stm32f0xx_hal_can.o
                0x00000000080016f2                HAL_CAN_SleepCallback
 .text.HAL_CAN_WakeUpFromRxMsgCallback
                0x0000000008001702       0x10 Drivers/STM32F0xx_HAL_Driver/Src/stm32f0xx_hal_can.o
                0x0000000008001702                HAL_CAN_WakeUpFromRxMsgCallback
 *fill*         0x0000000008001712        0x2 
 .text.__NVIC_EnableIRQ
                0x0000000008001714       0x34 Drivers/STM32F0xx_HAL_Driver/Src/stm32f0xx_hal_cortex.o
 .text.__NVIC_SetPriority
                0x0000000008001748       0xdc Drivers/STM32F0xx_HAL_Driver/Src/stm32f0xx_hal_cortex.o
 .text.SysTick_Config
                0x0000000008001824       0x48 Drivers/STM32F0xx_HAL_Driver/Src/stm32f0xx_hal_cortex.o
 .text.HAL_NVIC_SetPriority
                0x000000000800186c       0x2a Drivers/STM32F0xx_HAL_Driver/Src/stm32f0xx_hal_cortex.o
                0x000000000800186c                HAL_NVIC_SetPriority
 .text.HAL_NVIC_EnableIRQ
                0x0000000008001896       0x20 Drivers/STM32F0xx_HAL_Driver/Src/stm32f0xx_hal_cortex.o
                0x0000000008001896                HAL_NVIC_EnableIRQ
 .text.HAL_SYSTICK_Config
                0x00000000080018b6       0x1a Drivers/STM32F0xx_HAL_Driver/Src/stm32f0xx_hal_cortex.o
                0x00000000080018b6                HAL_SYSTICK_Config
 .text.HAL_GPIO_Init
                0x00000000080018d0      0x2f0 Drivers/STM32F0xx_HAL_Driver/Src/stm32f0xx_hal_gpio.o
                0x00000000080018d0                HAL_GPIO_Init
 .text.HAL_GPIO_WritePin
                0x0000000008001bc0       0x3a Drivers/STM32F0xx_HAL_Driver/Src/stm32f0xx_hal_gpio.o
                0x0000000008001bc0                HAL_GPIO_WritePin
 .text.HAL_GPIO_TogglePin
                0x0000000008001bfa       0x36 Drivers/STM32F0xx_HAL_Driver/Src/stm32f0xx_hal_gpio.o
                0x0000000008001bfa                HAL_GPIO_TogglePin
 .text.HAL_PCD_Init
                0x0000000008001c30      0x1c8 Drivers/STM32F0xx_HAL_Driver/Src/stm32f0xx_hal_pcd.o
                0x0000000008001c30                HAL_PCD_Init
 .text.HAL_PCD_Start
                0x0000000008001df8       0x4a Drivers/STM32F0xx_HAL_Driver/Src/stm32f0xx_hal_pcd.o
                0x0000000008001df8                HAL_PCD_Start
 *fill*         0x0000000008001e42        0x2 
 .text.HAL_PCD_IRQHandler
                0x0000000008001e44      0x310 Drivers/STM32F0xx_HAL_Driver/Src/stm32f0xx_hal_pcd.o
                0x0000000008001e44                HAL_PCD_IRQHandler
 .text.HAL_PCD_SetAddress
                0x0000000008002154       0x56 Drivers/STM32F0xx_HAL_Driver/Src/stm32f0xx_hal_pcd.o
                0x0000000008002154                HAL_PCD_SetAddress
 .text.HAL_PCD_EP_Open
                0x00000000080021aa       0xe4 Drivers/STM32F0xx_HAL_Driver/Src/stm32f0xx_hal_pcd.o
                0x00000000080021aa                HAL_PCD_EP_Open
 .text.HAL_PCD_EP_Close
                0x000000000800228e       0x96 Drivers/STM32F0xx_HAL_Driver/Src/stm32f0xx_hal_pcd.o
                0x000000000800228e                HAL_PCD_EP_Close
 .text.HAL_PCD_EP_Receive
                0x0000000008002324       0x82 Drivers/STM32F0xx_HAL_Driver/Src/stm32f0xx_hal_pcd.o
                0x0000000008002324                HAL_PCD_EP_Receive
 .text.HAL_PCD_EP_Transmit
                0x00000000080023a6       0x80 Drivers/STM32F0xx_HAL_Driver/Src/stm32f0xx_hal_pcd.o
                0x00000000080023a6                HAL_PCD_EP_Transmit
 .text.HAL_PCD_EP_SetStall
                0x0000000008002426       0xcc Drivers/STM32F0xx_HAL_Driver/Src/stm32f0xx_hal_pcd.o
                0x0000000008002426                HAL_PCD_EP_SetStall
 .text.HAL_PCD_EP_ClrStall
                0x00000000080024f2       0xb0 Drivers/STM32F0xx_HAL_Driver/Src/stm32f0xx_hal_pcd.o
                0x00000000080024f2                HAL_PCD_EP_ClrStall
 *fill*         0x00000000080025a2        0x2 
 .text.PCD_EP_ISR_Handler
                0x00000000080025a4      0x5a8 Drivers/STM32F0xx_HAL_Driver/Src/stm32f0xx_hal_pcd.o
 .text.HAL_PCDEx_PMAConfig
                0x0000000008002b4c       0x90 Drivers/STM32F0xx_HAL_Driver/Src/stm32f0xx_hal_pcd_ex.o
                0x0000000008002b4c                HAL_PCDEx_PMAConfig
 .text.HAL_PCDEx_ActivateLPM
                0x0000000008002bdc       0x54 Drivers/STM32F0xx_HAL_Driver/Src/stm32f0xx_hal_pcd_ex.o
                0x0000000008002bdc                HAL_PCDEx_ActivateLPM
 .text.HAL_PCDEx_LPM_Callback
                0x0000000008002c30       0x16 Drivers/STM32F0xx_HAL_Driver/Src/stm32f0xx_hal_pcd_ex.o
                0x0000000008002c30                HAL_PCDEx_LPM_Callback
 *fill*         0x0000000008002c46        0x2 
 .text.HAL_RCC_OscConfig
                0x0000000008002c48      0x70c Drivers/STM32F0xx_HAL_Driver/Src/stm32f0xx_hal_rcc.o
                0x0000000008002c48                HAL_RCC_OscConfig
 .text.HAL_RCC_ClockConfig
                0x0000000008003354      0x1b4 Drivers/STM32F0xx_HAL_Driver/Src/stm32f0xx_hal_rcc.o
                0x0000000008003354                HAL_RCC_ClockConfig
 .text.HAL_RCC_GetSysClockFreq
                0x0000000008003508       0xfc Drivers/STM32F0xx_HAL_Driver/Src/stm32f0xx_hal_rcc.o
                0x0000000008003508                HAL_RCC_GetSysClockFreq
 .text.HAL_RCCEx_PeriphCLKConfig
                0x0000000008003604      0x200 Drivers/STM32F0xx_HAL_Driver/Src/stm32f0xx_hal_rcc_ex.o
                0x0000000008003604                HAL_RCCEx_PeriphCLKConfig
 .text.HAL_TIM_Base_Init
                0x0000000008003804       0x58 Drivers/STM32F0xx_HAL_Driver/Src/stm32f0xx_hal_tim.o
                0x0000000008003804                HAL_TIM_Base_Init
 .text.HAL_TIM_IRQHandler
                0x000000000800385c      0x22c Drivers/STM32F0xx_HAL_Driver/Src/stm32f0xx_hal_tim.o
                0x000000000800385c                HAL_TIM_IRQHandler
 .text.HAL_TIM_ConfigClockSource
                0x0000000008003a88      0x17c Drivers/STM32F0xx_HAL_Driver/Src/stm32f0xx_hal_tim.o
                0x0000000008003a88                HAL_TIM_ConfigClockSource
 .text.HAL_TIM_OC_DelayElapsedCallback
                0x0000000008003c04       0x10 Drivers/STM32F0xx_HAL_Driver/Src/stm32f0xx_hal_tim.o
                0x0000000008003c04                HAL_TIM_OC_DelayElapsedCallback
 .text.HAL_TIM_IC_CaptureCallback
                0x0000000008003c14       0x10 Drivers/STM32F0xx_HAL_Driver/Src/stm32f0xx_hal_tim.o
                0x0000000008003c14                HAL_TIM_IC_CaptureCallback
 .text.HAL_TIM_PWM_PulseFinishedCallback
                0x0000000008003c24       0x10 Drivers/STM32F0xx_HAL_Driver/Src/stm32f0xx_hal_tim.o
                0x0000000008003c24                HAL_TIM_PWM_PulseFinishedCallback
 .text.HAL_TIM_TriggerCallback
                0x0000000008003c34       0x10 Drivers/STM32F0xx_HAL_Driver/Src/stm32f0xx_hal_tim.o
                0x0000000008003c34                HAL_TIM_TriggerCallback
 .text.TIM_Base_SetConfig
                0x0000000008003c44      0x100 Drivers/STM32F0xx_HAL_Driver/Src/stm32f0xx_hal_tim.o
                0x0000000008003c44                TIM_Base_SetConfig
 .text.TIM_TI1_ConfigInputStage
                0x0000000008003d44       0x5c Drivers/STM32F0xx_HAL_Driver/Src/stm32f0xx_hal_tim.o
 .text.TIM_TI2_ConfigInputStage
                0x0000000008003da0       0x64 Drivers/STM32F0xx_HAL_Driver/Src/stm32f0xx_hal_tim.o
 .text.TIM_ITRx_SetConfig
                0x0000000008003e04       0x32 Drivers/STM32F0xx_HAL_Driver/Src/stm32f0xx_hal_tim.o
 *fill*         0x0000000008003e36        0x2 
 .text.TIM_ETR_SetConfig
                0x0000000008003e38       0x40 Drivers/STM32F0xx_HAL_Driver/Src/stm32f0xx_hal_tim.o
                0x0000000008003e38                TIM_ETR_SetConfig
 .text.HAL_TIMEx_MasterConfigSynchronization
                0x0000000008003e78       0xbc Drivers/STM32F0xx_HAL_Driver/Src/stm32f0xx_hal_tim_ex.o
                0x0000000008003e78                HAL_TIMEx_MasterConfigSynchronization
 .text.HAL_TIMEx_CommutCallback
                0x0000000008003f34       0x10 Drivers/STM32F0xx_HAL_Driver/Src/stm32f0xx_hal_tim_ex.o
                0x0000000008003f34                HAL_TIMEx_CommutCallback
 .text.HAL_TIMEx_BreakCallback
                0x0000000008003f44       0x10 Drivers/STM32F0xx_HAL_Driver/Src/stm32f0xx_hal_tim_ex.o
                0x0000000008003f44                HAL_TIMEx_BreakCallback
 .text.USB_EnableGlobalInt
                0x0000000008003f54       0x34 Drivers/STM32F0xx_HAL_Driver/Src/stm32f0xx_ll_usb.o
                0x0000000008003f54                USB_EnableGlobalInt
 .text.USB_DisableGlobalInt
                0x0000000008003f88       0x40 Drivers/STM32F0xx_HAL_Driver/Src/stm32f0xx_ll_usb.o
                0x0000000008003f88                USB_DisableGlobalInt
 .text.USB_DevInit
                0x0000000008003fc8       0x60 Drivers/STM32F0xx_HAL_Driver/Src/stm32f0xx_ll_usb.o
                0x0000000008003fc8                USB_DevInit
 .text.USB_ActivateEndpoint
                0x0000000008004028      0x5f0 Drivers/STM32F0xx_HAL_Driver/Src/stm32f0xx_ll_usb.o
                0x0000000008004028                USB_ActivateEndpoint
 .text.USB_DeactivateEndpoint
                0x0000000008004618      0x2ec Drivers/STM32F0xx_HAL_Driver/Src/stm32f0xx_ll_usb.o
                0x0000000008004618                USB_DeactivateEndpoint
 .text.USB_EPStartXfer
                0x0000000008004904      0x5a4 Drivers/STM32F0xx_HAL_Driver/Src/stm32f0xx_ll_usb.o
                0x0000000008004904                USB_EPStartXfer
 .text.USB_EPSetStall
                0x0000000008004ea8       0x84 Drivers/STM32F0xx_HAL_Driver/Src/stm32f0xx_ll_usb.o
                0x0000000008004ea8                USB_EPSetStall
 .text.USB_EPClearStall
                0x0000000008004f2c      0x124 Drivers/STM32F0xx_HAL_Driver/Src/stm32f0xx_ll_usb.o
                0x0000000008004f2c                USB_EPClearStall
 .text.USB_SetDevAddress
                0x0000000008005050       0x28 Drivers/STM32F0xx_HAL_Driver/Src/stm32f0xx_ll_usb.o
                0x0000000008005050                USB_SetDevAddress
 .text.USB_DevConnect
                0x0000000008005078       0x2c Drivers/STM32F0xx_HAL_Driver/Src/stm32f0xx_ll_usb.o
                0x0000000008005078                USB_DevConnect
 .text.USB_ReadInterrupts
                0x00000000080050a4       0x1c Drivers/STM32F0xx_HAL_Driver/Src/stm32f0xx_ll_usb.o
                0x00000000080050a4                USB_ReadInterrupts
 .text.USB_EP0_OutStart
                0x00000000080050c0       0x14 Drivers/STM32F0xx_HAL_Driver/Src/stm32f0xx_ll_usb.o
                0x00000000080050c0                USB_EP0_OutStart
 .text.USB_WritePMA
                0x00000000080050d4       0x86 Drivers/STM32F0xx_HAL_Driver/Src/stm32f0xx_ll_usb.o
                0x00000000080050d4                USB_WritePMA
 .text.USB_ReadPMA
                0x000000000800515a       0x9e Drivers/STM32F0xx_HAL_Driver/Src/stm32f0xx_ll_usb.o
                0x000000000800515a                USB_ReadPMA
 .text.USBD_CUSTOM_HID_Init
                0x00000000080051f8       0x9c Middlewares/ST/STM32_USB_Device_Library/Class/CustomHID/Src/usbd_customhid.o
 .text.USBD_CUSTOM_HID_DeInit
                0x0000000008005294       0x6c Middlewares/ST/STM32_USB_Device_Library/Class/CustomHID/Src/usbd_customhid.o
 .text.USBD_CUSTOM_HID_Setup
                0x0000000008005300      0x21c Middlewares/ST/STM32_USB_Device_Library/Class/CustomHID/Src/usbd_customhid.o
 .text.USBD_CUSTOM_HID_SendReport
                0x000000000800551c       0x54 Middlewares/ST/STM32_USB_Device_Library/Class/CustomHID/Src/usbd_customhid.o
                0x000000000800551c                USBD_CUSTOM_HID_SendReport
 .text.USBD_CUSTOM_HID_GetFSCfgDesc
                0x0000000008005570       0x1c Middlewares/ST/STM32_USB_Device_Library/Class/CustomHID/Src/usbd_customhid.o
 .text.USBD_CUSTOM_HID_GetHSCfgDesc
                0x000000000800558c       0x1c Middlewares/ST/STM32_USB_Device_Library/Class/CustomHID/Src/usbd_customhid.o
 .text.USBD_CUSTOM_HID_GetOtherSpeedCfgDesc
                0x00000000080055a8       0x1c Middlewares/ST/STM32_USB_Device_Library/Class/CustomHID/Src/usbd_customhid.o
 .text.USBD_CUSTOM_HID_DataIn
                0x00000000080055c4       0x26 Middlewares/ST/STM32_USB_Device_Library/Class/CustomHID/Src/usbd_customhid.o
 .text.USBD_CUSTOM_HID_DataOut
                0x00000000080055ea       0x44 Middlewares/ST/STM32_USB_Device_Library/Class/CustomHID/Src/usbd_customhid.o
 .text.USBD_CUSTOM_HID_EP0_RxReady
                0x000000000800562e       0x40 Middlewares/ST/STM32_USB_Device_Library/Class/CustomHID/Src/usbd_customhid.o
 *fill*         0x000000000800566e        0x2 
 .text.USBD_CUSTOM_HID_GetDeviceQualifierDesc
                0x0000000008005670       0x1c Middlewares/ST/STM32_USB_Device_Library/Class/CustomHID/Src/usbd_customhid.o
 .text.USBD_CUSTOM_HID_RegisterInterface
                0x000000000800568c       0x38 Middlewares/ST/STM32_USB_Device_Library/Class/CustomHID/Src/usbd_customhid.o
                0x000000000800568c                USBD_CUSTOM_HID_RegisterInterface
 .text.USBD_Init
                0x00000000080056c4       0x62 Middlewares/ST/STM32_USB_Device_Library/Core/Src/usbd_core.o
                0x00000000080056c4                USBD_Init
 .text.USBD_RegisterClass
                0x0000000008005726       0x42 Middlewares/ST/STM32_USB_Device_Library/Core/Src/usbd_core.o
                0x0000000008005726                USBD_RegisterClass
 .text.USBD_Start
                0x0000000008005768       0x1a Middlewares/ST/STM32_USB_Device_Library/Core/Src/usbd_core.o
                0x0000000008005768                USBD_Start
 .text.USBD_RunTestMode
                0x0000000008005782       0x12 Middlewares/ST/STM32_USB_Device_Library/Core/Src/usbd_core.o
                0x0000000008005782                USBD_RunTestMode
 .text.USBD_SetClassConfig
                0x0000000008005794       0x50 Middlewares/ST/STM32_USB_Device_Library/Core/Src/usbd_core.o
                0x0000000008005794                USBD_SetClassConfig
 .text.USBD_ClrClassConfig
                0x00000000080057e4       0x2c Middlewares/ST/STM32_USB_Device_Library/Core/Src/usbd_core.o
                0x00000000080057e4                USBD_ClrClassConfig
 .text.USBD_LL_SetupStage
                0x0000000008005810       0xb8 Middlewares/ST/STM32_USB_Device_Library/Core/Src/usbd_core.o
                0x0000000008005810                USBD_LL_SetupStage
 .text.USBD_LL_DataOutStage
                0x00000000080058c8      0x104 Middlewares/ST/STM32_USB_Device_Library/Core/Src/usbd_core.o
                0x00000000080058c8                USBD_LL_DataOutStage
 .text.USBD_LL_DataInStage
                0x00000000080059cc      0x17a Middlewares/ST/STM32_USB_Device_Library/Core/Src/usbd_core.o
                0x00000000080059cc                USBD_LL_DataInStage
 .text.USBD_LL_Reset
                0x0000000008005b46       0x90 Middlewares/ST/STM32_USB_Device_Library/Core/Src/usbd_core.o
                0x0000000008005b46                USBD_LL_Reset
 .text.USBD_LL_SetSpeed
                0x0000000008005bd6       0x20 Middlewares/ST/STM32_USB_Device_Library/Core/Src/usbd_core.o
                0x0000000008005bd6                USBD_LL_SetSpeed
 *fill*         0x0000000008005bf6        0x2 
 .text.USBD_LL_Suspend
                0x0000000008005bf8       0x30 Middlewares/ST/STM32_USB_Device_Library/Core/Src/usbd_core.o
                0x0000000008005bf8                USBD_LL_Suspend
 .text.USBD_LL_Resume
                0x0000000008005c28       0x30 Middlewares/ST/STM32_USB_Device_Library/Core/Src/usbd_core.o
                0x0000000008005c28                USBD_LL_Resume
 .text.USBD_LL_SOF
                0x0000000008005c58       0x3c Middlewares/ST/STM32_USB_Device_Library/Core/Src/usbd_core.o
                0x0000000008005c58                USBD_LL_SOF
 .text.USBD_StdDevReq
                0x0000000008005c94       0xe4 Middlewares/ST/STM32_USB_Device_Library/Core/Src/usbd_ctlreq.o
                0x0000000008005c94                USBD_StdDevReq
 .text.USBD_StdItfReq
                0x0000000008005d78       0xae Middlewares/ST/STM32_USB_Device_Library/Core/Src/usbd_ctlreq.o
                0x0000000008005d78                USBD_StdItfReq
 .text.USBD_StdEPReq
                0x0000000008005e26      0x37c Middlewares/ST/STM32_USB_Device_Library/Core/Src/usbd_ctlreq.o
                0x0000000008005e26                USBD_StdEPReq
 *fill*         0x00000000080061a2        0x2 
 .text.USBD_GetDescriptor
                0x00000000080061a4      0x368 Middlewares/ST/STM32_USB_Device_Library/Core/Src/usbd_ctlreq.o
 .text.USBD_SetAddress
                0x000000000800650c       0xa8 Middlewares/ST/STM32_USB_Device_Library/Core/Src/usbd_ctlreq.o
 .text.USBD_SetConfig
                0x00000000080065b4      0x148 Middlewares/ST/STM32_USB_Device_Library/Core/Src/usbd_ctlreq.o
 .text.USBD_GetConfig
                0x00000000080066fc       0x74 Middlewares/ST/STM32_USB_Device_Library/Core/Src/usbd_ctlreq.o
 .text.USBD_GetStatus
                0x0000000008006770       0x74 Middlewares/ST/STM32_USB_Device_Library/Core/Src/usbd_ctlreq.o
 .text.USBD_SetFeature
                0x00000000080067e4       0x2c Middlewares/ST/STM32_USB_Device_Library/Core/Src/usbd_ctlreq.o
 .text.USBD_ClrFeature
                0x0000000008006810       0x4c Middlewares/ST/STM32_USB_Device_Library/Core/Src/usbd_ctlreq.o
 .text.USBD_ParseSetupRequest
                0x000000000800685c       0x76 Middlewares/ST/STM32_USB_Device_Library/Core/Src/usbd_ctlreq.o
                0x000000000800685c                USBD_ParseSetupRequest
 .text.USBD_CtlError
                0x00000000080068d2       0x26 Middlewares/ST/STM32_USB_Device_Library/Core/Src/usbd_ctlreq.o
                0x00000000080068d2                USBD_CtlError
 .text.USBD_GetString
                0x00000000080068f8       0x9e Middlewares/ST/STM32_USB_Device_Library/Core/Src/usbd_ctlreq.o
                0x00000000080068f8                USBD_GetString
 .text.USBD_GetLen
                0x0000000008006996       0x3a Middlewares/ST/STM32_USB_Device_Library/Core/Src/usbd_ctlreq.o
 .text.USBD_CtlSendData
                0x00000000080069d0       0x40 Middlewares/ST/STM32_USB_Device_Library/Core/Src/usbd_ioreq.o
                0x00000000080069d0                USBD_CtlSendData
 .text.USBD_CtlContinueSendData
                0x0000000008006a10       0x26 Middlewares/ST/STM32_USB_Device_Library/Core/Src/usbd_ioreq.o
                0x0000000008006a10                USBD_CtlContinueSendData
 .text.USBD_CtlPrepareRx
                0x0000000008006a36       0x48 Middlewares/ST/STM32_USB_Device_Library/Core/Src/usbd_ioreq.o
                0x0000000008006a36                USBD_CtlPrepareRx
 .text.USBD_CtlContinueRx
                0x0000000008006a7e       0x26 Middlewares/ST/STM32_USB_Device_Library/Core/Src/usbd_ioreq.o
                0x0000000008006a7e                USBD_CtlContinueRx
 .text.USBD_CtlSendStatus
                0x0000000008006aa4       0x28 Middlewares/ST/STM32_USB_Device_Library/Core/Src/usbd_ioreq.o
                0x0000000008006aa4                USBD_CtlSendStatus
 .text.USBD_CtlReceiveStatus
                0x0000000008006acc       0x28 Middlewares/ST/STM32_USB_Device_Library/Core/Src/usbd_ioreq.o
                0x0000000008006acc                USBD_CtlReceiveStatus
 .text.MX_USB_DEVICE_Init
                0x0000000008006af4       0x68 USB_DEVICE/App/usb_device.o
                0x0000000008006af4                MX_USB_DEVICE_Init
 .text.CUSTOM_HID_Init_FS
                0x0000000008006b5c        0xc USB_DEVICE/App/usbd_custom_hid_if.o
 .text.CUSTOM_HID_DeInit_FS
                0x0000000008006b68        0xc USB_DEVICE/App/usbd_custom_hid_if.o
 .text.CUSTOM_HID_OutEvent_FS
                0x0000000008006b74       0x2c USB_DEVICE/App/usbd_custom_hid_if.o
 .text.USBD_FS_DeviceDescriptor
                0x0000000008006ba0       0x24 USB_DEVICE/App/usbd_desc.o
                0x0000000008006ba0                USBD_FS_DeviceDescriptor
 .text.USBD_FS_LangIDStrDescriptor
                0x0000000008006bc4       0x24 USB_DEVICE/App/usbd_desc.o
                0x0000000008006bc4                USBD_FS_LangIDStrDescriptor
 .text.USBD_FS_ProductStrDescriptor
                0x0000000008006be8       0x44 USB_DEVICE/App/usbd_desc.o
                0x0000000008006be8                USBD_FS_ProductStrDescriptor
 .text.USBD_FS_ManufacturerStrDescriptor
                0x0000000008006c2c       0x2c USB_DEVICE/App/usbd_desc.o
                0x0000000008006c2c                USBD_FS_ManufacturerStrDescriptor
 .text.USBD_FS_SerialStrDescriptor
                0x0000000008006c58       0x28 USB_DEVICE/App/usbd_desc.o
                0x0000000008006c58                USBD_FS_SerialStrDescriptor
 .text.USBD_FS_ConfigStrDescriptor
                0x0000000008006c80       0x44 USB_DEVICE/App/usbd_desc.o
                0x0000000008006c80                USBD_FS_ConfigStrDescriptor
 .text.USBD_FS_InterfaceStrDescriptor
                0x0000000008006cc4       0x44 USB_DEVICE/App/usbd_desc.o
                0x0000000008006cc4                USBD_FS_InterfaceStrDescriptor
 .text.Get_SerialNum
                0x0000000008006d08       0x5c USB_DEVICE/App/usbd_desc.o
 .text.IntToUnicode
                0x0000000008006d64       0x94 USB_DEVICE/App/usbd_desc.o
 .text.HAL_PCD_MspInit
                0x0000000008006df8       0x50 USB_DEVICE/Target/usbd_conf.o
                0x0000000008006df8                HAL_PCD_MspInit
 .text.HAL_PCD_SetupStageCallback
                0x0000000008006e48       0x2a USB_DEVICE/Target/usbd_conf.o
                0x0000000008006e48                HAL_PCD_SetupStageCallback
 .text.HAL_PCD_DataOutStageCallback
                0x0000000008006e72       0x3a USB_DEVICE/Target/usbd_conf.o
                0x0000000008006e72                HAL_PCD_DataOutStageCallback
 .text.HAL_PCD_DataInStageCallback
                0x0000000008006eac       0x36 USB_DEVICE/Target/usbd_conf.o
                0x0000000008006eac                HAL_PCD_DataInStageCallback
 .text.HAL_PCD_SOFCallback
                0x0000000008006ee2       0x1e USB_DEVICE/Target/usbd_conf.o
                0x0000000008006ee2                HAL_PCD_SOFCallback
 .text.HAL_PCD_ResetCallback
                0x0000000008006f00       0x48 USB_DEVICE/Target/usbd_conf.o
                0x0000000008006f00                HAL_PCD_ResetCallback
 .text.HAL_PCD_SuspendCallback
                0x0000000008006f48       0x38 USB_DEVICE/Target/usbd_conf.o
                0x0000000008006f48                HAL_PCD_SuspendCallback
 .text.HAL_PCD_ResumeCallback
                0x0000000008006f80       0x3c USB_DEVICE/Target/usbd_conf.o
                0x0000000008006f80                HAL_PCD_ResumeCallback
 .text.USBD_LL_Init
                0x0000000008006fbc       0xb0 USB_DEVICE/Target/usbd_conf.o
                0x0000000008006fbc                USBD_LL_Init
 .text.USBD_LL_Start
                0x000000000800706c       0x4c USB_DEVICE/Target/usbd_conf.o
                0x000000000800706c                USBD_LL_Start
 .text.USBD_LL_OpenEP
                0x00000000080070b8       0x6e USB_DEVICE/Target/usbd_conf.o
                0x00000000080070b8                USBD_LL_OpenEP
 .text.USBD_LL_CloseEP
                0x0000000008007126       0x58 USB_DEVICE/Target/usbd_conf.o
                0x0000000008007126                USBD_LL_CloseEP
 .text.USBD_LL_StallEP
                0x000000000800717e       0x58 USB_DEVICE/Target/usbd_conf.o
                0x000000000800717e                USBD_LL_StallEP
 .text.USBD_LL_ClearStallEP
                0x00000000080071d6       0x58 USB_DEVICE/Target/usbd_conf.o
                0x00000000080071d6                USBD_LL_ClearStallEP
 .text.USBD_LL_IsStallEP
                0x000000000800722e       0x56 USB_DEVICE/Target/usbd_conf.o
                0x000000000800722e                USBD_LL_IsStallEP
 .text.USBD_LL_SetUSBAddress
                0x0000000008007284       0x58 USB_DEVICE/Target/usbd_conf.o
                0x0000000008007284                USBD_LL_SetUSBAddress
 .text.USBD_LL_Transmit
                0x00000000080072dc       0x70 USB_DEVICE/Target/usbd_conf.o
                0x00000000080072dc                USBD_LL_Transmit
 .text.USBD_LL_PrepareReceive
                0x000000000800734c       0x70 USB_DEVICE/Target/usbd_conf.o
                0x000000000800734c                USBD_LL_PrepareReceive
 .text.USBD_static_malloc
                0x00000000080073bc       0x18 USB_DEVICE/Target/usbd_conf.o
                0x00000000080073bc                USBD_static_malloc
 .text.USBD_static_free
                0x00000000080073d4       0x10 USB_DEVICE/Target/usbd_conf.o
                0x00000000080073d4                USBD_static_free
 .text.SystemClockConfig_Resume
                0x00000000080073e4        0xe USB_DEVICE/Target/usbd_conf.o
 .text.USBD_Get_USB_Status
                0x00000000080073f2       0x6e USB_DEVICE/Target/usbd_conf.o
 .text.__libc_init_array
                0x0000000008007460       0x48 c:/st/stm32cubeide_1.1.0/stm32cubeide/plugins/com.st.stm32cube.ide.mcu.externaltools.gnu-tools-for-stm32.7-2018-q2-update.win32_1.0.0.201904181610/tools/bin/../lib/gcc/arm-none-eabi/7.3.1/../../../../arm-none-eabi/lib/thumb/v6-m\libc_nano.a(lib_a-init.o)
                0x0000000008007460                __libc_init_array
 .text.memcpy   0x00000000080074a8       0x12 c:/st/stm32cubeide_1.1.0/stm32cubeide/plugins/com.st.stm32cube.ide.mcu.externaltools.gnu-tools-for-stm32.7-2018-q2-update.win32_1.0.0.201904181610/tools/bin/../lib/gcc/arm-none-eabi/7.3.1/../../../../arm-none-eabi/lib/thumb/v6-m\libc_nano.a(lib_a-memcpy-stub.o)
                0x00000000080074a8                memcpy
 .text.memset   0x00000000080074ba       0x10 c:/st/stm32cubeide_1.1.0/stm32cubeide/plugins/com.st.stm32cube.ide.mcu.externaltools.gnu-tools-for-stm32.7-2018-q2-update.win32_1.0.0.201904181610/tools/bin/../lib/gcc/arm-none-eabi/7.3.1/../../../../arm-none-eabi/lib/thumb/v6-m\libc_nano.a(lib_a-memset.o)
                0x00000000080074ba                memset
 *(.glue_7)
 .glue_7        0x00000000080074ca        0x0 linker stubs
 *(.glue_7t)
 .glue_7t       0x00000000080074ca        0x0 linker stubs
 *(.eh_frame)
 *fill*         0x00000000080074ca        0x2 
 .eh_frame      0x00000000080074cc        0x0 c:/st/stm32cubeide_1.1.0/stm32cubeide/plugins/com.st.stm32cube.ide.mcu.externaltools.gnu-tools-for-stm32.7-2018-q2-update.win32_1.0.0.201904181610/tools/bin/../lib/gcc/arm-none-eabi/7.3.1/thumb/v6-m/crtbegin.o
 *(.init)
 .init          0x00000000080074cc        0x4 c:/st/stm32cubeide_1.1.0/stm32cubeide/plugins/com.st.stm32cube.ide.mcu.externaltools.gnu-tools-for-stm32.7-2018-q2-update.win32_1.0.0.201904181610/tools/bin/../lib/gcc/arm-none-eabi/7.3.1/thumb/v6-m/crti.o
                0x00000000080074cc                _init
 .init          0x00000000080074d0        0x8 c:/st/stm32cubeide_1.1.0/stm32cubeide/plugins/com.st.stm32cube.ide.mcu.externaltools.gnu-tools-for-stm32.7-2018-q2-update.win32_1.0.0.201904181610/tools/bin/../lib/gcc/arm-none-eabi/7.3.1/thumb/v6-m/crtn.o
 *(.fini)
 .fini          0x00000000080074d8        0x4 c:/st/stm32cubeide_1.1.0/stm32cubeide/plugins/com.st.stm32cube.ide.mcu.externaltools.gnu-tools-for-stm32.7-2018-q2-update.win32_1.0.0.201904181610/tools/bin/../lib/gcc/arm-none-eabi/7.3.1/thumb/v6-m/crti.o
                0x00000000080074d8                _fini
 .fini          0x00000000080074dc        0x8 c:/st/stm32cubeide_1.1.0/stm32cubeide/plugins/com.st.stm32cube.ide.mcu.externaltools.gnu-tools-for-stm32.7-2018-q2-update.win32_1.0.0.201904181610/tools/bin/../lib/gcc/arm-none-eabi/7.3.1/thumb/v6-m/crtn.o
                0x00000000080074e4                . = ALIGN (0x4)
                0x00000000080074e4                _etext = .

.vfp11_veneer   0x00000000080074e4        0x0
 .vfp11_veneer  0x00000000080074e4        0x0 linker stubs

.v4_bx          0x00000000080074e4        0x0
 .v4_bx         0x00000000080074e4        0x0 linker stubs

.iplt           0x00000000080074e4        0x0
 .iplt          0x00000000080074e4        0x0 c:/st/stm32cubeide_1.1.0/stm32cubeide/plugins/com.st.stm32cube.ide.mcu.externaltools.gnu-tools-for-stm32.7-2018-q2-update.win32_1.0.0.201904181610/tools/bin/../lib/gcc/arm-none-eabi/7.3.1/thumb/v6-m/crtbegin.o

.rodata         0x00000000080074e4      0x104
                0x00000000080074e4                . = ALIGN (0x4)
 *(.rodata)
 .rodata        0x00000000080074e4       0x20 Drivers/STM32F0xx_HAL_Driver/Src/stm32f0xx_hal_rcc.o
 .rodata        0x0000000008007504       0x41 USB_DEVICE/App/usbd_desc.o
 *(.rodata*)
 *fill*         0x0000000008007545        0x3 
 .rodata.AHBPrescTable
                0x0000000008007548       0x10 Core/Src/system_stm32f0xx.o
                0x0000000008007548                AHBPrescTable
 .rodata.USBD_CUSTOM_HID_Setup
                0x0000000008007558       0x30 Middlewares/ST/STM32_USB_Device_Library/Class/CustomHID/Src/usbd_customhid.o
 .rodata.USBD_StdDevReq
                0x0000000008007588       0x28 Middlewares/ST/STM32_USB_Device_Library/Core/Src/usbd_ctlreq.o
 .rodata.USBD_GetDescriptor
                0x00000000080075b0       0x38 Middlewares/ST/STM32_USB_Device_Library/Core/Src/usbd_ctlreq.o
                0x00000000080075e8                . = ALIGN (0x4)

.rel.dyn        0x00000000080075e8        0x0
 .rel.iplt      0x00000000080075e8        0x0 c:/st/stm32cubeide_1.1.0/stm32cubeide/plugins/com.st.stm32cube.ide.mcu.externaltools.gnu-tools-for-stm32.7-2018-q2-update.win32_1.0.0.201904181610/tools/bin/../lib/gcc/arm-none-eabi/7.3.1/thumb/v6-m/crtbegin.o

.ARM.extab      0x00000000080075e8        0x0
                0x00000000080075e8                . = ALIGN (0x4)
 *(.ARM.extab* .gnu.linkonce.armextab.*)
                0x00000000080075e8                . = ALIGN (0x4)

.ARM            0x00000000080075e8        0x0
                0x00000000080075e8                . = ALIGN (0x4)
                0x00000000080075e8                __exidx_start = .
 *(.ARM.exidx*)
                0x00000000080075e8                __exidx_end = .
                0x00000000080075e8                . = ALIGN (0x4)

.preinit_array  0x00000000080075e8        0x0
                0x00000000080075e8                . = ALIGN (0x4)
                0x00000000080075e8                PROVIDE (__preinit_array_start = .)
 *(.preinit_array*)
                0x00000000080075e8                PROVIDE (__preinit_array_end = .)
                0x00000000080075e8                . = ALIGN (0x4)

.init_array     0x00000000080075e8        0x4
                0x00000000080075e8                . = ALIGN (0x4)
                0x00000000080075e8                PROVIDE (__init_array_start = .)
 *(SORT_BY_NAME(.init_array.*))
 *(.init_array*)
 .init_array    0x00000000080075e8        0x4 c:/st/stm32cubeide_1.1.0/stm32cubeide/plugins/com.st.stm32cube.ide.mcu.externaltools.gnu-tools-for-stm32.7-2018-q2-update.win32_1.0.0.201904181610/tools/bin/../lib/gcc/arm-none-eabi/7.3.1/thumb/v6-m/crtbegin.o
                0x00000000080075ec                PROVIDE (__init_array_end = .)
                0x00000000080075ec                . = ALIGN (0x4)

.fini_array     0x00000000080075ec        0x4
                0x00000000080075ec                . = ALIGN (0x4)
                [!provide]                        PROVIDE (__fini_array_start = .)
 *(SORT_BY_NAME(.fini_array.*))
 *(.fini_array*)
 .fini_array    0x00000000080075ec        0x4 c:/st/stm32cubeide_1.1.0/stm32cubeide/plugins/com.st.stm32cube.ide.mcu.externaltools.gnu-tools-for-stm32.7-2018-q2-update.win32_1.0.0.201904181610/tools/bin/../lib/gcc/arm-none-eabi/7.3.1/thumb/v6-m/crtbegin.o
                [!provide]                        PROVIDE (__fini_array_end = .)
                0x00000000080075f0                . = ALIGN (0x4)
                0x00000000080075f0                _sidata = LOADADDR (.data)

.data           0x0000000020000000      0x164 load address 0x00000000080075f0
                0x0000000020000000                . = ALIGN (0x4)
                0x0000000020000000                _sdata = .
 *(.data)
 *(.data*)
 .data.SystemCoreClock
                0x0000000020000000        0x4 Core/Src/system_stm32f0xx.o
                0x0000000020000000                SystemCoreClock
 .data.uwTickPrio
                0x0000000020000004        0x4 Drivers/STM32F0xx_HAL_Driver/Src/stm32f0xx_hal.o
                0x0000000020000004                uwTickPrio
 .data.uwTickFreq
                0x0000000020000008        0x1 Drivers/STM32F0xx_HAL_Driver/Src/stm32f0xx_hal.o
                0x0000000020000008                uwTickFreq
 *fill*         0x0000000020000009        0x3 
 .data.USBD_CUSTOM_HID
                0x000000002000000c       0x38 Middlewares/ST/STM32_USB_Device_Library/Class/CustomHID/Src/usbd_customhid.o
                0x000000002000000c                USBD_CUSTOM_HID
 .data.USBD_CUSTOM_HID_CfgFSDesc
                0x0000000020000044       0x29 Middlewares/ST/STM32_USB_Device_Library/Class/CustomHID/Src/usbd_customhid.o
 *fill*         0x000000002000006d        0x3 
 .data.USBD_CUSTOM_HID_CfgHSDesc
                0x0000000020000070       0x29 Middlewares/ST/STM32_USB_Device_Library/Class/CustomHID/Src/usbd_customhid.o
 *fill*         0x0000000020000099        0x3 
 .data.USBD_CUSTOM_HID_OtherSpeedCfgDesc
                0x000000002000009c       0x29 Middlewares/ST/STM32_USB_Device_Library/Class/CustomHID/Src/usbd_customhid.o
 *fill*         0x00000000200000c5        0x3 
 .data.USBD_CUSTOM_HID_Desc
                0x00000000200000c8        0x9 Middlewares/ST/STM32_USB_Device_Library/Class/CustomHID/Src/usbd_customhid.o
 *fill*         0x00000000200000d1        0x3 
 .data.USBD_CUSTOM_HID_DeviceQualifierDesc
                0x00000000200000d4        0xa Middlewares/ST/STM32_USB_Device_Library/Class/CustomHID/Src/usbd_customhid.o
 *fill*         0x00000000200000de        0x2 
 .data.CUSTOM_HID_ReportDesc_FS
                0x00000000200000e0       0x21 USB_DEVICE/App/usbd_custom_hid_if.o
 *fill*         0x0000000020000101        0x3 
 .data.USBD_CustomHID_fops_FS
                0x0000000020000104       0x10 USB_DEVICE/App/usbd_custom_hid_if.o
                0x0000000020000104                USBD_CustomHID_fops_FS
 .data.FS_Desc  0x0000000020000114       0x1c USB_DEVICE/App/usbd_desc.o
                0x0000000020000114                FS_Desc
 .data.USBD_FS_DeviceDesc
                0x0000000020000130       0x12 USB_DEVICE/App/usbd_desc.o
                0x0000000020000130                USBD_FS_DeviceDesc
 *fill*         0x0000000020000142        0x2 
 .data.USBD_LangIDDesc
                0x0000000020000144        0x4 USB_DEVICE/App/usbd_desc.o
                0x0000000020000144                USBD_LangIDDesc
 .data.USBD_StringSerial
                0x0000000020000148       0x1a USB_DEVICE/App/usbd_desc.o
                0x0000000020000148                USBD_StringSerial
                0x0000000020000164                . = ALIGN (0x4)
 *fill*         0x0000000020000162        0x2 
                0x0000000020000164                _edata = .

.igot.plt       0x0000000020000164        0x0 load address 0x0000000008007754
 .igot.plt      0x0000000020000164        0x0 c:/st/stm32cubeide_1.1.0/stm32cubeide/plugins/com.st.stm32cube.ide.mcu.externaltools.gnu-tools-for-stm32.7-2018-q2-update.win32_1.0.0.201904181610/tools/bin/../lib/gcc/arm-none-eabi/7.3.1/thumb/v6-m/crtbegin.o
                0x0000000020000164                . = ALIGN (0x4)

.bss            0x0000000020000164      0xaa8 load address 0x0000000008007754
                0x0000000020000164                _sbss = .
                0x0000000020000164                __bss_start__ = _sbss
 *(.bss)
 .bss           0x0000000020000164       0x1c c:/st/stm32cubeide_1.1.0/stm32cubeide/plugins/com.st.stm32cube.ide.mcu.externaltools.gnu-tools-for-stm32.7-2018-q2-update.win32_1.0.0.201904181610/tools/bin/../lib/gcc/arm-none-eabi/7.3.1/thumb/v6-m/crtbegin.o
 *(.bss*)
 .bss.tx_cnt    0x0000000020000180        0x4 Core/Src/data_streaming.o
                0x0000000020000180                tx_cnt
 .bss.can_tx_complete
                0x0000000020000184        0x1 Core/Src/driver_user_if.o
 *fill*         0x0000000020000185        0x1 
 .bss.tim3_cnt  0x0000000020000186        0x2 Core/Src/driver_user_if.o
 .bss.sFilterConfig
                0x0000000020000188       0x28 Core/Src/driver_user_if.o
 .bss.can_rx_hd
                0x00000000200001b0       0x1c Core/Src/driver_user_if.o
 .bss.pre_queue
                0x00000000200001cc       0x40 Core/Src/driver_user_if.o
 .bss.pre_q     0x000000002000020c        0x4 Core/Src/driver_user_if.o
 .bss.pre_q_cnt
                0x0000000020000210        0x1 Core/Src/driver_user_if.o
 *fill*         0x0000000020000211        0x3 
 .bss.rx_cnt    0x0000000020000214        0x4 Core/Src/driver_user_if.o
                0x0000000020000214                rx_cnt
 .bss.cfgidx.8470
                0x0000000020000218        0x1 Middlewares/ST/STM32_USB_Device_Library/Core/Src/usbd_ctlreq.o
 *fill*         0x0000000020000219        0x3 
 .bss.mem.8524  0x000000002000021c       0x58 USB_DEVICE/Target/usbd_conf.o
 *(COMMON)
 COMMON         0x0000000020000274       0x44 Core/Src/data_streaming.o
                0x0000000020000274                usb_q_buf
 COMMON         0x00000000200002b8      0x1b0 Core/Src/driver_user_if.o
                0x00000000200002b8                can_rx_buf
                0x00000000200002c8                usb_tx_buf
                0x000000002000030c                Q
                0x0000000020000410                can_tx_buf
                0x0000000020000420                g_usb_rx_complete
                0x0000000020000421                g_can_rx_complete
                0x0000000020000424                usb_rx_buf
 COMMON         0x0000000020000468       0x68 Core/Src/main.o
                0x0000000020000468                hcan
                0x0000000020000490                htim3
 COMMON         0x00000000200004d0        0x4 Drivers/STM32F0xx_HAL_Driver/Src/stm32f0xx_hal.o
                0x00000000200004d0                uwTick
 COMMON         0x00000000200004d4      0x2c4 USB_DEVICE/App/usb_device.o
                0x00000000200004d4                hUsbDeviceFS
 COMMON         0x0000000020000798      0x200 USB_DEVICE/App/usbd_desc.o
                0x0000000020000798                USBD_StrDesc
 COMMON         0x0000000020000998      0x274 USB_DEVICE/Target/usbd_conf.o
                0x0000000020000998                hpcd_USB_FS
                0x0000000020000c0c                . = ALIGN (0x4)
                0x0000000020000c0c                _ebss = .
                0x0000000020000c0c                __bss_end__ = _ebss

._user_heap_stack
                0x0000000020000c0c      0x604 load address 0x0000000008007754
                0x0000000020000c10                . = ALIGN (0x8)
 *fill*         0x0000000020000c0c        0x4 
                0x0000000020000c10                PROVIDE (end = .)
                [!provide]                        PROVIDE (_end = .)
                0x0000000020000e10                . = (. + _Min_Heap_Size)
 *fill*         0x0000000020000c10      0x200 
                0x0000000020001210                . = (. + _Min_Stack_Size)
 *fill*         0x0000000020000e10      0x400 
                0x0000000020001210                . = ALIGN (0x8)

/DISCARD/
 libc.a(*)
 libm.a(*)
 libgcc.a(*)

.ARM.attributes
                0x0000000000000000       0x28
 *(.ARM.attributes)
 .ARM.attributes
                0x0000000000000000       0x1e c:/st/stm32cubeide_1.1.0/stm32cubeide/plugins/com.st.stm32cube.ide.mcu.externaltools.gnu-tools-for-stm32.7-2018-q2-update.win32_1.0.0.201904181610/tools/bin/../lib/gcc/arm-none-eabi/7.3.1/thumb/v6-m/crti.o
 .ARM.attributes
                0x000000000000001e       0x2c c:/st/stm32cubeide_1.1.0/stm32cubeide/plugins/com.st.stm32cube.ide.mcu.externaltools.gnu-tools-for-stm32.7-2018-q2-update.win32_1.0.0.201904181610/tools/bin/../lib/gcc/arm-none-eabi/7.3.1/thumb/v6-m/crtbegin.o
 .ARM.attributes
                0x000000000000004a       0x31 Core/Src/data_streaming.o
 .ARM.attributes
                0x000000000000007b       0x31 Core/Src/driver_user_if.o
 .ARM.attributes
                0x00000000000000ac       0x31 Core/Src/main.o
 .ARM.attributes
                0x00000000000000dd       0x31 Core/Src/stm32f0xx_hal_msp.o
 .ARM.attributes
                0x000000000000010e       0x31 Core/Src/stm32f0xx_it.o
 .ARM.attributes
                0x000000000000013f       0x31 Core/Src/system_stm32f0xx.o
 .ARM.attributes
                0x0000000000000170       0x21 Core/Startup/startup_stm32f072rbtx.o
 .ARM.attributes
                0x0000000000000191       0x31 Drivers/STM32F0xx_HAL_Driver/Src/stm32f0xx_hal.o
 .ARM.attributes
                0x00000000000001c2       0x31 Drivers/STM32F0xx_HAL_Driver/Src/stm32f0xx_hal_can.o
 .ARM.attributes
                0x00000000000001f3       0x31 Drivers/STM32F0xx_HAL_Driver/Src/stm32f0xx_hal_cortex.o
 .ARM.attributes
                0x0000000000000224       0x31 Drivers/STM32F0xx_HAL_Driver/Src/stm32f0xx_hal_gpio.o
 .ARM.attributes
                0x0000000000000255       0x31 Drivers/STM32F0xx_HAL_Driver/Src/stm32f0xx_hal_pcd.o
 .ARM.attributes
                0x0000000000000286       0x31 Drivers/STM32F0xx_HAL_Driver/Src/stm32f0xx_hal_pcd_ex.o
 .ARM.attributes
                0x00000000000002b7       0x31 Drivers/STM32F0xx_HAL_Driver/Src/stm32f0xx_hal_rcc.o
 .ARM.attributes
                0x00000000000002e8       0x31 Drivers/STM32F0xx_HAL_Driver/Src/stm32f0xx_hal_rcc_ex.o
 .ARM.attributes
                0x0000000000000319       0x31 Drivers/STM32F0xx_HAL_Driver/Src/stm32f0xx_hal_tim.o
 .ARM.attributes
                0x000000000000034a       0x31 Drivers/STM32F0xx_HAL_Driver/Src/stm32f0xx_hal_tim_ex.o
 .ARM.attributes
                0x000000000000037b       0x31 Drivers/STM32F0xx_HAL_Driver/Src/stm32f0xx_ll_usb.o
 .ARM.attributes
                0x00000000000003ac       0x31 Middlewares/ST/STM32_USB_Device_Library/Class/CustomHID/Src/usbd_customhid.o
 .ARM.attributes
                0x00000000000003dd       0x31 Middlewares/ST/STM32_USB_Device_Library/Core/Src/usbd_core.o
 .ARM.attributes
                0x000000000000040e       0x31 Middlewares/ST/STM32_USB_Device_Library/Core/Src/usbd_ctlreq.o
 .ARM.attributes
                0x000000000000043f       0x31 Middlewares/ST/STM32_USB_Device_Library/Core/Src/usbd_ioreq.o
 .ARM.attributes
                0x0000000000000470       0x31 USB_DEVICE/App/usb_device.o
 .ARM.attributes
                0x00000000000004a1       0x31 USB_DEVICE/App/usbd_custom_hid_if.o
 .ARM.attributes
                0x00000000000004d2       0x31 USB_DEVICE/App/usbd_desc.o
 .ARM.attributes
                0x0000000000000503       0x31 USB_DEVICE/Target/usbd_conf.o
 .ARM.attributes
                0x0000000000000534       0x2c c:/st/stm32cubeide_1.1.0/stm32cubeide/plugins/com.st.stm32cube.ide.mcu.externaltools.gnu-tools-for-stm32.7-2018-q2-update.win32_1.0.0.201904181610/tools/bin/../lib/gcc/arm-none-eabi/7.3.1/../../../../arm-none-eabi/lib/thumb/v6-m\libc_nano.a(lib_a-init.o)
 .ARM.attributes
                0x0000000000000560       0x2c c:/st/stm32cubeide_1.1.0/stm32cubeide/plugins/com.st.stm32cube.ide.mcu.externaltools.gnu-tools-for-stm32.7-2018-q2-update.win32_1.0.0.201904181610/tools/bin/../lib/gcc/arm-none-eabi/7.3.1/../../../../arm-none-eabi/lib/thumb/v6-m\libc_nano.a(lib_a-memcpy-stub.o)
 .ARM.attributes
                0x000000000000058c       0x2c c:/st/stm32cubeide_1.1.0/stm32cubeide/plugins/com.st.stm32cube.ide.mcu.externaltools.gnu-tools-for-stm32.7-2018-q2-update.win32_1.0.0.201904181610/tools/bin/../lib/gcc/arm-none-eabi/7.3.1/../../../../arm-none-eabi/lib/thumb/v6-m\libc_nano.a(lib_a-memset.o)
 .ARM.attributes
                0x00000000000005b8       0x1e c:/st/stm32cubeide_1.1.0/stm32cubeide/plugins/com.st.stm32cube.ide.mcu.externaltools.gnu-tools-for-stm32.7-2018-q2-update.win32_1.0.0.201904181610/tools/bin/../lib/gcc/arm-none-eabi/7.3.1/thumb/v6-m\libgcc.a(_udivsi3.o)
 .ARM.attributes
                0x00000000000005d6       0x1e c:/st/stm32cubeide_1.1.0/stm32cubeide/plugins/com.st.stm32cube.ide.mcu.externaltools.gnu-tools-for-stm32.7-2018-q2-update.win32_1.0.0.201904181610/tools/bin/../lib/gcc/arm-none-eabi/7.3.1/thumb/v6-m\libgcc.a(_dvmd_tls.o)
 .ARM.attributes
                0x00000000000005f4       0x1e c:/st/stm32cubeide_1.1.0/stm32cubeide/plugins/com.st.stm32cube.ide.mcu.externaltools.gnu-tools-for-stm32.7-2018-q2-update.win32_1.0.0.201904181610/tools/bin/../lib/gcc/arm-none-eabi/7.3.1/thumb/v6-m/crtn.o
OUTPUT(usb_can_sniffer.elf elf32-littlearm)

.debug_info     0x0000000000000000    0x1a671
 .debug_info    0x0000000000000000      0xfe8 Core/Src/data_streaming.o
 .debug_info    0x0000000000000fe8     0x1d48 Core/Src/driver_user_if.o
 .debug_info    0x0000000000002d30     0x1c31 Core/Src/main.o
 .debug_info    0x0000000000004961     0x170a Core/Src/stm32f0xx_hal_msp.o
 .debug_info    0x000000000000606b     0x1819 Core/Src/stm32f0xx_it.o
 .debug_info    0x0000000000007884      0x29e Core/Src/system_stm32f0xx.o
 .debug_info    0x0000000000007b22       0x22 Core/Startup/startup_stm32f072rbtx.o
 .debug_info    0x0000000000007b44      0x6c0 Drivers/STM32F0xx_HAL_Driver/Src/stm32f0xx_hal.o
 .debug_info    0x0000000000008204      0xf1e Drivers/STM32F0xx_HAL_Driver/Src/stm32f0xx_hal_can.o
 .debug_info    0x0000000000009122      0x78c Drivers/STM32F0xx_HAL_Driver/Src/stm32f0xx_hal_cortex.o
 .debug_info    0x00000000000098ae      0x67a Drivers/STM32F0xx_HAL_Driver/Src/stm32f0xx_hal_gpio.o
 .debug_info    0x0000000000009f28      0xe67 Drivers/STM32F0xx_HAL_Driver/Src/stm32f0xx_hal_pcd.o
 .debug_info    0x000000000000ad8f      0x880 Drivers/STM32F0xx_HAL_Driver/Src/stm32f0xx_hal_pcd_ex.o
 .debug_info    0x000000000000b60f      0x82d Drivers/STM32F0xx_HAL_Driver/Src/stm32f0xx_hal_rcc.o
 .debug_info    0x000000000000be3c      0x677 Drivers/STM32F0xx_HAL_Driver/Src/stm32f0xx_hal_rcc_ex.o
 .debug_info    0x000000000000c4b3     0x252c Drivers/STM32F0xx_HAL_Driver/Src/stm32f0xx_hal_tim.o
 .debug_info    0x000000000000e9df     0x10f0 Drivers/STM32F0xx_HAL_Driver/Src/stm32f0xx_hal_tim_ex.o
 .debug_info    0x000000000000facf     0x1508 Drivers/STM32F0xx_HAL_Driver/Src/stm32f0xx_ll_usb.o
 .debug_info    0x0000000000010fd7     0x13c0 Middlewares/ST/STM32_USB_Device_Library/Class/CustomHID/Src/usbd_customhid.o
 .debug_info    0x0000000000012397     0x1337 Middlewares/ST/STM32_USB_Device_Library/Core/Src/usbd_core.o
 .debug_info    0x00000000000136ce     0x12a7 Middlewares/ST/STM32_USB_Device_Library/Core/Src/usbd_ctlreq.o
 .debug_info    0x0000000000014975     0x1098 Middlewares/ST/STM32_USB_Device_Library/Core/Src/usbd_ioreq.o
 .debug_info    0x0000000000015a0d      0xfbb USB_DEVICE/App/usb_device.o
 .debug_info    0x00000000000169c8     0x1028 USB_DEVICE/App/usbd_custom_hid_if.o
 .debug_info    0x00000000000179f0      0xe7c USB_DEVICE/App/usbd_desc.o
 .debug_info    0x000000000001886c     0x1e05 USB_DEVICE/Target/usbd_conf.o

.debug_abbrev   0x0000000000000000     0x3753
 .debug_abbrev  0x0000000000000000      0x1fc Core/Src/data_streaming.o
 .debug_abbrev  0x00000000000001fc      0x2e7 Core/Src/driver_user_if.o
 .debug_abbrev  0x00000000000004e3      0x2a1 Core/Src/main.o
 .debug_abbrev  0x0000000000000784      0x242 Core/Src/stm32f0xx_hal_msp.o
 .debug_abbrev  0x00000000000009c6      0x205 Core/Src/stm32f0xx_it.o
 .debug_abbrev  0x0000000000000bcb      0x12b Core/Src/system_stm32f0xx.o
 .debug_abbrev  0x0000000000000cf6       0x12 Core/Startup/startup_stm32f072rbtx.o
 .debug_abbrev  0x0000000000000d08      0x1c7 Drivers/STM32F0xx_HAL_Driver/Src/stm32f0xx_hal.o
 .debug_abbrev  0x0000000000000ecf      0x1b7 Drivers/STM32F0xx_HAL_Driver/Src/stm32f0xx_hal_can.o
 .debug_abbrev  0x0000000000001086      0x273 Drivers/STM32F0xx_HAL_Driver/Src/stm32f0xx_hal_cortex.o
 .debug_abbrev  0x00000000000012f9      0x1c0 Drivers/STM32F0xx_HAL_Driver/Src/stm32f0xx_hal_gpio.o
 .debug_abbrev  0x00000000000014b9      0x27d Drivers/STM32F0xx_HAL_Driver/Src/stm32f0xx_hal_pcd.o
 .debug_abbrev  0x0000000000001736      0x1eb Drivers/STM32F0xx_HAL_Driver/Src/stm32f0xx_hal_pcd_ex.o
 .debug_abbrev  0x0000000000001921      0x20f Drivers/STM32F0xx_HAL_Driver/Src/stm32f0xx_hal_rcc.o
 .debug_abbrev  0x0000000000001b30      0x1a7 Drivers/STM32F0xx_HAL_Driver/Src/stm32f0xx_hal_rcc_ex.o
 .debug_abbrev  0x0000000000001cd7      0x230 Drivers/STM32F0xx_HAL_Driver/Src/stm32f0xx_hal_tim.o
 .debug_abbrev  0x0000000000001f07      0x21e Drivers/STM32F0xx_HAL_Driver/Src/stm32f0xx_hal_tim_ex.o
 .debug_abbrev  0x0000000000002125      0x239 Drivers/STM32F0xx_HAL_Driver/Src/stm32f0xx_ll_usb.o
 .debug_abbrev  0x000000000000235e      0x2b1 Middlewares/ST/STM32_USB_Device_Library/Class/CustomHID/Src/usbd_customhid.o
 .debug_abbrev  0x000000000000260f      0x29b Middlewares/ST/STM32_USB_Device_Library/Core/Src/usbd_core.o
 .debug_abbrev  0x00000000000028aa      0x2cb Middlewares/ST/STM32_USB_Device_Library/Core/Src/usbd_ctlreq.o
 .debug_abbrev  0x0000000000002b75      0x20b Middlewares/ST/STM32_USB_Device_Library/Core/Src/usbd_ioreq.o
 .debug_abbrev  0x0000000000002d80      0x1e9 USB_DEVICE/App/usb_device.o
 .debug_abbrev  0x0000000000002f69      0x220 USB_DEVICE/App/usbd_custom_hid_if.o
 .debug_abbrev  0x0000000000003189      0x2bb USB_DEVICE/App/usbd_desc.o
 .debug_abbrev  0x0000000000003444      0x30f USB_DEVICE/Target/usbd_conf.o

.debug_aranges  0x0000000000000000     0x1138
 .debug_aranges
                0x0000000000000000       0x20 Core/Src/data_streaming.o
 .debug_aranges
                0x0000000000000020       0x78 Core/Src/driver_user_if.o
 .debug_aranges
                0x0000000000000098       0x48 Core/Src/main.o
 .debug_aranges
                0x00000000000000e0       0x40 Core/Src/stm32f0xx_hal_msp.o
 .debug_aranges
                0x0000000000000120       0x58 Core/Src/stm32f0xx_it.o
 .debug_aranges
                0x0000000000000178       0x28 Core/Src/system_stm32f0xx.o
 .debug_aranges
                0x00000000000001a0       0x28 Core/Startup/startup_stm32f072rbtx.o
 .debug_aranges
                0x00000000000001c8       0xd0 Drivers/STM32F0xx_HAL_Driver/Src/stm32f0xx_hal.o
 .debug_aranges
                0x0000000000000298      0x138 Drivers/STM32F0xx_HAL_Driver/Src/stm32f0xx_hal_can.o
 .debug_aranges
                0x00000000000003d0       0xc0 Drivers/STM32F0xx_HAL_Driver/Src/stm32f0xx_hal_cortex.o
 .debug_aranges
                0x0000000000000490       0x58 Drivers/STM32F0xx_HAL_Driver/Src/stm32f0xx_hal_gpio.o
 .debug_aranges
                0x00000000000004e8      0x120 Drivers/STM32F0xx_HAL_Driver/Src/stm32f0xx_hal_pcd.o
 .debug_aranges
                0x0000000000000608       0x58 Drivers/STM32F0xx_HAL_Driver/Src/stm32f0xx_hal_pcd_ex.o
 .debug_aranges
                0x0000000000000660       0x80 Drivers/STM32F0xx_HAL_Driver/Src/stm32f0xx_hal_rcc.o
 .debug_aranges
                0x00000000000006e0       0x78 Drivers/STM32F0xx_HAL_Driver/Src/stm32f0xx_hal_rcc_ex.o
 .debug_aranges
                0x0000000000000758      0x3b8 Drivers/STM32F0xx_HAL_Driver/Src/stm32f0xx_hal_tim.o
 .debug_aranges
                0x0000000000000b10      0x150 Drivers/STM32F0xx_HAL_Driver/Src/stm32f0xx_hal_tim_ex.o
 .debug_aranges
                0x0000000000000c60      0x108 Drivers/STM32F0xx_HAL_Driver/Src/stm32f0xx_ll_usb.o
 .debug_aranges
                0x0000000000000d68       0x78 Middlewares/ST/STM32_USB_Device_Library/Class/CustomHID/Src/usbd_customhid.o
 .debug_aranges
                0x0000000000000de0       0xb8 Middlewares/ST/STM32_USB_Device_Library/Core/Src/usbd_core.o
 .debug_aranges
                0x0000000000000e98       0x88 Middlewares/ST/STM32_USB_Device_Library/Core/Src/usbd_ctlreq.o
 .debug_aranges
                0x0000000000000f20       0x50 Middlewares/ST/STM32_USB_Device_Library/Core/Src/usbd_ioreq.o
 .debug_aranges
                0x0000000000000f70       0x20 USB_DEVICE/App/usb_device.o
 .debug_aranges
                0x0000000000000f90       0x30 USB_DEVICE/App/usbd_custom_hid_if.o
 .debug_aranges
                0x0000000000000fc0       0x60 USB_DEVICE/App/usbd_desc.o
 .debug_aranges
                0x0000000000001020      0x118 USB_DEVICE/Target/usbd_conf.o

.debug_ranges   0x0000000000000000      0xfa0
 .debug_ranges  0x0000000000000000       0x10 Core/Src/data_streaming.o
 .debug_ranges  0x0000000000000010       0x68 Core/Src/driver_user_if.o
 .debug_ranges  0x0000000000000078       0x38 Core/Src/main.o
 .debug_ranges  0x00000000000000b0       0x30 Core/Src/stm32f0xx_hal_msp.o
 .debug_ranges  0x00000000000000e0       0x48 Core/Src/stm32f0xx_it.o
 .debug_ranges  0x0000000000000128       0x18 Core/Src/system_stm32f0xx.o
 .debug_ranges  0x0000000000000140       0x20 Core/Startup/startup_stm32f072rbtx.o
 .debug_ranges  0x0000000000000160       0xc0 Drivers/STM32F0xx_HAL_Driver/Src/stm32f0xx_hal.o
 .debug_ranges  0x0000000000000220      0x128 Drivers/STM32F0xx_HAL_Driver/Src/stm32f0xx_hal_can.o
 .debug_ranges  0x0000000000000348       0xb0 Drivers/STM32F0xx_HAL_Driver/Src/stm32f0xx_hal_cortex.o
 .debug_ranges  0x00000000000003f8       0x48 Drivers/STM32F0xx_HAL_Driver/Src/stm32f0xx_hal_gpio.o
 .debug_ranges  0x0000000000000440      0x110 Drivers/STM32F0xx_HAL_Driver/Src/stm32f0xx_hal_pcd.o
 .debug_ranges  0x0000000000000550       0x48 Drivers/STM32F0xx_HAL_Driver/Src/stm32f0xx_hal_pcd_ex.o
 .debug_ranges  0x0000000000000598       0x70 Drivers/STM32F0xx_HAL_Driver/Src/stm32f0xx_hal_rcc.o
 .debug_ranges  0x0000000000000608       0x68 Drivers/STM32F0xx_HAL_Driver/Src/stm32f0xx_hal_rcc_ex.o
 .debug_ranges  0x0000000000000670      0x3a8 Drivers/STM32F0xx_HAL_Driver/Src/stm32f0xx_hal_tim.o
 .debug_ranges  0x0000000000000a18      0x140 Drivers/STM32F0xx_HAL_Driver/Src/stm32f0xx_hal_tim_ex.o
 .debug_ranges  0x0000000000000b58       0xf8 Drivers/STM32F0xx_HAL_Driver/Src/stm32f0xx_ll_usb.o
 .debug_ranges  0x0000000000000c50       0x68 Middlewares/ST/STM32_USB_Device_Library/Class/CustomHID/Src/usbd_customhid.o
 .debug_ranges  0x0000000000000cb8       0xa8 Middlewares/ST/STM32_USB_Device_Library/Core/Src/usbd_core.o
 .debug_ranges  0x0000000000000d60       0x78 Middlewares/ST/STM32_USB_Device_Library/Core/Src/usbd_ctlreq.o
 .debug_ranges  0x0000000000000dd8       0x40 Middlewares/ST/STM32_USB_Device_Library/Core/Src/usbd_ioreq.o
 .debug_ranges  0x0000000000000e18       0x10 USB_DEVICE/App/usb_device.o
 .debug_ranges  0x0000000000000e28       0x20 USB_DEVICE/App/usbd_custom_hid_if.o
 .debug_ranges  0x0000000000000e48       0x50 USB_DEVICE/App/usbd_desc.o
 .debug_ranges  0x0000000000000e98      0x108 USB_DEVICE/Target/usbd_conf.o

.debug_macro    0x0000000000000000    0x1a125
 .debug_macro   0x0000000000000000      0x41c Core/Src/data_streaming.o
 .debug_macro   0x000000000000041c      0xa48 Core/Src/data_streaming.o
 .debug_macro   0x0000000000000e64      0x139 Core/Src/data_streaming.o
 .debug_macro   0x0000000000000f9d       0x2e Core/Src/data_streaming.o
 .debug_macro   0x0000000000000fcb       0x22 Core/Src/data_streaming.o
 .debug_macro   0x0000000000000fed       0x22 Core/Src/data_streaming.o
 .debug_macro   0x000000000000100f       0x8e Core/Src/data_streaming.o
 .debug_macro   0x000000000000109d       0x51 Core/Src/data_streaming.o
 .debug_macro   0x00000000000010ee       0xef Core/Src/data_streaming.o
 .debug_macro   0x00000000000011dd       0x6a Core/Src/data_streaming.o
 .debug_macro   0x0000000000001247      0x1df Core/Src/data_streaming.o
 .debug_macro   0x0000000000001426       0x1c Core/Src/data_streaming.o
 .debug_macro   0x0000000000001442       0x22 Core/Src/data_streaming.o
 .debug_macro   0x0000000000001464       0xb5 Core/Src/data_streaming.o
 .debug_macro   0x0000000000001519      0x391 Core/Src/data_streaming.o
 .debug_macro   0x00000000000018aa     0xfe50 Core/Src/data_streaming.o
 .debug_macro   0x00000000000116fa       0x3c Core/Src/data_streaming.o
 .debug_macro   0x0000000000011736      0x174 Core/Src/data_streaming.o
 .debug_macro   0x00000000000118aa       0x53 Core/Src/data_streaming.o
 .debug_macro   0x00000000000118fd      0x946 Core/Src/data_streaming.o
 .debug_macro   0x0000000000012243      0x5f3 Core/Src/data_streaming.o
 .debug_macro   0x0000000000012836      0x12f Core/Src/data_streaming.o
 .debug_macro   0x0000000000012965      0x1a7 Core/Src/data_streaming.o
 .debug_macro   0x0000000000012b0c      0x1a7 Core/Src/data_streaming.o
 .debug_macro   0x0000000000012cb3      0x22c Core/Src/data_streaming.o
 .debug_macro   0x0000000000012edf       0x34 Core/Src/data_streaming.o
 .debug_macro   0x0000000000012f13       0x43 Core/Src/data_streaming.o
 .debug_macro   0x0000000000012f56       0x28 Core/Src/data_streaming.o
 .debug_macro   0x0000000000012f7e      0x408 Core/Src/data_streaming.o
 .debug_macro   0x0000000000013386       0xb0 Core/Src/data_streaming.o
 .debug_macro   0x0000000000013436      0x217 Core/Src/data_streaming.o
 .debug_macro   0x000000000001364d      0x22c Core/Src/data_streaming.o
 .debug_macro   0x0000000000013879       0x5f Core/Src/data_streaming.o
 .debug_macro   0x00000000000138d8       0xa5 Core/Src/data_streaming.o
 .debug_macro   0x000000000001397d       0x65 Core/Src/data_streaming.o
 .debug_macro   0x00000000000139e2      0x234 Core/Src/data_streaming.o
 .debug_macro   0x0000000000013c16       0x4c Core/Src/data_streaming.o
 .debug_macro   0x0000000000013c62      0x16d Core/Src/data_streaming.o
 .debug_macro   0x0000000000013dcf      0x8ae Core/Src/data_streaming.o
 .debug_macro   0x000000000001467d       0x28 Core/Src/data_streaming.o
 .debug_macro   0x00000000000146a5      0x130 Core/Src/data_streaming.o
 .debug_macro   0x00000000000147d5       0x46 Core/Src/data_streaming.o
 .debug_macro   0x000000000001481b       0x18 Core/Src/data_streaming.o
 .debug_macro   0x0000000000014833       0x3c Core/Src/data_streaming.o
 .debug_macro   0x000000000001486f       0x34 Core/Src/data_streaming.o
 .debug_macro   0x00000000000148a3       0x16 Core/Src/data_streaming.o
 .debug_macro   0x00000000000148b9       0x35 Core/Src/data_streaming.o
 .debug_macro   0x00000000000148ee      0x32a Core/Src/data_streaming.o
 .debug_macro   0x0000000000014c18       0x10 Core/Src/data_streaming.o
 .debug_macro   0x0000000000014c28       0x52 Core/Src/data_streaming.o
 .debug_macro   0x0000000000014c7a       0x1f Core/Src/data_streaming.o
 .debug_macro   0x0000000000014c99       0x43 Core/Src/data_streaming.o
 .debug_macro   0x0000000000014cdc       0x20 Core/Src/data_streaming.o
 .debug_macro   0x0000000000014cfc      0x1a3 Core/Src/data_streaming.o
 .debug_macro   0x0000000000014e9f       0x10 Core/Src/data_streaming.o
 .debug_macro   0x0000000000014eaf       0x1c Core/Src/data_streaming.o
 .debug_macro   0x0000000000014ecb       0x52 Core/Src/data_streaming.o
 .debug_macro   0x0000000000014f1d       0x40 Core/Src/data_streaming.o
 .debug_macro   0x0000000000014f5d       0x10 Core/Src/data_streaming.o
 .debug_macro   0x0000000000014f6d       0x40 Core/Src/data_streaming.o
 .debug_macro   0x0000000000014fad       0xd7 Core/Src/data_streaming.o
 .debug_macro   0x0000000000015084       0x1c Core/Src/data_streaming.o
 .debug_macro   0x00000000000150a0       0x3d Core/Src/data_streaming.o
 .debug_macro   0x00000000000150dd       0x16 Core/Src/data_streaming.o
 .debug_macro   0x00000000000150f3      0x145 Core/Src/data_streaming.o
 .debug_macro   0x0000000000015238       0x16 Core/Src/data_streaming.o
 .debug_macro   0x000000000001524e       0x16 Core/Src/data_streaming.o
 .debug_macro   0x0000000000015264       0x29 Core/Src/data_streaming.o
 .debug_macro   0x000000000001528d       0x16 Core/Src/data_streaming.o
 .debug_macro   0x00000000000152a3       0x20 Core/Src/data_streaming.o
 .debug_macro   0x00000000000152c3       0x65 Core/Src/data_streaming.o
 .debug_macro   0x0000000000015328      0x1c8 Core/Src/data_streaming.o
 .debug_macro   0x00000000000154f0       0x22 Core/Src/data_streaming.o
 .debug_macro   0x0000000000015512       0x10 Core/Src/data_streaming.o
 .debug_macro   0x0000000000015522       0x65 Core/Src/data_streaming.o
 .debug_macro   0x0000000000015587      0x41c Core/Src/driver_user_if.o
 .debug_macro   0x00000000000159a3      0x3e1 Core/Src/main.o
 .debug_macro   0x0000000000015d84      0x3e1 Core/Src/stm32f0xx_hal_msp.o
 .debug_macro   0x0000000000016165      0x3eb Core/Src/stm32f0xx_it.o
 .debug_macro   0x0000000000016550      0x1d3 Core/Src/system_stm32f0xx.o
 .debug_macro   0x0000000000016723      0x1f7 Drivers/STM32F0xx_HAL_Driver/Src/stm32f0xx_hal.o
 .debug_macro   0x000000000001691a      0x1db Drivers/STM32F0xx_HAL_Driver/Src/stm32f0xx_hal_can.o
 .debug_macro   0x0000000000016af5      0x1d3 Drivers/STM32F0xx_HAL_Driver/Src/stm32f0xx_hal_cortex.o
 .debug_macro   0x0000000000016cc8      0x20b Drivers/STM32F0xx_HAL_Driver/Src/stm32f0xx_hal_gpio.o
 .debug_macro   0x0000000000016ed3      0x1df Drivers/STM32F0xx_HAL_Driver/Src/stm32f0xx_hal_pcd.o
 .debug_macro   0x00000000000170b2      0x1d3 Drivers/STM32F0xx_HAL_Driver/Src/stm32f0xx_hal_pcd_ex.o
 .debug_macro   0x0000000000017285      0x1e5 Drivers/STM32F0xx_HAL_Driver/Src/stm32f0xx_hal_rcc.o
 .debug_macro   0x000000000001746a      0x1e5 Drivers/STM32F0xx_HAL_Driver/Src/stm32f0xx_hal_rcc_ex.o
 .debug_macro   0x000000000001764f      0x1d4 Drivers/STM32F0xx_HAL_Driver/Src/stm32f0xx_hal_tim.o
 .debug_macro   0x0000000000017823      0x1d3 Drivers/STM32F0xx_HAL_Driver/Src/stm32f0xx_hal_tim_ex.o
 .debug_macro   0x00000000000179f6      0x1d3 Drivers/STM32F0xx_HAL_Driver/Src/stm32f0xx_ll_usb.o
 .debug_macro   0x0000000000017bc9      0x416 Middlewares/ST/STM32_USB_Device_Library/Class/CustomHID/Src/usbd_customhid.o
 .debug_macro   0x0000000000017fdf       0x97 Middlewares/ST/STM32_USB_Device_Library/Class/CustomHID/Src/usbd_customhid.o
 .debug_macro   0x0000000000018076       0xfd Middlewares/ST/STM32_USB_Device_Library/Class/CustomHID/Src/usbd_customhid.o
 .debug_macro   0x0000000000018173       0xaf Middlewares/ST/STM32_USB_Device_Library/Class/CustomHID/Src/usbd_customhid.o
 .debug_macro   0x0000000000018222       0x4d Middlewares/ST/STM32_USB_Device_Library/Class/CustomHID/Src/usbd_customhid.o
 .debug_macro   0x000000000001826f      0x407 Middlewares/ST/STM32_USB_Device_Library/Core/Src/usbd_core.o
 .debug_macro   0x0000000000018676      0x1da Middlewares/ST/STM32_USB_Device_Library/Core/Src/usbd_core.o
 .debug_macro   0x0000000000018850      0x407 Middlewares/ST/STM32_USB_Device_Library/Core/Src/usbd_ctlreq.o
 .debug_macro   0x0000000000018c57      0x403 Middlewares/ST/STM32_USB_Device_Library/Core/Src/usbd_ioreq.o
 .debug_macro   0x000000000001905a      0x433 USB_DEVICE/App/usb_device.o
 .debug_macro   0x000000000001948d       0x22 USB_DEVICE/App/usb_device.o
 .debug_macro   0x00000000000194af      0x41c USB_DEVICE/App/usbd_custom_hid_if.o
 .debug_macro   0x00000000000198cb      0x43a USB_DEVICE/App/usbd_desc.o
 .debug_macro   0x0000000000019d05      0x420 USB_DEVICE/Target/usbd_conf.o

.debug_line     0x0000000000000000    0x1128b
 .debug_line    0x0000000000000000      0xa20 Core/Src/data_streaming.o
 .debug_line    0x0000000000000a20      0xb3d Core/Src/driver_user_if.o
 .debug_line    0x000000000000155d      0xa34 Core/Src/main.o
 .debug_line    0x0000000000001f91      0x9f6 Core/Src/stm32f0xx_hal_msp.o
 .debug_line    0x0000000000002987      0xa25 Core/Src/stm32f0xx_it.o
 .debug_line    0x00000000000033ac      0x6ea Core/Src/system_stm32f0xx.o
 .debug_line    0x0000000000003a96       0x89 Core/Startup/startup_stm32f072rbtx.o
 .debug_line    0x0000000000003b1f      0x87d Drivers/STM32F0xx_HAL_Driver/Src/stm32f0xx_hal.o
 .debug_line    0x000000000000439c      0xb64 Drivers/STM32F0xx_HAL_Driver/Src/stm32f0xx_hal_can.o
 .debug_line    0x0000000000004f00      0x895 Drivers/STM32F0xx_HAL_Driver/Src/stm32f0xx_hal_cortex.o
 .debug_line    0x0000000000005795      0x857 Drivers/STM32F0xx_HAL_Driver/Src/stm32f0xx_hal_gpio.o
 .debug_line    0x0000000000005fec      0xb73 Drivers/STM32F0xx_HAL_Driver/Src/stm32f0xx_hal_pcd.o
 .debug_line    0x0000000000006b5f      0x78e Drivers/STM32F0xx_HAL_Driver/Src/stm32f0xx_hal_pcd_ex.o
 .debug_line    0x00000000000072ed      0x96a Drivers/STM32F0xx_HAL_Driver/Src/stm32f0xx_hal_rcc.o
 .debug_line    0x0000000000007c57      0x916 Drivers/STM32F0xx_HAL_Driver/Src/stm32f0xx_hal_rcc_ex.o
 .debug_line    0x000000000000856d     0x1aaf Drivers/STM32F0xx_HAL_Driver/Src/stm32f0xx_hal_tim.o
 .debug_line    0x000000000000a01c      0xcc9 Drivers/STM32F0xx_HAL_Driver/Src/stm32f0xx_hal_tim_ex.o
 .debug_line    0x000000000000ace5      0xbac Drivers/STM32F0xx_HAL_Driver/Src/stm32f0xx_ll_usb.o
 .debug_line    0x000000000000b891      0xb75 Middlewares/ST/STM32_USB_Device_Library/Class/CustomHID/Src/usbd_customhid.o
 .debug_line    0x000000000000c406      0xbfc Middlewares/ST/STM32_USB_Device_Library/Core/Src/usbd_core.o
 .debug_line    0x000000000000d002      0xc83 Middlewares/ST/STM32_USB_Device_Library/Core/Src/usbd_ctlreq.o
 .debug_line    0x000000000000dc85      0xa65 Middlewares/ST/STM32_USB_Device_Library/Core/Src/usbd_ioreq.o
 .debug_line    0x000000000000e6ea      0xa38 USB_DEVICE/App/usb_device.o
 .debug_line    0x000000000000f122      0xa4f USB_DEVICE/App/usbd_custom_hid_if.o
 .debug_line    0x000000000000fb71      0xa87 USB_DEVICE/App/usbd_desc.o
 .debug_line    0x00000000000105f8      0xc93 USB_DEVICE/Target/usbd_conf.o

.debug_str      0x0000000000000000    0x82cd5
 .debug_str     0x0000000000000000    0x7e234 Core/Src/data_streaming.o
                                      0x7e55f (size before relaxing)
 .debug_str     0x000000000007e234      0x964 Core/Src/driver_user_if.o
                                      0x7ef16 (size before relaxing)
 .debug_str     0x000000000007eb98      0x353 Core/Src/main.o
                                      0x7eca5 (size before relaxing)
 .debug_str     0x000000000007eeeb      0x1de Core/Src/stm32f0xx_hal_msp.o
                                      0x7e85a (size before relaxing)
 .debug_str     0x000000000007f0c9      0x381 Core/Src/stm32f0xx_it.o
                                      0x7e8d9 (size before relaxing)
 .debug_str     0x000000000007f44a       0x5f Core/Src/system_stm32f0xx.o
                                      0x7925c (size before relaxing)
 .debug_str     0x000000000007f4a9       0x36 Core/Startup/startup_stm32f072rbtx.o
                                         0x70 (size before relaxing)
 .debug_str     0x000000000007f4df      0x388 Drivers/STM32F0xx_HAL_Driver/Src/stm32f0xx_hal.o
                                      0x797ca (size before relaxing)
 .debug_str     0x000000000007f867      0x408 Drivers/STM32F0xx_HAL_Driver/Src/stm32f0xx_hal_can.o
                                      0x79a4d (size before relaxing)
 .debug_str     0x000000000007fc6f      0x1ee Drivers/STM32F0xx_HAL_Driver/Src/stm32f0xx_hal_cortex.o
                                      0x7967e (size before relaxing)
 .debug_str     0x000000000007fe5d      0x213 Drivers/STM32F0xx_HAL_Driver/Src/stm32f0xx_hal_gpio.o
                                      0x794f8 (size before relaxing)
 .debug_str     0x0000000000080070      0x3c3 Drivers/STM32F0xx_HAL_Driver/Src/stm32f0xx_hal_pcd.o
                                      0x79943 (size before relaxing)
 .debug_str     0x0000000000080433      0x1c6 Drivers/STM32F0xx_HAL_Driver/Src/stm32f0xx_hal_pcd_ex.o
                                      0x7976c (size before relaxing)
 .debug_str     0x00000000000805f9      0x254 Drivers/STM32F0xx_HAL_Driver/Src/stm32f0xx_hal_rcc.o
                                      0x79671 (size before relaxing)
 .debug_str     0x000000000008084d      0x2e3 Drivers/STM32F0xx_HAL_Driver/Src/stm32f0xx_hal_rcc_ex.o
                                      0x7964e (size before relaxing)
 .debug_str     0x0000000000080b30      0xd9d Drivers/STM32F0xx_HAL_Driver/Src/stm32f0xx_hal_tim.o
                                      0x7a455 (size before relaxing)
 .debug_str     0x00000000000818cd      0x52f Drivers/STM32F0xx_HAL_Driver/Src/stm32f0xx_hal_tim_ex.o
                                      0x79c09 (size before relaxing)
 .debug_str     0x0000000000081dfc      0x309 Drivers/STM32F0xx_HAL_Driver/Src/stm32f0xx_ll_usb.o
                                      0x79752 (size before relaxing)
 .debug_str     0x0000000000082105      0x2b5 Middlewares/ST/STM32_USB_Device_Library/Class/CustomHID/Src/usbd_customhid.o
                                      0x7e84f (size before relaxing)
 .debug_str     0x00000000000823ba      0x1fd Middlewares/ST/STM32_USB_Device_Library/Core/Src/usbd_core.o
                                      0x7e51a (size before relaxing)
 .debug_str     0x00000000000825b7      0x12f Middlewares/ST/STM32_USB_Device_Library/Core/Src/usbd_ctlreq.o
                                      0x7e452 (size before relaxing)
 .debug_str     0x00000000000826e6       0xc9 Middlewares/ST/STM32_USB_Device_Library/Core/Src/usbd_ioreq.o
                                      0x7e3e0 (size before relaxing)
 .debug_str     0x00000000000827af       0xe6 USB_DEVICE/App/usb_device.o
                                      0x7e64a (size before relaxing)
 .debug_str     0x0000000000082895       0x7f USB_DEVICE/App/usbd_custom_hid_if.o
                                      0x7e622 (size before relaxing)
 .debug_str     0x0000000000082914      0x254 USB_DEVICE/App/usbd_desc.o
                                      0x7e38e (size before relaxing)
 .debug_str     0x0000000000082b68      0x16d USB_DEVICE/Target/usbd_conf.o
                                      0x7ee37 (size before relaxing)

.comment        0x0000000000000000       0x7b
 .comment       0x0000000000000000       0x7b Core/Src/data_streaming.o
                                         0x7c (size before relaxing)
 .comment       0x000000000000007b       0x7c Core/Src/driver_user_if.o
 .comment       0x000000000000007b       0x7c Core/Src/main.o
 .comment       0x000000000000007b       0x7c Core/Src/stm32f0xx_hal_msp.o
 .comment       0x000000000000007b       0x7c Core/Src/stm32f0xx_it.o
 .comment       0x000000000000007b       0x7c Core/Src/system_stm32f0xx.o
 .comment       0x000000000000007b       0x7c Drivers/STM32F0xx_HAL_Driver/Src/stm32f0xx_hal.o
 .comment       0x000000000000007b       0x7c Drivers/STM32F0xx_HAL_Driver/Src/stm32f0xx_hal_can.o
 .comment       0x000000000000007b       0x7c Drivers/STM32F0xx_HAL_Driver/Src/stm32f0xx_hal_cortex.o
 .comment       0x000000000000007b       0x7c Drivers/STM32F0xx_HAL_Driver/Src/stm32f0xx_hal_gpio.o
 .comment       0x000000000000007b       0x7c Drivers/STM32F0xx_HAL_Driver/Src/stm32f0xx_hal_pcd.o
 .comment       0x000000000000007b       0x7c Drivers/STM32F0xx_HAL_Driver/Src/stm32f0xx_hal_pcd_ex.o
 .comment       0x000000000000007b       0x7c Drivers/STM32F0xx_HAL_Driver/Src/stm32f0xx_hal_rcc.o
 .comment       0x000000000000007b       0x7c Drivers/STM32F0xx_HAL_Driver/Src/stm32f0xx_hal_rcc_ex.o
 .comment       0x000000000000007b       0x7c Drivers/STM32F0xx_HAL_Driver/Src/stm32f0xx_hal_tim.o
 .comment       0x000000000000007b       0x7c Drivers/STM32F0xx_HAL_Driver/Src/stm32f0xx_hal_tim_ex.o
 .comment       0x000000000000007b       0x7c Drivers/STM32F0xx_HAL_Driver/Src/stm32f0xx_ll_usb.o
 .comment       0x000000000000007b       0x7c Middlewares/ST/STM32_USB_Device_Library/Class/CustomHID/Src/usbd_customhid.o
 .comment       0x000000000000007b       0x7c Middlewares/ST/STM32_USB_Device_Library/Core/Src/usbd_core.o
 .comment       0x000000000000007b       0x7c Middlewares/ST/STM32_USB_Device_Library/Core/Src/usbd_ctlreq.o
 .comment       0x000000000000007b       0x7c Middlewares/ST/STM32_USB_Device_Library/Core/Src/usbd_ioreq.o
 .comment       0x000000000000007b       0x7c USB_DEVICE/App/usb_device.o
 .comment       0x000000000000007b       0x7c USB_DEVICE/App/usbd_custom_hid_if.o
 .comment       0x000000000000007b       0x7c USB_DEVICE/App/usbd_desc.o
 .comment       0x000000000000007b       0x7c USB_DEVICE/Target/usbd_conf.o

.debug_frame    0x0000000000000000     0x3c7c
 .debug_frame   0x0000000000000000       0x30 Core/Src/data_streaming.o
 .debug_frame   0x0000000000000030      0x188 Core/Src/driver_user_if.o
 .debug_frame   0x00000000000001b8       0xc4 Core/Src/main.o
 .debug_frame   0x000000000000027c       0xb0 Core/Src/stm32f0xx_hal_msp.o
 .debug_frame   0x000000000000032c       0xf0 Core/Src/stm32f0xx_it.o
 .debug_frame   0x000000000000041c       0x4c Core/Src/system_stm32f0xx.o
 .debug_frame   0x0000000000000468      0x2a4 Drivers/STM32F0xx_HAL_Driver/Src/stm32f0xx_hal.o
 .debug_frame   0x000000000000070c      0x490 Drivers/STM32F0xx_HAL_Driver/Src/stm32f0xx_hal_can.o
 .debug_frame   0x0000000000000b9c      0x2a0 Drivers/STM32F0xx_HAL_Driver/Src/stm32f0xx_hal_cortex.o
 .debug_frame   0x0000000000000e3c      0x110 Drivers/STM32F0xx_HAL_Driver/Src/stm32f0xx_hal_gpio.o
 .debug_frame   0x0000000000000f4c      0x434 Drivers/STM32F0xx_HAL_Driver/Src/stm32f0xx_hal_pcd.o
 .debug_frame   0x0000000000001380      0x110 Drivers/STM32F0xx_HAL_Driver/Src/stm32f0xx_hal_pcd_ex.o
 .debug_frame   0x0000000000001490      0x198 Drivers/STM32F0xx_HAL_Driver/Src/stm32f0xx_hal_rcc.o
 .debug_frame   0x0000000000001628      0x180 Drivers/STM32F0xx_HAL_Driver/Src/stm32f0xx_hal_rcc_ex.o
 .debug_frame   0x00000000000017a8      0xe90 Drivers/STM32F0xx_HAL_Driver/Src/stm32f0xx_hal_tim.o
 .debug_frame   0x0000000000002638      0x4f0 Drivers/STM32F0xx_HAL_Driver/Src/stm32f0xx_hal_tim_ex.o
 .debug_frame   0x0000000000002b28      0x3e0 Drivers/STM32F0xx_HAL_Driver/Src/stm32f0xx_ll_usb.o
 .debug_frame   0x0000000000002f08      0x190 Middlewares/ST/STM32_USB_Device_Library/Class/CustomHID/Src/usbd_customhid.o
 .debug_frame   0x0000000000003098      0x290 Middlewares/ST/STM32_USB_Device_Library/Core/Src/usbd_core.o
 .debug_frame   0x0000000000003328      0x1d4 Middlewares/ST/STM32_USB_Device_Library/Core/Src/usbd_ctlreq.o
 .debug_frame   0x00000000000034fc       0xf0 Middlewares/ST/STM32_USB_Device_Library/Core/Src/usbd_ioreq.o
 .debug_frame   0x00000000000035ec       0x2c USB_DEVICE/App/usb_device.o
 .debug_frame   0x0000000000003618       0x68 USB_DEVICE/App/usbd_custom_hid_if.o
 .debug_frame   0x0000000000003680      0x130 USB_DEVICE/App/usbd_desc.o
 .debug_frame   0x00000000000037b0      0x438 USB_DEVICE/Target/usbd_conf.o
 .debug_frame   0x0000000000003be8       0x2c c:/st/stm32cubeide_1.1.0/stm32cubeide/plugins/com.st.stm32cube.ide.mcu.externaltools.gnu-tools-for-stm32.7-2018-q2-update.win32_1.0.0.201904181610/tools/bin/../lib/gcc/arm-none-eabi/7.3.1/../../../../arm-none-eabi/lib/thumb/v6-m\libc_nano.a(lib_a-init.o)
 .debug_frame   0x0000000000003c14       0x28 c:/st/stm32cubeide_1.1.0/stm32cubeide/plugins/com.st.stm32cube.ide.mcu.externaltools.gnu-tools-for-stm32.7-2018-q2-update.win32_1.0.0.201904181610/tools/bin/../lib/gcc/arm-none-eabi/7.3.1/../../../../arm-none-eabi/lib/thumb/v6-m\libc_nano.a(lib_a-memcpy-stub.o)