Archive member included to satisfy reference by file (symbol)

c:/st/stm32cubeide_1.1.0/stm32cubeide/plugins/com.st.stm32cube.ide.mcu.externaltools.gnu-tools-for-stm32.7-2018-q2-update.win32_1.0.0.201904181610/tools/bin/../lib/gcc/arm-none-eabi/7.3.1/../../../../arm-none-eabi/lib/thumb/v6-m\libc_nano.a(lib_a-errno.o)
                              Core/Src/sysmem.o (__errno)
c:/st/stm32cubeide_1.1.0/stm32cubeide/plugins/com.st.stm32cube.ide.mcu.externaltools.gnu-tools-for-stm32.7-2018-q2-update.win32_1.0.0.201904181610/tools/bin/../lib/gcc/arm-none-eabi/7.3.1/../../../../arm-none-eabi/lib/thumb/v6-m\libc_nano.a(lib_a-exit.o)
                              c:/st/stm32cubeide_1.1.0/stm32cubeide/plugins/com.st.stm32cube.ide.mcu.externaltools.gnu-tools-for-stm32.7-2018-q2-update.win32_1.0.0.201904181610/tools/bin/../lib/gcc/arm-none-eabi/7.3.1/../../../../arm-none-eabi/lib/thumb/v6-m/crt0.o (exit)
c:/st/stm32cubeide_1.1.0/stm32cubeide/plugins/com.st.stm32cube.ide.mcu.externaltools.gnu-tools-for-stm32.7-2018-q2-update.win32_1.0.0.201904181610/tools/bin/../lib/gcc/arm-none-eabi/7.3.1/../../../../arm-none-eabi/lib/thumb/v6-m\libc_nano.a(lib_a-impure.o)
                              c:/st/stm32cubeide_1.1.0/stm32cubeide/plugins/com.st.stm32cube.ide.mcu.externaltools.gnu-tools-for-stm32.7-2018-q2-update.win32_1.0.0.201904181610/tools/bin/../lib/gcc/arm-none-eabi/7.3.1/../../../../arm-none-eabi/lib/thumb/v6-m\libc_nano.a(lib_a-exit.o) (_global_impure_ptr)
c:/st/stm32cubeide_1.1.0/stm32cubeide/plugins/com.st.stm32cube.ide.mcu.externaltools.gnu-tools-for-stm32.7-2018-q2-update.win32_1.0.0.201904181610/tools/bin/../lib/gcc/arm-none-eabi/7.3.1/../../../../arm-none-eabi/lib/thumb/v6-m\libc_nano.a(lib_a-init.o)
                              c:/st/stm32cubeide_1.1.0/stm32cubeide/plugins/com.st.stm32cube.ide.mcu.externaltools.gnu-tools-for-stm32.7-2018-q2-update.win32_1.0.0.201904181610/tools/bin/../lib/gcc/arm-none-eabi/7.3.1/../../../../arm-none-eabi/lib/thumb/v6-m/crt0.o (__libc_init_array)
c:/st/stm32cubeide_1.1.0/stm32cubeide/plugins/com.st.stm32cube.ide.mcu.externaltools.gnu-tools-for-stm32.7-2018-q2-update.win32_1.0.0.201904181610/tools/bin/../lib/gcc/arm-none-eabi/7.3.1/../../../../arm-none-eabi/lib/thumb/v6-m\libc_nano.a(lib_a-memcpy-stub.o)
                              Core/Src/driver_user_if.o (memcpy)
c:/st/stm32cubeide_1.1.0/stm32cubeide/plugins/com.st.stm32cube.ide.mcu.externaltools.gnu-tools-for-stm32.7-2018-q2-update.win32_1.0.0.201904181610/tools/bin/../lib/gcc/arm-none-eabi/7.3.1/../../../../arm-none-eabi/lib/thumb/v6-m\libc_nano.a(lib_a-memset.o)
                              c:/st/stm32cubeide_1.1.0/stm32cubeide/plugins/com.st.stm32cube.ide.mcu.externaltools.gnu-tools-for-stm32.7-2018-q2-update.win32_1.0.0.201904181610/tools/bin/../lib/gcc/arm-none-eabi/7.3.1/../../../../arm-none-eabi/lib/thumb/v6-m/crt0.o (memset)
c:/st/stm32cubeide_1.1.0/stm32cubeide/plugins/com.st.stm32cube.ide.mcu.externaltools.gnu-tools-for-stm32.7-2018-q2-update.win32_1.0.0.201904181610/tools/bin/../lib/gcc/arm-none-eabi/7.3.1/thumb/v6-m\libgcc.a(_udivsi3.o)
                              Core/Src/system_stm32f0xx.o (__aeabi_uidiv)
c:/st/stm32cubeide_1.1.0/stm32cubeide/plugins/com.st.stm32cube.ide.mcu.externaltools.gnu-tools-for-stm32.7-2018-q2-update.win32_1.0.0.201904181610/tools/bin/../lib/gcc/arm-none-eabi/7.3.1/thumb/v6-m\libgcc.a(_dvmd_tls.o)
                              c:/st/stm32cubeide_1.1.0/stm32cubeide/plugins/com.st.stm32cube.ide.mcu.externaltools.gnu-tools-for-stm32.7-2018-q2-update.win32_1.0.0.201904181610/tools/bin/../lib/gcc/arm-none-eabi/7.3.1/thumb/v6-m\libgcc.a(_udivsi3.o) (__aeabi_idiv0)
c:/st/stm32cubeide_1.1.0/stm32cubeide/plugins/com.st.stm32cube.ide.mcu.externaltools.gnu-tools-for-stm32.7-2018-q2-update.win32_1.0.0.201904181610/tools/bin/../lib/gcc/arm-none-eabi/7.3.1/../../../../arm-none-eabi/lib/thumb/v6-m\libnosys.a(_exit.o)
                              c:/st/stm32cubeide_1.1.0/stm32cubeide/plugins/com.st.stm32cube.ide.mcu.externaltools.gnu-tools-for-stm32.7-2018-q2-update.win32_1.0.0.201904181610/tools/bin/../lib/gcc/arm-none-eabi/7.3.1/../../../../arm-none-eabi/lib/thumb/v6-m\libc_nano.a(lib_a-exit.o) (_exit)

Allocating common symbols
Common symbol       size              file

can_rx_buf          0x10              Core/Src/driver_user_if.o
hUsbDeviceFS        0x2c4             USB_DEVICE/App/usb_device.o
usb_tx_buf          0x44              Core/Src/driver_user_if.o
sniffer_mode        0x1               Core/Src/main.o
Q                   0x102             Core/Src/driver_user_if.o
hcan                0x28              Core/Src/main.o
uwTick              0x4               Drivers/STM32F0xx_HAL_Driver/Src/stm32f0xx_hal.o
can_tx_buf          0x10              Core/Src/driver_user_if.o
pFlash              0x20              Drivers/STM32F0xx_HAL_Driver/Src/stm32f0xx_hal_flash.o
htim3               0x40              Core/Src/main.o
[...]
Memory Configuration

Name             Origin             Length             Attributes
RAM              0x0000000020000000 0x0000000000004000 xrw
FLASH            0x0000000008000000 0x0000000000020000 xr
*default*        0x0000000000000000 0xffffffffffffffff

Linker script and memory map

LOAD c:/st/stm32cubeide_1.1.0/stm32cubeide/plugins/com.st.stm32cube.ide.mcu.externaltools.gnu-tools-for-stm32.7-2018-q2-update.win32_1.0.0.201904181610/tools/bin/../lib/gcc/arm-none-eabi/7.3.1/thumb/v6-m/crti.o
LOAD c:/st/stm32cubeide_1.1.0/stm32cubeide/plugins/com.st.stm32cube.ide.mcu.externaltools.gnu-tools-for-stm32.7-2018-q2-update.win32_1.0.0.201904181610/tools/bin/../lib/gcc/arm-none-eabi/7.3.1/thumb/v6-m/crtbegin.o
LOAD c:/st/stm32cubeide_1.1.0/stm32cubeide/plugins/com.st.stm32cube.ide.mcu.externaltools.gnu-tools-for-stm32.7-2018-q2-update.win32_1.0.0.201904181610/tools/bin/../lib/gcc/arm-none-eabi/7.3.1/../../../../arm-none-eabi/lib/thumb/v6-m/crt0.o
LOAD Core/Src/data_streaming.o
LOAD Core/Src/driver_user_if.o
LOAD Core/Src/main.o
LOAD Core/Src/sniffer_para_set.o
LOAD Core/Src/stm32f0xx_hal_msp.o
LOAD Core/Src/stm32f0xx_it.o
LOAD Core/Src/sysmem.o
LOAD Core/Src/system_stm32f0xx.o
LOAD Core/Startup/startup_stm32f072rbtx.o
LOAD Drivers/STM32F0xx_HAL_Driver/Src/stm32f0xx_hal.o
LOAD Drivers/STM32F0xx_HAL_Driver/Src/stm32f0xx_hal_can.o
LOAD Drivers/STM32F0xx_HAL_Driver/Src/stm32f0xx_hal_cortex.o
LOAD Drivers/STM32F0xx_HAL_Driver/Src/stm32f0xx_hal_dma.o
LOAD Drivers/STM32F0xx_HAL_Driver/Src/stm32f0xx_hal_exti.o
LOAD Drivers/STM32F0xx_HAL_Driver/Src/stm32f0xx_hal_flash.o
LOAD Drivers/STM32F0xx_HAL_Driver/Src/stm32f0xx_hal_flash_ex.o
LOAD Drivers/STM32F0xx_HAL_Driver/Src/stm32f0xx_hal_gpio.o
LOAD Drivers/STM32F0xx_HAL_Driver/Src/stm32f0xx_hal_i2c.o
LOAD Drivers/STM32F0xx_HAL_Driver/Src/stm32f0xx_hal_i2c_ex.o
LOAD Drivers/STM32F0xx_HAL_Driver/Src/stm32f0xx_hal_pcd.o
LOAD Drivers/STM32F0xx_HAL_Driver/Src/stm32f0xx_hal_pcd_ex.o
LOAD Drivers/STM32F0xx_HAL_Driver/Src/stm32f0xx_hal_pwr.o
LOAD Drivers/STM32F0xx_HAL_Driver/Src/stm32f0xx_hal_pwr_ex.o
LOAD Drivers/STM32F0xx_HAL_Driver/Src/stm32f0xx_hal_rcc.o
LOAD Drivers/STM32F0xx_HAL_Driver/Src/stm32f0xx_hal_rcc_ex.o
LOAD Drivers/STM32F0xx_HAL_Driver/Src/stm32f0xx_hal_tim.o
LOAD Drivers/STM32F0xx_HAL_Driver/Src/stm32f0xx_hal_tim_ex.o
LOAD Drivers/STM32F0xx_HAL_Driver/Src/stm32f0xx_ll_usb.o
LOAD Middlewares/ST/STM32_USB_Device_Library/Class/CustomHID/Src/usbd_customhid.o
LOAD Middlewares/ST/STM32_USB_Device_Library/Core/Src/usbd_core.o
LOAD Middlewares/ST/STM32_USB_Device_Library/Core/Src/usbd_ctlreq.o
LOAD Middlewares/ST/STM32_USB_Device_Library/Core/Src/usbd_ioreq.o
LOAD USB_DEVICE/App/usb_device.o
LOAD USB_DEVICE/App/usbd_custom_hid_if.o
LOAD USB_DEVICE/App/usbd_desc.o
LOAD USB_DEVICE/Target/usbd_conf.o
START GROUP
LOAD c:/st/stm32cubeide_1.1.0/stm32cubeide/plugins/com.st.stm32cube.ide.mcu.externaltools.gnu-tools-for-stm32.7-2018-q2-update.win32_1.0.0.201904181610/tools/bin/../lib/gcc/arm-none-eabi/7.3.1/../../../../arm-none-eabi/lib/thumb/v6-m\libc_nano.a
LOAD c:/st/stm32cubeide_1.1.0/stm32cubeide/plugins/com.st.stm32cube.ide.mcu.externaltools.gnu-tools-for-stm32.7-2018-q2-update.win32_1.0.0.201904181610/tools/bin/../lib/gcc/arm-none-eabi/7.3.1/../../../../arm-none-eabi/lib/thumb/v6-m\libm.a
END GROUP
START GROUP
LOAD c:/st/stm32cubeide_1.1.0/stm32cubeide/plugins/com.st.stm32cube.ide.mcu.externaltools.gnu-tools-for-stm32.7-2018-q2-update.win32_1.0.0.201904181610/tools/bin/../lib/gcc/arm-none-eabi/7.3.1/thumb/v6-m\libgcc.a
LOAD c:/st/stm32cubeide_1.1.0/stm32cubeide/plugins/com.st.stm32cube.ide.mcu.externaltools.gnu-tools-for-stm32.7-2018-q2-update.win32_1.0.0.201904181610/tools/bin/../lib/gcc/arm-none-eabi/7.3.1/../../../../arm-none-eabi/lib/thumb/v6-m\libc_nano.a
END GROUP
START GROUP
LOAD c:/st/stm32cubeide_1.1.0/stm32cubeide/plugins/com.st.stm32cube.ide.mcu.externaltools.gnu-tools-for-stm32.7-2018-q2-update.win32_1.0.0.201904181610/tools/bin/../lib/gcc/arm-none-eabi/7.3.1/thumb/v6-m\libgcc.a
LOAD c:/st/stm32cubeide_1.1.0/stm32cubeide/plugins/com.st.stm32cube.ide.mcu.externaltools.gnu-tools-for-stm32.7-2018-q2-update.win32_1.0.0.201904181610/tools/bin/../lib/gcc/arm-none-eabi/7.3.1/../../../../arm-none-eabi/lib/thumb/v6-m\libc_nano.a
LOAD c:/st/stm32cubeide_1.1.0/stm32cubeide/plugins/com.st.stm32cube.ide.mcu.externaltools.gnu-tools-for-stm32.7-2018-q2-update.win32_1.0.0.201904181610/tools/bin/../lib/gcc/arm-none-eabi/7.3.1/../../../../arm-none-eabi/lib/thumb/v6-m\libnosys.a
END GROUP
START GROUP
LOAD c:/st/stm32cubeide_1.1.0/stm32cubeide/plugins/com.st.stm32cube.ide.mcu.externaltools.gnu-tools-for-stm32.7-2018-q2-update.win32_1.0.0.201904181610/tools/bin/../lib/gcc/arm-none-eabi/7.3.1/thumb/v6-m\libgcc.a
LOAD c:/st/stm32cubeide_1.1.0/stm32cubeide/plugins/com.st.stm32cube.ide.mcu.externaltools.gnu-tools-for-stm32.7-2018-q2-update.win32_1.0.0.201904181610/tools/bin/../lib/gcc/arm-none-eabi/7.3.1/../../../../arm-none-eabi/lib/thumb/v6-m\libc_nano.a
LOAD c:/st/stm32cubeide_1.1.0/stm32cubeide/plugins/com.st.stm32cube.ide.mcu.externaltools.gnu-tools-for-stm32.7-2018-q2-update.win32_1.0.0.201904181610/tools/bin/../lib/gcc/arm-none-eabi/7.3.1/../../../../arm-none-eabi/lib/thumb/v6-m\libnosys.a
END GROUP
LOAD c:/st/stm32cubeide_1.1.0/stm32cubeide/plugins/com.st.stm32cube.ide.mcu.externaltools.gnu-tools-for-stm32.7-2018-q2-update.win32_1.0.0.201904181610/tools/bin/../lib/gcc/arm-none-eabi/7.3.1/thumb/v6-m/crtend.o
LOAD c:/st/stm32cubeide_1.1.0/stm32cubeide/plugins/com.st.stm32cube.ide.mcu.externaltools.gnu-tools-for-stm32.7-2018-q2-update.win32_1.0.0.201904181610/tools/bin/../lib/gcc/arm-none-eabi/7.3.1/thumb/v6-m/crtn.o
                0x0000000020004000                _estack = (ORIGIN (RAM) + LENGTH (RAM))
                0x0000000000000200                _Min_Heap_Size = 0x200
                0x0000000000000400                _Min_Stack_Size = 0x400

.isr_vector     0x0000000008000000       0xc0
                0x0000000008000000                . = ALIGN (0x4)
 *(.isr_vector)
 .isr_vector    0x0000000008000000       0xc0 Core/Startup/startup_stm32f072rbtx.o
                0x0000000008000000                g_pfnVectors
                0x00000000080000c0                . = ALIGN (0x4)

.text           0x00000000080000c0     0x7db8
                0x00000000080000c0                . = ALIGN (0x4)
 *(.text)
 .text          0x00000000080000c0       0x48 c:/st/stm32cubeide_1.1.0/stm32cubeide/plugins/com.st.stm32cube.ide.mcu.externaltools.gnu-tools-for-stm32.7-2018-q2-update.win32_1.0.0.201904181610/tools/bin/../lib/gcc/arm-none-eabi/7.3.1/thumb/v6-m/crtbegin.o
 .text          0x0000000008000108      0x114 c:/st/stm32cubeide_1.1.0/stm32cubeide/plugins/com.st.stm32cube.ide.mcu.externaltools.gnu-tools-for-stm32.7-2018-q2-update.win32_1.0.0.201904181610/tools/bin/../lib/gcc/arm-none-eabi/7.3.1/thumb/v6-m\libgcc.a(_udivsi3.o)
                0x0000000008000108                __aeabi_uidiv
                0x0000000008000108                __udivsi3
                0x0000000008000214                __aeabi_uidivmod
 .text          0x000000000800021c        0x4 c:/st/stm32cubeide_1.1.0/stm32cubeide/plugins/com.st.stm32cube.ide.mcu.externaltools.gnu-tools-for-stm32.7-2018-q2-update.win32_1.0.0.201904181610/tools/bin/../lib/gcc/arm-none-eabi/7.3.1/thumb/v6-m\libgcc.a(_dvmd_tls.o)
                0x000000000800021c                __aeabi_idiv0
                0x000000000800021c                __aeabi_ldiv0
 *(.text*)
 .text.can_data_logger
                0x0000000008000220       0xa4 Core/Src/data_streaming.o
                0x0000000008000220                can_data_logger
 .text.message_buffer_init
                0x00000000080002c4       0x6c Core/Src/driver_user_if.o
                0x00000000080002c4                message_buffer_init
 .text.enqueue  0x0000000008000330       0x80 Core/Src/driver_user_if.o
                0x0000000008000330                enqueue
 .text.dequeue  0x00000000080003b0       0xd4 Core/Src/driver_user_if.o
                0x00000000080003b0                dequeue
 .text.TIM32_Stop
                0x0000000008000484       0x2c Core/Src/driver_user_if.o
                0x0000000008000484                TIM32_Stop
 .text.CAN_Filter_Init
                0x00000000080004b0       0x74 Core/Src/driver_user_if.o
                0x00000000080004b0                CAN_Filter_Init
 .text.CAN_Send
                0x0000000008000524       0xb4 Core/Src/driver_user_if.o
                0x0000000008000524                CAN_Send
 .text.USB_Send
                0x00000000080005d8       0x50 Core/Src/driver_user_if.o
                0x00000000080005d8                USB_Send
 .text.HAL_CAN_TxMailbox0CompleteCallback
                0x0000000008000628       0x1c Core/Src/driver_user_if.o
                0x0000000008000628                HAL_CAN_TxMailbox0CompleteCallback
 .text.HAL_CAN_RxFifo0MsgPendingCallback
                0x0000000008000644       0xc8 Core/Src/driver_user_if.o
                0x0000000008000644                HAL_CAN_RxFifo0MsgPendingCallback
 .text.HAL_CAN_ErrorCallback
                0x000000000800070c       0x14 Core/Src/driver_user_if.o
                0x000000000800070c                HAL_CAN_ErrorCallback
 .text.USB_Receive_Callback
                0x0000000008000720       0x58 Core/Src/driver_user_if.o
                0x0000000008000720                USB_Receive_Callback
 .text.HAL_TIM_PeriodElapsedCallback
                0x0000000008000778       0x30 Core/Src/driver_user_if.o
                0x0000000008000778                HAL_TIM_PeriodElapsedCallback
 .text.main     0x00000000080007a8       0x80 Core/Src/main.o
                0x00000000080007a8                main
 .text.SystemClock_Config
                0x0000000008000828       0xa8 Core/Src/main.o
                0x0000000008000828                SystemClock_Config
 .text.MX_CAN_Init
                0x00000000080008d0       0x6c Core/Src/main.o
 .text.MX_TIM3_Init
                0x000000000800093c       0xac Core/Src/main.o
 .text.MX_GPIO_Init
                0x00000000080009e8       0xe4 Core/Src/main.o
 .text.Error_Handler
                0x0000000008000acc        0xa Core/Src/main.o
                0x0000000008000acc                Error_Handler
 *fill*         0x0000000008000ad6        0x2 
 .text.config_bitrate
                0x0000000008000ad8       0x9c Core/Src/sniffer_para_set.o
 .text.config_filter
                0x0000000008000b74       0xb4 Core/Src/sniffer_para_set.o
 .text.can_sniffer_config
                0x0000000008000c28       0xa0 Core/Src/sniffer_para_set.o
                0x0000000008000c28                can_sniffer_config
 .text.HAL_MspInit
                0x0000000008000cc8       0x48 Core/Src/stm32f0xx_hal_msp.o
                0x0000000008000cc8                HAL_MspInit
 .text.HAL_CAN_MspInit
                0x0000000008000d10       0xac Core/Src/stm32f0xx_hal_msp.o
                0x0000000008000d10                HAL_CAN_MspInit
 .text.HAL_CAN_MspDeInit
                0x0000000008000dbc       0x4c Core/Src/stm32f0xx_hal_msp.o
                0x0000000008000dbc                HAL_CAN_MspDeInit
 .text.HAL_TIM_Base_MspInit
                0x0000000008000e08       0x4c Core/Src/stm32f0xx_hal_msp.o
                0x0000000008000e08                HAL_TIM_Base_MspInit
 .text.NMI_Handler
                0x0000000008000e54        0xa Core/Src/stm32f0xx_it.o
                0x0000000008000e54                NMI_Handler
 .text.HardFault_Handler
                0x0000000008000e5e        0x6 Core/Src/stm32f0xx_it.o
                0x0000000008000e5e                HardFault_Handler
 .text.SVC_Handler
                0x0000000008000e64        0xa Core/Src/stm32f0xx_it.o
                0x0000000008000e64                SVC_Handler
 .text.PendSV_Handler
                0x0000000008000e6e        0xa Core/Src/stm32f0xx_it.o
                0x0000000008000e6e                PendSV_Handler
 .text.SysTick_Handler
                0x0000000008000e78        0xe Core/Src/stm32f0xx_it.o
                0x0000000008000e78                SysTick_Handler
 *fill*         0x0000000008000e86        0x2 
 .text.TIM3_IRQHandler
                0x0000000008000e88       0x18 Core/Src/stm32f0xx_it.o
                0x0000000008000e88                TIM3_IRQHandler
 .text.CEC_CAN_IRQHandler
                0x0000000008000ea0       0x18 Core/Src/stm32f0xx_it.o
                0x0000000008000ea0                CEC_CAN_IRQHandler
 .text.USB_IRQHandler
                0x0000000008000eb8       0x18 Core/Src/stm32f0xx_it.o
                0x0000000008000eb8                USB_IRQHandler
 .text.SystemInit
                0x0000000008000ed0        0xa Core/Src/system_stm32f0xx.o
                0x0000000008000ed0                SystemInit
 *fill*         0x0000000008000eda        0x2 
 .text.Reset_Handler
                0x0000000008000edc       0x50 Core/Startup/startup_stm32f072rbtx.o
                0x0000000008000edc                Reset_Handler
 .text.Default_Handler
                0x0000000008000f2c        0x2 Core/Startup/startup_stm32f072rbtx.o
                0x0000000008000f2c                TIM1_CC_IRQHandler
                0x0000000008000f2c                TSC_IRQHandler
                0x0000000008000f2c                ADC1_COMP_IRQHandler
                0x0000000008000f2c                I2C1_IRQHandler
                0x0000000008000f2c                RCC_CRS_IRQHandler
                0x0000000008000f2c                SPI1_IRQHandler
                0x0000000008000f2c                TIM6_DAC_IRQHandler
                0x0000000008000f2c                USART3_4_IRQHandler
                0x0000000008000f2c                EXTI2_3_IRQHandler
                0x0000000008000f2c                I2C2_IRQHandler
                0x0000000008000f2c                TIM17_IRQHandler
                0x0000000008000f2c                RTC_IRQHandler
                0x0000000008000f2c                PVD_VDDIO2_IRQHandler
                0x0000000008000f2c                DMA1_Channel4_5_6_7_IRQHandler
                0x0000000008000f2c                TIM16_IRQHandler
                0x0000000008000f2c                EXTI4_15_IRQHandler
                0x0000000008000f2c                DMA1_Channel1_IRQHandler
                0x0000000008000f2c                Default_Handler
                0x0000000008000f2c                TIM14_IRQHandler
                0x0000000008000f2c                TIM7_IRQHandler
                0x0000000008000f2c                TIM15_IRQHandler
                0x0000000008000f2c                EXTI0_1_IRQHandler
                0x0000000008000f2c                SPI2_IRQHandler
                0x0000000008000f2c                WWDG_IRQHandler
                0x0000000008000f2c                TIM2_IRQHandler
                0x0000000008000f2c                DMA1_Channel2_3_IRQHandler
                0x0000000008000f2c                USART2_IRQHandler
                0x0000000008000f2c                FLASH_IRQHandler
                0x0000000008000f2c                USART1_IRQHandler
                0x0000000008000f2c                TIM1_BRK_UP_TRG_COM_IRQHandler
 *fill*         0x0000000008000f2e        0x2 
 .text.HAL_Init
                0x0000000008000f30       0x28 Drivers/STM32F0xx_HAL_Driver/Src/stm32f0xx_hal.o
                0x0000000008000f30                HAL_Init
 .text.HAL_InitTick
                0x0000000008000f58       0x68 Drivers/STM32F0xx_HAL_Driver/Src/stm32f0xx_hal.o
                0x0000000008000f58                HAL_InitTick
 .text.HAL_IncTick
                0x0000000008000fc0       0x24 Drivers/STM32F0xx_HAL_Driver/Src/stm32f0xx_hal.o
                0x0000000008000fc0                HAL_IncTick
 .text.HAL_GetTick
                0x0000000008000fe4       0x14 Drivers/STM32F0xx_HAL_Driver/Src/stm32f0xx_hal.o
                0x0000000008000fe4                HAL_GetTick
 .text.HAL_CAN_Init
                0x0000000008000ff8      0x1fc Drivers/STM32F0xx_HAL_Driver/Src/stm32f0xx_hal_can.o
                0x0000000008000ff8                HAL_CAN_Init
 .text.HAL_CAN_DeInit
                0x00000000080011f4       0x4c Drivers/STM32F0xx_HAL_Driver/Src/stm32f0xx_hal_can.o
                0x00000000080011f4                HAL_CAN_DeInit
 .text.HAL_CAN_ConfigFilter
                0x0000000008001240      0x1e4 Drivers/STM32F0xx_HAL_Driver/Src/stm32f0xx_hal_can.o
                0x0000000008001240                HAL_CAN_ConfigFilter
 .text.HAL_CAN_Start
                0x0000000008001424       0x8c Drivers/STM32F0xx_HAL_Driver/Src/stm32f0xx_hal_can.o
                0x0000000008001424                HAL_CAN_Start
 .text.HAL_CAN_Stop
                0x00000000080014b0       0x96 Drivers/STM32F0xx_HAL_Driver/Src/stm32f0xx_hal_can.o
                0x00000000080014b0                HAL_CAN_Stop
 .text.HAL_CAN_AddTxMessage
                0x0000000008001546      0x1be Drivers/STM32F0xx_HAL_Driver/Src/stm32f0xx_hal_can.o
                0x0000000008001546                HAL_CAN_AddTxMessage
 .text.HAL_CAN_GetTxMailboxesFreeLevel
                0x0000000008001704       0x70 Drivers/STM32F0xx_HAL_Driver/Src/stm32f0xx_hal_can.o
                0x0000000008001704                HAL_CAN_GetTxMailboxesFreeLevel
 .text.HAL_CAN_GetRxMessage
                0x0000000008001774      0x238 Drivers/STM32F0xx_HAL_Driver/Src/stm32f0xx_hal_can.o
                0x0000000008001774                HAL_CAN_GetRxMessage
 .text.HAL_CAN_ActivateNotification
                0x00000000080019ac       0x54 Drivers/STM32F0xx_HAL_Driver/Src/stm32f0xx_hal_can.o
                0x00000000080019ac                HAL_CAN_ActivateNotification
 .text.HAL_CAN_IRQHandler
                0x0000000008001a00      0x362 Drivers/STM32F0xx_HAL_Driver/Src/stm32f0xx_hal_can.o
                0x0000000008001a00                HAL_CAN_IRQHandler
 .text.HAL_CAN_TxMailbox1CompleteCallback
                0x0000000008001d62       0x10 Drivers/STM32F0xx_HAL_Driver/Src/stm32f0xx_hal_can.o
                0x0000000008001d62                HAL_CAN_TxMailbox1CompleteCallback
 .text.HAL_CAN_TxMailbox2CompleteCallback
                0x0000000008001d72       0x10 Drivers/STM32F0xx_HAL_Driver/Src/stm32f0xx_hal_can.o
                0x0000000008001d72                HAL_CAN_TxMailbox2CompleteCallback
 .text.HAL_CAN_TxMailbox0AbortCallback
                0x0000000008001d82       0x10 Drivers/STM32F0xx_HAL_Driver/Src/stm32f0xx_hal_can.o
                0x0000000008001d82                HAL_CAN_TxMailbox0AbortCallback
 .text.HAL_CAN_TxMailbox1AbortCallback
                0x0000000008001d92       0x10 Drivers/STM32F0xx_HAL_Driver/Src/stm32f0xx_hal_can.o
                0x0000000008001d92                HAL_CAN_TxMailbox1AbortCallback
 .text.HAL_CAN_TxMailbox2AbortCallback
                0x0000000008001da2       0x10 Drivers/STM32F0xx_HAL_Driver/Src/stm32f0xx_hal_can.o
                0x0000000008001da2                HAL_CAN_TxMailbox2AbortCallback
 .text.HAL_CAN_RxFifo0FullCallback
                0x0000000008001db2       0x10 Drivers/STM32F0xx_HAL_Driver/Src/stm32f0xx_hal_can.o
                0x0000000008001db2                HAL_CAN_RxFifo0FullCallback
 .text.HAL_CAN_RxFifo1MsgPendingCallback
                0x0000000008001dc2       0x10 Drivers/STM32F0xx_HAL_Driver/Src/stm32f0xx_hal_can.o
                0x0000000008001dc2                HAL_CAN_RxFifo1MsgPendingCallback
 .text.HAL_CAN_RxFifo1FullCallback
                0x0000000008001dd2       0x10 Drivers/STM32F0xx_HAL_Driver/Src/stm32f0xx_hal_can.o
                0x0000000008001dd2                HAL_CAN_RxFifo1FullCallback
 .text.HAL_CAN_SleepCallback
                0x0000000008001de2       0x10 Drivers/STM32F0xx_HAL_Driver/Src/stm32f0xx_hal_can.o
                0x0000000008001de2                HAL_CAN_SleepCallback
 .text.HAL_CAN_WakeUpFromRxMsgCallback
                0x0000000008001df2       0x10 Drivers/STM32F0xx_HAL_Driver/Src/stm32f0xx_hal_can.o
                0x0000000008001df2                HAL_CAN_WakeUpFromRxMsgCallback
 *fill*         0x0000000008001e02        0x2 
 .text.__NVIC_EnableIRQ
                0x0000000008001e04       0x34 Drivers/STM32F0xx_HAL_Driver/Src/stm32f0xx_hal_cortex.o
 .text.__NVIC_DisableIRQ
                0x0000000008001e38       0x40 Drivers/STM32F0xx_HAL_Driver/Src/stm32f0xx_hal_cortex.o
 .text.__NVIC_SetPriority
                0x0000000008001e78       0xdc Drivers/STM32F0xx_HAL_Driver/Src/stm32f0xx_hal_cortex.o
 .text.SysTick_Config
                0x0000000008001f54       0x48 Drivers/STM32F0xx_HAL_Driver/Src/stm32f0xx_hal_cortex.o
 .text.HAL_NVIC_SetPriority
                0x0000000008001f9c       0x2a Drivers/STM32F0xx_HAL_Driver/Src/stm32f0xx_hal_cortex.o
                0x0000000008001f9c                HAL_NVIC_SetPriority
 .text.HAL_NVIC_EnableIRQ
                0x0000000008001fc6       0x20 Drivers/STM32F0xx_HAL_Driver/Src/stm32f0xx_hal_cortex.o
                0x0000000008001fc6                HAL_NVIC_EnableIRQ
 .text.HAL_NVIC_DisableIRQ
                0x0000000008001fe6       0x20 Drivers/STM32F0xx_HAL_Driver/Src/stm32f0xx_hal_cortex.o
                0x0000000008001fe6                HAL_NVIC_DisableIRQ
 .text.HAL_SYSTICK_Config
                0x0000000008002006       0x1a Drivers/STM32F0xx_HAL_Driver/Src/stm32f0xx_hal_cortex.o
                0x0000000008002006                HAL_SYSTICK_Config
 .text.HAL_GPIO_Init
                0x0000000008002020      0x2f0 Drivers/STM32F0xx_HAL_Driver/Src/stm32f0xx_hal_gpio.o
                0x0000000008002020                HAL_GPIO_Init
 .text.HAL_GPIO_DeInit
                0x0000000008002310      0x1ac Drivers/STM32F0xx_HAL_Driver/Src/stm32f0xx_hal_gpio.o
                0x0000000008002310                HAL_GPIO_DeInit
 .text.HAL_GPIO_WritePin
                0x00000000080024bc       0x3a Drivers/STM32F0xx_HAL_Driver/Src/stm32f0xx_hal_gpio.o
                0x00000000080024bc                HAL_GPIO_WritePin
 .text.HAL_GPIO_TogglePin
                0x00000000080024f6       0x36 Drivers/STM32F0xx_HAL_Driver/Src/stm32f0xx_hal_gpio.o
                0x00000000080024f6                HAL_GPIO_TogglePin
 .text.HAL_PCD_Init
                0x000000000800252c      0x1c8 Drivers/STM32F0xx_HAL_Driver/Src/stm32f0xx_hal_pcd.o
                0x000000000800252c                HAL_PCD_Init
 .text.HAL_PCD_Start
                0x00000000080026f4       0x4a Drivers/STM32F0xx_HAL_Driver/Src/stm32f0xx_hal_pcd.o
                0x00000000080026f4                HAL_PCD_Start
 *fill*         0x000000000800273e        0x2 
 .text.HAL_PCD_IRQHandler
                0x0000000008002740      0x310 Drivers/STM32F0xx_HAL_Driver/Src/stm32f0xx_hal_pcd.o
                0x0000000008002740                HAL_PCD_IRQHandler
 .text.HAL_PCD_SetAddress
                0x0000000008002a50       0x56 Drivers/STM32F0xx_HAL_Driver/Src/stm32f0xx_hal_pcd.o
                0x0000000008002a50                HAL_PCD_SetAddress
 .text.HAL_PCD_EP_Open
                0x0000000008002aa6       0xe4 Drivers/STM32F0xx_HAL_Driver/Src/stm32f0xx_hal_pcd.o
                0x0000000008002aa6                HAL_PCD_EP_Open
 .text.HAL_PCD_EP_Close
                0x0000000008002b8a       0x96 Drivers/STM32F0xx_HAL_Driver/Src/stm32f0xx_hal_pcd.o
                0x0000000008002b8a                HAL_PCD_EP_Close
 .text.HAL_PCD_EP_Receive
                0x0000000008002c20       0x82 Drivers/STM32F0xx_HAL_Driver/Src/stm32f0xx_hal_pcd.o
                0x0000000008002c20                HAL_PCD_EP_Receive
 .text.HAL_PCD_EP_Transmit
                0x0000000008002ca2       0x80 Drivers/STM32F0xx_HAL_Driver/Src/stm32f0xx_hal_pcd.o
                0x0000000008002ca2                HAL_PCD_EP_Transmit
 .text.HAL_PCD_EP_SetStall
                0x0000000008002d22       0xcc Drivers/STM32F0xx_HAL_Driver/Src/stm32f0xx_hal_pcd.o
                0x0000000008002d22                HAL_PCD_EP_SetStall
 .text.HAL_PCD_EP_ClrStall
                0x0000000008002dee       0xb0 Drivers/STM32F0xx_HAL_Driver/Src/stm32f0xx_hal_pcd.o
                0x0000000008002dee                HAL_PCD_EP_ClrStall
 *fill*         0x0000000008002e9e        0x2 
 .text.PCD_EP_ISR_Handler
                0x0000000008002ea0      0x5a8 Drivers/STM32F0xx_HAL_Driver/Src/stm32f0xx_hal_pcd.o
 .text.HAL_PCDEx_PMAConfig
                0x0000000008003448       0x90 Drivers/STM32F0xx_HAL_Driver/Src/stm32f0xx_hal_pcd_ex.o
                0x0000000008003448                HAL_PCDEx_PMAConfig
 .text.HAL_PCDEx_ActivateLPM
                0x00000000080034d8       0x54 Drivers/STM32F0xx_HAL_Driver/Src/stm32f0xx_hal_pcd_ex.o
                0x00000000080034d8                HAL_PCDEx_ActivateLPM
 .text.HAL_PCDEx_LPM_Callback
                0x000000000800352c       0x16 Drivers/STM32F0xx_HAL_Driver/Src/stm32f0xx_hal_pcd_ex.o
                0x000000000800352c                HAL_PCDEx_LPM_Callback
 *fill*         0x0000000008003542        0x2 
 .text.HAL_RCC_OscConfig
                0x0000000008003544      0x70c Drivers/STM32F0xx_HAL_Driver/Src/stm32f0xx_hal_rcc.o
                0x0000000008003544                HAL_RCC_OscConfig
 .text.HAL_RCC_ClockConfig
                0x0000000008003c50      0x1b4 Drivers/STM32F0xx_HAL_Driver/Src/stm32f0xx_hal_rcc.o
                0x0000000008003c50                HAL_RCC_ClockConfig
 .text.HAL_RCC_GetSysClockFreq
                0x0000000008003e04       0xfc Drivers/STM32F0xx_HAL_Driver/Src/stm32f0xx_hal_rcc.o
                0x0000000008003e04                HAL_RCC_GetSysClockFreq
 .text.HAL_RCCEx_PeriphCLKConfig
                0x0000000008003f00      0x200 Drivers/STM32F0xx_HAL_Driver/Src/stm32f0xx_hal_rcc_ex.o
                0x0000000008003f00                HAL_RCCEx_PeriphCLKConfig
 .text.HAL_TIM_Base_Init
                0x0000000008004100       0x58 Drivers/STM32F0xx_HAL_Driver/Src/stm32f0xx_hal_tim.o
                0x0000000008004100                HAL_TIM_Base_Init
 .text.HAL_TIM_Base_Start_IT
                0x0000000008004158       0x44 Drivers/STM32F0xx_HAL_Driver/Src/stm32f0xx_hal_tim.o
                0x0000000008004158                HAL_TIM_Base_Start_IT
 .text.HAL_TIM_Base_Stop_IT
                0x000000000800419c       0x54 Drivers/STM32F0xx_HAL_Driver/Src/stm32f0xx_hal_tim.o
                0x000000000800419c                HAL_TIM_Base_Stop_IT
 .text.HAL_TIM_IRQHandler
                0x00000000080041f0      0x22c Drivers/STM32F0xx_HAL_Driver/Src/stm32f0xx_hal_tim.o
                0x00000000080041f0                HAL_TIM_IRQHandler
 .text.HAL_TIM_ConfigClockSource
                0x000000000800441c      0x17c Drivers/STM32F0xx_HAL_Driver/Src/stm32f0xx_hal_tim.o
                0x000000000800441c                HAL_TIM_ConfigClockSource
 .text.HAL_TIM_OC_DelayElapsedCallback
                0x0000000008004598       0x10 Drivers/STM32F0xx_HAL_Driver/Src/stm32f0xx_hal_tim.o
                0x0000000008004598                HAL_TIM_OC_DelayElapsedCallback
 .text.HAL_TIM_IC_CaptureCallback
                0x00000000080045a8       0x10 Drivers/STM32F0xx_HAL_Driver/Src/stm32f0xx_hal_tim.o
                0x00000000080045a8                HAL_TIM_IC_CaptureCallback
 .text.HAL_TIM_PWM_PulseFinishedCallback
                0x00000000080045b8       0x10 Drivers/STM32F0xx_HAL_Driver/Src/stm32f0xx_hal_tim.o
                0x00000000080045b8                HAL_TIM_PWM_PulseFinishedCallback
 .text.HAL_TIM_TriggerCallback
                0x00000000080045c8       0x10 Drivers/STM32F0xx_HAL_Driver/Src/stm32f0xx_hal_tim.o
                0x00000000080045c8                HAL_TIM_TriggerCallback
 .text.TIM_Base_SetConfig
                0x00000000080045d8      0x100 Drivers/STM32F0xx_HAL_Driver/Src/stm32f0xx_hal_tim.o
                0x00000000080045d8                TIM_Base_SetConfig
 .text.TIM_TI1_ConfigInputStage
                0x00000000080046d8       0x5c Drivers/STM32F0xx_HAL_Driver/Src/stm32f0xx_hal_tim.o
 .text.TIM_TI2_ConfigInputStage
                0x0000000008004734       0x64 Drivers/STM32F0xx_HAL_Driver/Src/stm32f0xx_hal_tim.o
 .text.TIM_ITRx_SetConfig
                0x0000000008004798       0x32 Drivers/STM32F0xx_HAL_Driver/Src/stm32f0xx_hal_tim.o
 *fill*         0x00000000080047ca        0x2 
 .text.TIM_ETR_SetConfig
                0x00000000080047cc       0x40 Drivers/STM32F0xx_HAL_Driver/Src/stm32f0xx_hal_tim.o
                0x00000000080047cc                TIM_ETR_SetConfig
 .text.HAL_TIMEx_MasterConfigSynchronization
                0x000000000800480c       0xbc Drivers/STM32F0xx_HAL_Driver/Src/stm32f0xx_hal_tim_ex.o
                0x000000000800480c                HAL_TIMEx_MasterConfigSynchronization
 .text.HAL_TIMEx_CommutCallback
                0x00000000080048c8       0x10 Drivers/STM32F0xx_HAL_Driver/Src/stm32f0xx_hal_tim_ex.o
                0x00000000080048c8                HAL_TIMEx_CommutCallback
 .text.HAL_TIMEx_BreakCallback
                0x00000000080048d8       0x10 Drivers/STM32F0xx_HAL_Driver/Src/stm32f0xx_hal_tim_ex.o
                0x00000000080048d8                HAL_TIMEx_BreakCallback
 .text.USB_EnableGlobalInt
                0x00000000080048e8       0x34 Drivers/STM32F0xx_HAL_Driver/Src/stm32f0xx_ll_usb.o
                0x00000000080048e8                USB_EnableGlobalInt
 .text.USB_DisableGlobalInt
                0x000000000800491c       0x40 Drivers/STM32F0xx_HAL_Driver/Src/stm32f0xx_ll_usb.o
                0x000000000800491c                USB_DisableGlobalInt
 .text.USB_DevInit
                0x000000000800495c       0x60 Drivers/STM32F0xx_HAL_Driver/Src/stm32f0xx_ll_usb.o
                0x000000000800495c                USB_DevInit
 .text.USB_ActivateEndpoint
                0x00000000080049bc      0x5f0 Drivers/STM32F0xx_HAL_Driver/Src/stm32f0xx_ll_usb.o
                0x00000000080049bc                USB_ActivateEndpoint
 .text.USB_DeactivateEndpoint
                0x0000000008004fac      0x2ec Drivers/STM32F0xx_HAL_Driver/Src/stm32f0xx_ll_usb.o
                0x0000000008004fac                USB_DeactivateEndpoint
 .text.USB_EPStartXfer
                0x0000000008005298      0x5a4 Drivers/STM32F0xx_HAL_Driver/Src/stm32f0xx_ll_usb.o
                0x0000000008005298                USB_EPStartXfer
 .text.USB_EPSetStall
                0x000000000800583c       0x84 Drivers/STM32F0xx_HAL_Driver/Src/stm32f0xx_ll_usb.o
                0x000000000800583c                USB_EPSetStall
 .text.USB_EPClearStall
                0x00000000080058c0      0x124 Drivers/STM32F0xx_HAL_Driver/Src/stm32f0xx_ll_usb.o
                0x00000000080058c0                USB_EPClearStall
 .text.USB_SetDevAddress
                0x00000000080059e4       0x28 Drivers/STM32F0xx_HAL_Driver/Src/stm32f0xx_ll_usb.o
                0x00000000080059e4                USB_SetDevAddress
 .text.USB_DevConnect
                0x0000000008005a0c       0x2c Drivers/STM32F0xx_HAL_Driver/Src/stm32f0xx_ll_usb.o
                0x0000000008005a0c                USB_DevConnect
 .text.USB_ReadInterrupts
                0x0000000008005a38       0x1c Drivers/STM32F0xx_HAL_Driver/Src/stm32f0xx_ll_usb.o
                0x0000000008005a38                USB_ReadInterrupts
 .text.USB_EP0_OutStart
                0x0000000008005a54       0x14 Drivers/STM32F0xx_HAL_Driver/Src/stm32f0xx_ll_usb.o
                0x0000000008005a54                USB_EP0_OutStart
 .text.USB_WritePMA
                0x0000000008005a68       0x86 Drivers/STM32F0xx_HAL_Driver/Src/stm32f0xx_ll_usb.o
                0x0000000008005a68                USB_WritePMA
 .text.USB_ReadPMA
                0x0000000008005aee       0x9e Drivers/STM32F0xx_HAL_Driver/Src/stm32f0xx_ll_usb.o
                0x0000000008005aee                USB_ReadPMA
 .text.USBD_CUSTOM_HID_Init
                0x0000000008005b8c       0x9c Middlewares/ST/STM32_USB_Device_Library/Class/CustomHID/Src/usbd_customhid.o
 .text.USBD_CUSTOM_HID_DeInit
                0x0000000008005c28       0x6c Middlewares/ST/STM32_USB_Device_Library/Class/CustomHID/Src/usbd_customhid.o
 .text.USBD_CUSTOM_HID_Setup
                0x0000000008005c94      0x21c Middlewares/ST/STM32_USB_Device_Library/Class/CustomHID/Src/usbd_customhid.o
 .text.USBD_CUSTOM_HID_SendReport
                0x0000000008005eb0       0x54 Middlewares/ST/STM32_USB_Device_Library/Class/CustomHID/Src/usbd_customhid.o
                0x0000000008005eb0                USBD_CUSTOM_HID_SendReport
 .text.USBD_CUSTOM_HID_GetFSCfgDesc
                0x0000000008005f04       0x1c Middlewares/ST/STM32_USB_Device_Library/Class/CustomHID/Src/usbd_customhid.o
 .text.USBD_CUSTOM_HID_GetHSCfgDesc
                0x0000000008005f20       0x1c Middlewares/ST/STM32_USB_Device_Library/Class/CustomHID/Src/usbd_customhid.o
 .text.USBD_CUSTOM_HID_GetOtherSpeedCfgDesc
                0x0000000008005f3c       0x1c Middlewares/ST/STM32_USB_Device_Library/Class/CustomHID/Src/usbd_customhid.o
 .text.USBD_CUSTOM_HID_DataIn
                0x0000000008005f58       0x26 Middlewares/ST/STM32_USB_Device_Library/Class/CustomHID/Src/usbd_customhid.o
 .text.USBD_CUSTOM_HID_DataOut
                0x0000000008005f7e       0x44 Middlewares/ST/STM32_USB_Device_Library/Class/CustomHID/Src/usbd_customhid.o
 .text.USBD_CUSTOM_HID_EP0_RxReady
                0x0000000008005fc2       0x40 Middlewares/ST/STM32_USB_Device_Library/Class/CustomHID/Src/usbd_customhid.o
 *fill*         0x0000000008006002        0x2 
 .text.USBD_CUSTOM_HID_GetDeviceQualifierDesc
                0x0000000008006004       0x1c Middlewares/ST/STM32_USB_Device_Library/Class/CustomHID/Src/usbd_customhid.o
 .text.USBD_CUSTOM_HID_RegisterInterface
                0x0000000008006020       0x38 Middlewares/ST/STM32_USB_Device_Library/Class/CustomHID/Src/usbd_customhid.o
                0x0000000008006020                USBD_CUSTOM_HID_RegisterInterface
 .text.USBD_Init
                0x0000000008006058       0x62 Middlewares/ST/STM32_USB_Device_Library/Core/Src/usbd_core.o
                0x0000000008006058                USBD_Init
 .text.USBD_RegisterClass
                0x00000000080060ba       0x42 Middlewares/ST/STM32_USB_Device_Library/Core/Src/usbd_core.o
                0x00000000080060ba                USBD_RegisterClass
 .text.USBD_Start
                0x00000000080060fc       0x1a Middlewares/ST/STM32_USB_Device_Library/Core/Src/usbd_core.o
                0x00000000080060fc                USBD_Start
 .text.USBD_RunTestMode
                0x0000000008006116       0x12 Middlewares/ST/STM32_USB_Device_Library/Core/Src/usbd_core.o
                0x0000000008006116                USBD_RunTestMode
 .text.USBD_SetClassConfig
                0x0000000008006128       0x50 Middlewares/ST/STM32_USB_Device_Library/Core/Src/usbd_core.o
                0x0000000008006128                USBD_SetClassConfig
 .text.USBD_ClrClassConfig
                0x0000000008006178       0x2c Middlewares/ST/STM32_USB_Device_Library/Core/Src/usbd_core.o
                0x0000000008006178                USBD_ClrClassConfig
 .text.USBD_LL_SetupStage
                0x00000000080061a4       0xb8 Middlewares/ST/STM32_USB_Device_Library/Core/Src/usbd_core.o
                0x00000000080061a4                USBD_LL_SetupStage
 .text.USBD_LL_DataOutStage
                0x000000000800625c      0x104 Middlewares/ST/STM32_USB_Device_Library/Core/Src/usbd_core.o
                0x000000000800625c                USBD_LL_DataOutStage
 .text.USBD_LL_DataInStage
                0x0000000008006360      0x17a Middlewares/ST/STM32_USB_Device_Library/Core/Src/usbd_core.o
                0x0000000008006360                USBD_LL_DataInStage
 .text.USBD_LL_Reset
                0x00000000080064da       0x90 Middlewares/ST/STM32_USB_Device_Library/Core/Src/usbd_core.o
                0x00000000080064da                USBD_LL_Reset
 .text.USBD_LL_SetSpeed
                0x000000000800656a       0x20 Middlewares/ST/STM32_USB_Device_Library/Core/Src/usbd_core.o
                0x000000000800656a                USBD_LL_SetSpeed
 *fill*         0x000000000800658a        0x2 
 .text.USBD_LL_Suspend
                0x000000000800658c       0x30 Middlewares/ST/STM32_USB_Device_Library/Core/Src/usbd_core.o
                0x000000000800658c                USBD_LL_Suspend
 .text.USBD_LL_Resume
                0x00000000080065bc       0x30 Middlewares/ST/STM32_USB_Device_Library/Core/Src/usbd_core.o
                0x00000000080065bc                USBD_LL_Resume
 .text.USBD_LL_SOF
                0x00000000080065ec       0x3c Middlewares/ST/STM32_USB_Device_Library/Core/Src/usbd_core.o
                0x00000000080065ec                USBD_LL_SOF
 .text.USBD_StdDevReq
                0x0000000008006628       0xe4 Middlewares/ST/STM32_USB_Device_Library/Core/Src/usbd_ctlreq.o
                0x0000000008006628                USBD_StdDevReq
 .text.USBD_StdItfReq
                0x000000000800670c       0xae Middlewares/ST/STM32_USB_Device_Library/Core/Src/usbd_ctlreq.o
                0x000000000800670c                USBD_StdItfReq
 .text.USBD_StdEPReq
                0x00000000080067ba      0x37c Middlewares/ST/STM32_USB_Device_Library/Core/Src/usbd_ctlreq.o
                0x00000000080067ba                USBD_StdEPReq
 *fill*         0x0000000008006b36        0x2 
 .text.USBD_GetDescriptor
                0x0000000008006b38      0x368 Middlewares/ST/STM32_USB_Device_Library/Core/Src/usbd_ctlreq.o
 .text.USBD_SetAddress
                0x0000000008006ea0       0xa8 Middlewares/ST/STM32_USB_Device_Library/Core/Src/usbd_ctlreq.o
 .text.USBD_SetConfig
                0x0000000008006f48      0x148 Middlewares/ST/STM32_USB_Device_Library/Core/Src/usbd_ctlreq.o
 .text.USBD_GetConfig
                0x0000000008007090       0x74 Middlewares/ST/STM32_USB_Device_Library/Core/Src/usbd_ctlreq.o
 .text.USBD_GetStatus
                0x0000000008007104       0x74 Middlewares/ST/STM32_USB_Device_Library/Core/Src/usbd_ctlreq.o
 .text.USBD_SetFeature
                0x0000000008007178       0x2c Middlewares/ST/STM32_USB_Device_Library/Core/Src/usbd_ctlreq.o
 .text.USBD_ClrFeature
                0x00000000080071a4       0x4c Middlewares/ST/STM32_USB_Device_Library/Core/Src/usbd_ctlreq.o
 .text.USBD_ParseSetupRequest
                0x00000000080071f0       0x76 Middlewares/ST/STM32_USB_Device_Library/Core/Src/usbd_ctlreq.o
                0x00000000080071f0                USBD_ParseSetupRequest
 .text.USBD_CtlError
                0x0000000008007266       0x26 Middlewares/ST/STM32_USB_Device_Library/Core/Src/usbd_ctlreq.o
                0x0000000008007266                USBD_CtlError
 .text.USBD_GetString
                0x000000000800728c       0x9e Middlewares/ST/STM32_USB_Device_Library/Core/Src/usbd_ctlreq.o
                0x000000000800728c                USBD_GetString
 .text.USBD_GetLen
                0x000000000800732a       0x3a Middlewares/ST/STM32_USB_Device_Library/Core/Src/usbd_ctlreq.o
 .text.USBD_CtlSendData
                0x0000000008007364       0x40 Middlewares/ST/STM32_USB_Device_Library/Core/Src/usbd_ioreq.o
                0x0000000008007364                USBD_CtlSendData
 .text.USBD_CtlContinueSendData
                0x00000000080073a4       0x26 Middlewares/ST/STM32_USB_Device_Library/Core/Src/usbd_ioreq.o
                0x00000000080073a4                USBD_CtlContinueSendData
 .text.USBD_CtlPrepareRx
                0x00000000080073ca       0x48 Middlewares/ST/STM32_USB_Device_Library/Core/Src/usbd_ioreq.o
                0x00000000080073ca                USBD_CtlPrepareRx
 .text.USBD_CtlContinueRx
                0x0000000008007412       0x26 Middlewares/ST/STM32_USB_Device_Library/Core/Src/usbd_ioreq.o
                0x0000000008007412                USBD_CtlContinueRx
 .text.USBD_CtlSendStatus
                0x0000000008007438       0x28 Middlewares/ST/STM32_USB_Device_Library/Core/Src/usbd_ioreq.o
                0x0000000008007438                USBD_CtlSendStatus
 .text.USBD_CtlReceiveStatus
                0x0000000008007460       0x28 Middlewares/ST/STM32_USB_Device_Library/Core/Src/usbd_ioreq.o
                0x0000000008007460                USBD_CtlReceiveStatus
 .text.MX_USB_DEVICE_Init
                0x0000000008007488       0x68 USB_DEVICE/App/usb_device.o
                0x0000000008007488                MX_USB_DEVICE_Init
 .text.CUSTOM_HID_Init_FS
                0x00000000080074f0        0xc USB_DEVICE/App/usbd_custom_hid_if.o
 .text.CUSTOM_HID_DeInit_FS
                0x00000000080074fc        0xc USB_DEVICE/App/usbd_custom_hid_if.o
 .text.CUSTOM_HID_OutEvent_FS
                0x0000000008007508       0x2c USB_DEVICE/App/usbd_custom_hid_if.o
 .text.USBD_FS_DeviceDescriptor
                0x0000000008007534       0x24 USB_DEVICE/App/usbd_desc.o
                0x0000000008007534                USBD_FS_DeviceDescriptor
 .text.USBD_FS_LangIDStrDescriptor
                0x0000000008007558       0x24 USB_DEVICE/App/usbd_desc.o
                0x0000000008007558                USBD_FS_LangIDStrDescriptor
 .text.USBD_FS_ProductStrDescriptor
                0x000000000800757c       0x44 USB_DEVICE/App/usbd_desc.o
                0x000000000800757c                USBD_FS_ProductStrDescriptor
 .text.USBD_FS_ManufacturerStrDescriptor
                0x00000000080075c0       0x2c USB_DEVICE/App/usbd_desc.o
                0x00000000080075c0                USBD_FS_ManufacturerStrDescriptor
 .text.USBD_FS_SerialStrDescriptor
                0x00000000080075ec       0x28 USB_DEVICE/App/usbd_desc.o
                0x00000000080075ec                USBD_FS_SerialStrDescriptor
 .text.USBD_FS_ConfigStrDescriptor
                0x0000000008007614       0x44 USB_DEVICE/App/usbd_desc.o
                0x0000000008007614                USBD_FS_ConfigStrDescriptor
 .text.USBD_FS_InterfaceStrDescriptor
                0x0000000008007658       0x44 USB_DEVICE/App/usbd_desc.o
                0x0000000008007658                USBD_FS_InterfaceStrDescriptor
 .text.Get_SerialNum
                0x000000000800769c       0x5c USB_DEVICE/App/usbd_desc.o
 .text.IntToUnicode
                0x00000000080076f8       0x94 USB_DEVICE/App/usbd_desc.o
 .text.HAL_PCD_MspInit
                0x000000000800778c       0x50 USB_DEVICE/Target/usbd_conf.o
                0x000000000800778c                HAL_PCD_MspInit
 .text.HAL_PCD_SetupStageCallback
                0x00000000080077dc       0x2a USB_DEVICE/Target/usbd_conf.o
                0x00000000080077dc                HAL_PCD_SetupStageCallback
 .text.HAL_PCD_DataOutStageCallback
                0x0000000008007806       0x3a USB_DEVICE/Target/usbd_conf.o
                0x0000000008007806                HAL_PCD_DataOutStageCallback
 .text.HAL_PCD_DataInStageCallback
                0x0000000008007840       0x36 USB_DEVICE/Target/usbd_conf.o
                0x0000000008007840                HAL_PCD_DataInStageCallback
 .text.HAL_PCD_SOFCallback
                0x0000000008007876       0x1e USB_DEVICE/Target/usbd_conf.o
                0x0000000008007876                HAL_PCD_SOFCallback
 .text.HAL_PCD_ResetCallback
                0x0000000008007894       0x48 USB_DEVICE/Target/usbd_conf.o
                0x0000000008007894                HAL_PCD_ResetCallback
 .text.HAL_PCD_SuspendCallback
                0x00000000080078dc       0x38 USB_DEVICE/Target/usbd_conf.o
                0x00000000080078dc                HAL_PCD_SuspendCallback
 .text.HAL_PCD_ResumeCallback
                0x0000000008007914       0x3c USB_DEVICE/Target/usbd_conf.o
                0x0000000008007914                HAL_PCD_ResumeCallback
 .text.USBD_LL_Init
                0x0000000008007950       0xb0 USB_DEVICE/Target/usbd_conf.o
                0x0000000008007950                USBD_LL_Init
 .text.USBD_LL_Start
                0x0000000008007a00       0x4c USB_DEVICE/Target/usbd_conf.o
                0x0000000008007a00                USBD_LL_Start
 .text.USBD_LL_OpenEP
                0x0000000008007a4c       0x6e USB_DEVICE/Target/usbd_conf.o
                0x0000000008007a4c                USBD_LL_OpenEP
 .text.USBD_LL_CloseEP
                0x0000000008007aba       0x58 USB_DEVICE/Target/usbd_conf.o
                0x0000000008007aba                USBD_LL_CloseEP
 .text.USBD_LL_StallEP
                0x0000000008007b12       0x58 USB_DEVICE/Target/usbd_conf.o
                0x0000000008007b12                USBD_LL_StallEP
 .text.USBD_LL_ClearStallEP
                0x0000000008007b6a       0x58 USB_DEVICE/Target/usbd_conf.o
                0x0000000008007b6a                USBD_LL_ClearStallEP
 .text.USBD_LL_IsStallEP
                0x0000000008007bc2       0x56 USB_DEVICE/Target/usbd_conf.o
                0x0000000008007bc2                USBD_LL_IsStallEP
 .text.USBD_LL_SetUSBAddress
                0x0000000008007c18       0x58 USB_DEVICE/Target/usbd_conf.o
                0x0000000008007c18                USBD_LL_SetUSBAddress
 .text.USBD_LL_Transmit
                0x0000000008007c70       0x70 USB_DEVICE/Target/usbd_conf.o
                0x0000000008007c70                USBD_LL_Transmit
 .text.USBD_LL_PrepareReceive
                0x0000000008007ce0       0x70 USB_DEVICE/Target/usbd_conf.o
                0x0000000008007ce0                USBD_LL_PrepareReceive
 .text.USBD_static_malloc
                0x0000000008007d50       0x18 USB_DEVICE/Target/usbd_conf.o
                0x0000000008007d50                USBD_static_malloc
 .text.USBD_static_free
                0x0000000008007d68       0x10 USB_DEVICE/Target/usbd_conf.o
                0x0000000008007d68                USBD_static_free
 .text.SystemClockConfig_Resume
                0x0000000008007d78        0xe USB_DEVICE/Target/usbd_conf.o
 .text.USBD_Get_USB_Status
                0x0000000008007d86       0x6e USB_DEVICE/Target/usbd_conf.o
 .text.__libc_init_array
                0x0000000008007df4       0x48 c:/st/stm32cubeide_1.1.0/stm32cubeide/plugins/com.st.stm32cube.ide.mcu.externaltools.gnu-tools-for-stm32.7-2018-q2-update.win32_1.0.0.201904181610/tools/bin/../lib/gcc/arm-none-eabi/7.3.1/../../../../arm-none-eabi/lib/thumb/v6-m\libc_nano.a(lib_a-init.o)
                0x0000000008007df4                __libc_init_array
 .text.memcpy   0x0000000008007e3c       0x12 c:/st/stm32cubeide_1.1.0/stm32cubeide/plugins/com.st.stm32cube.ide.mcu.externaltools.gnu-tools-for-stm32.7-2018-q2-update.win32_1.0.0.201904181610/tools/bin/../lib/gcc/arm-none-eabi/7.3.1/../../../../arm-none-eabi/lib/thumb/v6-m\libc_nano.a(lib_a-memcpy-stub.o)
                0x0000000008007e3c                memcpy
 .text.memset   0x0000000008007e4e       0x10 c:/st/stm32cubeide_1.1.0/stm32cubeide/plugins/com.st.stm32cube.ide.mcu.externaltools.gnu-tools-for-stm32.7-2018-q2-update.win32_1.0.0.201904181610/tools/bin/../lib/gcc/arm-none-eabi/7.3.1/../../../../arm-none-eabi/lib/thumb/v6-m\libc_nano.a(lib_a-memset.o)
                0x0000000008007e4e                memset
 *(.glue_7)
 .glue_7        0x0000000008007e5e        0x0 linker stubs
 *(.glue_7t)
 .glue_7t       0x0000000008007e5e        0x0 linker stubs
 *(.eh_frame)
 *fill*         0x0000000008007e5e        0x2 
 .eh_frame      0x0000000008007e60        0x0 c:/st/stm32cubeide_1.1.0/stm32cubeide/plugins/com.st.stm32cube.ide.mcu.externaltools.gnu-tools-for-stm32.7-2018-q2-update.win32_1.0.0.201904181610/tools/bin/../lib/gcc/arm-none-eabi/7.3.1/thumb/v6-m/crtbegin.o
 *(.init)
 .init          0x0000000008007e60        0x4 c:/st/stm32cubeide_1.1.0/stm32cubeide/plugins/com.st.stm32cube.ide.mcu.externaltools.gnu-tools-for-stm32.7-2018-q2-update.win32_1.0.0.201904181610/tools/bin/../lib/gcc/arm-none-eabi/7.3.1/thumb/v6-m/crti.o
                0x0000000008007e60                _init
 .init          0x0000000008007e64        0x8 c:/st/stm32cubeide_1.1.0/stm32cubeide/plugins/com.st.stm32cube.ide.mcu.externaltools.gnu-tools-for-stm32.7-2018-q2-update.win32_1.0.0.201904181610/tools/bin/../lib/gcc/arm-none-eabi/7.3.1/thumb/v6-m/crtn.o
 *(.fini)
 .fini          0x0000000008007e6c        0x4 c:/st/stm32cubeide_1.1.0/stm32cubeide/plugins/com.st.stm32cube.ide.mcu.externaltools.gnu-tools-for-stm32.7-2018-q2-update.win32_1.0.0.201904181610/tools/bin/../lib/gcc/arm-none-eabi/7.3.1/thumb/v6-m/crti.o
                0x0000000008007e6c                _fini
 .fini          0x0000000008007e70        0x8 c:/st/stm32cubeide_1.1.0/stm32cubeide/plugins/com.st.stm32cube.ide.mcu.externaltools.gnu-tools-for-stm32.7-2018-q2-update.win32_1.0.0.201904181610/tools/bin/../lib/gcc/arm-none-eabi/7.3.1/thumb/v6-m/crtn.o
                0x0000000008007e78                . = ALIGN (0x4)
                0x0000000008007e78                _etext = .

.vfp11_veneer   0x0000000008007e78        0x0
 .vfp11_veneer  0x0000000008007e78        0x0 linker stubs

.v4_bx          0x0000000008007e78        0x0
 .v4_bx         0x0000000008007e78        0x0 linker stubs

.iplt           0x0000000008007e78        0x0
 .iplt          0x0000000008007e78        0x0 c:/st/stm32cubeide_1.1.0/stm32cubeide/plugins/com.st.stm32cube.ide.mcu.externaltools.gnu-tools-for-stm32.7-2018-q2-update.win32_1.0.0.201904181610/tools/bin/../lib/gcc/arm-none-eabi/7.3.1/thumb/v6-m/crtbegin.o

.rodata         0x0000000008007e78      0x194
                0x0000000008007e78                . = ALIGN (0x4)
 *(.rodata)
 .rodata        0x0000000008007e78       0x1f Core/Src/sniffer_para_set.o
 *fill*         0x0000000008007e97        0x1 
 .rodata        0x0000000008007e98       0x20 Drivers/STM32F0xx_HAL_Driver/Src/stm32f0xx_hal_rcc.o
 .rodata        0x0000000008007eb8       0x41 USB_DEVICE/App/usbd_desc.o
 *(.rodata*)
 *fill*         0x0000000008007ef9        0x3 
 .rodata.g_can_speed
                0x0000000008007efc       0x70 Core/Src/sniffer_para_set.o
                0x0000000008007efc                g_can_speed
 .rodata.AHBPrescTable
                0x0000000008007f6c       0x10 Core/Src/system_stm32f0xx.o
                0x0000000008007f6c                AHBPrescTable
 .rodata.USBD_CUSTOM_HID_Setup
                0x0000000008007f7c       0x30 Middlewares/ST/STM32_USB_Device_Library/Class/CustomHID/Src/usbd_customhid.o
 .rodata.USBD_StdDevReq
                0x0000000008007fac       0x28 Middlewares/ST/STM32_USB_Device_Library/Core/Src/usbd_ctlreq.o
 .rodata.USBD_GetDescriptor
                0x0000000008007fd4       0x38 Middlewares/ST/STM32_USB_Device_Library/Core/Src/usbd_ctlreq.o
                0x000000000800800c                . = ALIGN (0x4)

.rel.dyn        0x000000000800800c        0x0
 .rel.iplt      0x000000000800800c        0x0 c:/st/stm32cubeide_1.1.0/stm32cubeide/plugins/com.st.stm32cube.ide.mcu.externaltools.gnu-tools-for-stm32.7-2018-q2-update.win32_1.0.0.201904181610/tools/bin/../lib/gcc/arm-none-eabi/7.3.1/thumb/v6-m/crtbegin.o

.ARM.extab      0x000000000800800c        0x0
                0x000000000800800c                . = ALIGN (0x4)
 *(.ARM.extab* .gnu.linkonce.armextab.*)
                0x000000000800800c                . = ALIGN (0x4)

.ARM            0x000000000800800c        0x0
                0x000000000800800c                . = ALIGN (0x4)
                0x000000000800800c                __exidx_start = .
 *(.ARM.exidx*)
                0x000000000800800c                __exidx_end = .
                0x000000000800800c                . = ALIGN (0x4)

.preinit_array  0x000000000800800c        0x0
                0x000000000800800c                . = ALIGN (0x4)
                0x000000000800800c                PROVIDE (__preinit_array_start = .)
 *(.preinit_array*)
                0x000000000800800c                PROVIDE (__preinit_array_end = .)
                0x000000000800800c                . = ALIGN (0x4)

.init_array     0x000000000800800c        0x4
                0x000000000800800c                . = ALIGN (0x4)
                0x000000000800800c                PROVIDE (__init_array_start = .)
 *(SORT_BY_NAME(.init_array.*))
 *(.init_array*)
 .init_array    0x000000000800800c        0x4 c:/st/stm32cubeide_1.1.0/stm32cubeide/plugins/com.st.stm32cube.ide.mcu.externaltools.gnu-tools-for-stm32.7-2018-q2-update.win32_1.0.0.201904181610/tools/bin/../lib/gcc/arm-none-eabi/7.3.1/thumb/v6-m/crtbegin.o
                0x0000000008008010                PROVIDE (__init_array_end = .)
                0x0000000008008010                . = ALIGN (0x4)

.fini_array     0x0000000008008010        0x4
                0x0000000008008010                . = ALIGN (0x4)
                [!provide]                        PROVIDE (__fini_array_start = .)
 *(SORT_BY_NAME(.fini_array.*))
 *(.fini_array*)
 .fini_array    0x0000000008008010        0x4 c:/st/stm32cubeide_1.1.0/stm32cubeide/plugins/com.st.stm32cube.ide.mcu.externaltools.gnu-tools-for-stm32.7-2018-q2-update.win32_1.0.0.201904181610/tools/bin/../lib/gcc/arm-none-eabi/7.3.1/thumb/v6-m/crtbegin.o
                [!provide]                        PROVIDE (__fini_array_end = .)
                0x0000000008008014                . = ALIGN (0x4)
                0x0000000008008014                _sidata = LOADADDR (.data)

.data           0x0000000020000000      0x168 load address 0x0000000008008014
                0x0000000020000000                . = ALIGN (0x4)
                0x0000000020000000                _sdata = .
 *(.data)
 *(.data*)
 .data.match_idx
                0x0000000020000000        0x1 Core/Src/driver_user_if.o
 *fill*         0x0000000020000001        0x3 
 .data.SystemCoreClock
                0x0000000020000004        0x4 Core/Src/system_stm32f0xx.o
                0x0000000020000004                SystemCoreClock
 .data.uwTickPrio
                0x0000000020000008        0x4 Drivers/STM32F0xx_HAL_Driver/Src/stm32f0xx_hal.o
                0x0000000020000008                uwTickPrio
 .data.uwTickFreq
                0x000000002000000c        0x1 Drivers/STM32F0xx_HAL_Driver/Src/stm32f0xx_hal.o
                0x000000002000000c                uwTickFreq
 *fill*         0x000000002000000d        0x3 
 .data.USBD_CUSTOM_HID
                0x0000000020000010       0x38 Middlewares/ST/STM32_USB_Device_Library/Class/CustomHID/Src/usbd_customhid.o
                0x0000000020000010                USBD_CUSTOM_HID
 .data.USBD_CUSTOM_HID_CfgFSDesc
                0x0000000020000048       0x29 Middlewares/ST/STM32_USB_Device_Library/Class/CustomHID/Src/usbd_customhid.o
 *fill*         0x0000000020000071        0x3 
 .data.USBD_CUSTOM_HID_CfgHSDesc
                0x0000000020000074       0x29 Middlewares/ST/STM32_USB_Device_Library/Class/CustomHID/Src/usbd_customhid.o
 *fill*         0x000000002000009d        0x3 
 .data.USBD_CUSTOM_HID_OtherSpeedCfgDesc
                0x00000000200000a0       0x29 Middlewares/ST/STM32_USB_Device_Library/Class/CustomHID/Src/usbd_customhid.o
 *fill*         0x00000000200000c9        0x3 
 .data.USBD_CUSTOM_HID_Desc
                0x00000000200000cc        0x9 Middlewares/ST/STM32_USB_Device_Library/Class/CustomHID/Src/usbd_customhid.o
 *fill*         0x00000000200000d5        0x3 
 .data.USBD_CUSTOM_HID_DeviceQualifierDesc
                0x00000000200000d8        0xa Middlewares/ST/STM32_USB_Device_Library/Class/CustomHID/Src/usbd_customhid.o
 *fill*         0x00000000200000e2        0x2 
 .data.CUSTOM_HID_ReportDesc_FS
                0x00000000200000e4       0x21 USB_DEVICE/App/usbd_custom_hid_if.o
 *fill*         0x0000000020000105        0x3 
 .data.USBD_CustomHID_fops_FS
                0x0000000020000108       0x10 USB_DEVICE/App/usbd_custom_hid_if.o
                0x0000000020000108                USBD_CustomHID_fops_FS
 .data.FS_Desc  0x0000000020000118       0x1c USB_DEVICE/App/usbd_desc.o
                0x0000000020000118                FS_Desc
 .data.USBD_FS_DeviceDesc
                0x0000000020000134       0x12 USB_DEVICE/App/usbd_desc.o
                0x0000000020000134                USBD_FS_DeviceDesc
 *fill*         0x0000000020000146        0x2 
 .data.USBD_LangIDDesc
                0x0000000020000148        0x4 USB_DEVICE/App/usbd_desc.o
                0x0000000020000148                USBD_LangIDDesc
 .data.USBD_StringSerial
                0x000000002000014c       0x1a USB_DEVICE/App/usbd_desc.o
                0x000000002000014c                USBD_StringSerial
                0x0000000020000168                . = ALIGN (0x4)
 *fill*         0x0000000020000166        0x2 
                0x0000000020000168                _edata = .

.igot.plt       0x0000000020000168        0x0 load address 0x000000000800817c
 .igot.plt      0x0000000020000168        0x0 c:/st/stm32cubeide_1.1.0/stm32cubeide/plugins/com.st.stm32cube.ide.mcu.externaltools.gnu-tools-for-stm32.7-2018-q2-update.win32_1.0.0.201904181610/tools/bin/../lib/gcc/arm-none-eabi/7.3.1/thumb/v6-m/crtbegin.o
                0x0000000020000168                . = ALIGN (0x4)

.bss            0x0000000020000168      0xaec load address 0x000000000800817c
                0x0000000020000168                _sbss = .
                0x0000000020000168                __bss_start__ = _sbss
 *(.bss)
 .bss           0x0000000020000168       0x1c c:/st/stm32cubeide_1.1.0/stm32cubeide/plugins/com.st.stm32cube.ide.mcu.externaltools.gnu-tools-for-stm32.7-2018-q2-update.win32_1.0.0.201904181610/tools/bin/../lib/gcc/arm-none-eabi/7.3.1/thumb/v6-m/crtbegin.o
 *(.bss*)
 .bss.tx_cnt    0x0000000020000184        0x4 Core/Src/data_streaming.o
                0x0000000020000184                tx_cnt
 .bss.can_tx_complete
                0x0000000020000188        0x1 Core/Src/driver_user_if.o
 *fill*         0x0000000020000189        0x1 
 .bss.tim3_cnt  0x000000002000018a        0x2 Core/Src/driver_user_if.o
 .bss.sFilterConfig
                0x000000002000018c       0x28 Core/Src/driver_user_if.o
 .bss.can_tx_hd
                0x00000000200001b4       0x18 Core/Src/driver_user_if.o
 .bss.can_rx_hd
                0x00000000200001cc       0x1c Core/Src/driver_user_if.o
 .bss.messagebox
                0x00000000200001e8        0x4 Core/Src/driver_user_if.o
 .bss.pre_queue
                0x00000000200001ec       0x40 Core/Src/driver_user_if.o
 .bss.pre_q_ptr
                0x000000002000022c        0x4 Core/Src/driver_user_if.o
 .bss.pre_q_cnt
                0x0000000020000230        0x1 Core/Src/driver_user_if.o
 *fill*         0x0000000020000231        0x3 
 .bss.sFilterConfig
                0x0000000020000234       0x28 Core/Src/sniffer_para_set.o
 .bss.cfgidx.8496
                0x000000002000025c        0x1 Middlewares/ST/STM32_USB_Device_Library/Core/Src/usbd_ctlreq.o
 *fill*         0x000000002000025d        0x3 
 .bss.mem.8550  0x0000000020000260       0x58 USB_DEVICE/Target/usbd_conf.o
 *(COMMON)
 COMMON         0x00000000200002b8       0x44 Core/Src/data_streaming.o
                0x00000000200002b8                usb_q_buf
 COMMON         0x00000000200002fc      0x1b0 Core/Src/driver_user_if.o
                0x00000000200002fc                can_rx_buf
                0x000000002000030c                usb_tx_buf
                0x0000000020000350                Q
                0x0000000020000454                can_tx_buf
                0x0000000020000464                g_usb_rx_complete
                0x0000000020000465                g_can_rx_complete
                0x0000000020000468                usb_rx_buf
 COMMON         0x00000000200004ac       0x6c Core/Src/main.o
                0x00000000200004ac                sniffer_mode
                0x00000000200004b0                hcan
                0x00000000200004d8                htim3
 COMMON         0x0000000020000518        0x4 Drivers/STM32F0xx_HAL_Driver/Src/stm32f0xx_hal.o
                0x0000000020000518                uwTick
 COMMON         0x000000002000051c      0x2c4 USB_DEVICE/App/usb_device.o
                0x000000002000051c                hUsbDeviceFS
 COMMON         0x00000000200007e0      0x200 USB_DEVICE/App/usbd_desc.o
                0x00000000200007e0                USBD_StrDesc
 COMMON         0x00000000200009e0      0x274 USB_DEVICE/Target/usbd_conf.o
                0x00000000200009e0                hpcd_USB_FS
                0x0000000020000c54                . = ALIGN (0x4)
                0x0000000020000c54                _ebss = .
                0x0000000020000c54                __bss_end__ = _ebss

._user_heap_stack
                0x0000000020000c54      0x604 load address 0x000000000800817c
                0x0000000020000c58                . = ALIGN (0x8)
 *fill*         0x0000000020000c54        0x4 
                0x0000000020000c58                PROVIDE (end = .)
                [!provide]                        PROVIDE (_end = .)
                0x0000000020000e58                . = (. + _Min_Heap_Size)
 *fill*         0x0000000020000c58      0x200 
                0x0000000020001258                . = (. + _Min_Stack_Size)
 *fill*         0x0000000020000e58      0x400 
                0x0000000020001258                . = ALIGN (0x8)

/DISCARD/
 libc.a(*)
 libm.a(*)
 libgcc.a(*)

.ARM.attributes
                0x0000000000000000       0x28
 *(.ARM.attributes)
 .ARM.attributes
                0x0000000000000000       0x1e c:/st/stm32cubeide_1.1.0/stm32cubeide/plugins/com.st.stm32cube.ide.mcu.externaltools.gnu-tools-for-stm32.7-2018-q2-update.win32_1.0.0.201904181610/tools/bin/../lib/gcc/arm-none-eabi/7.3.1/thumb/v6-m/crti.o
 .ARM.attributes
                0x000000000000001e       0x2c c:/st/stm32cubeide_1.1.0/stm32cubeide/plugins/com.st.stm32cube.ide.mcu.externaltools.gnu-tools-for-stm32.7-2018-q2-update.win32_1.0.0.201904181610/tools/bin/../lib/gcc/arm-none-eabi/7.3.1/thumb/v6-m/crtbegin.o
 .ARM.attributes
                0x000000000000004a       0x31 Core/Src/data_streaming.o
 .ARM.attributes
                0x000000000000007b       0x31 Core/Src/driver_user_if.o
 .ARM.attributes
                0x00000000000000ac       0x31 Core/Src/main.o
 .ARM.attributes
                0x00000000000000dd       0x31 Core/Src/sniffer_para_set.o
 .ARM.attributes
                0x000000000000010e       0x31 Core/Src/stm32f0xx_hal_msp.o
 .ARM.attributes
                0x000000000000013f       0x31 Core/Src/stm32f0xx_it.o
 .ARM.attributes
                0x0000000000000170       0x31 Core/Src/system_stm32f0xx.o
 .ARM.attributes
                0x00000000000001a1       0x21 Core/Startup/startup_stm32f072rbtx.o
 .ARM.attributes
                0x00000000000001c2       0x31 Drivers/STM32F0xx_HAL_Driver/Src/stm32f0xx_hal.o
 .ARM.attributes
                0x00000000000001f3       0x31 Drivers/STM32F0xx_HAL_Driver/Src/stm32f0xx_hal_can.o
 .ARM.attributes
                0x0000000000000224       0x31 Drivers/STM32F0xx_HAL_Driver/Src/stm32f0xx_hal_cortex.o
 .ARM.attributes
                0x0000000000000255       0x31 Drivers/STM32F0xx_HAL_Driver/Src/stm32f0xx_hal_gpio.o
 .ARM.attributes
                0x0000000000000286       0x31 Drivers/STM32F0xx_HAL_Driver/Src/stm32f0xx_hal_pcd.o
 .ARM.attributes
                0x00000000000002b7       0x31 Drivers/STM32F0xx_HAL_Driver/Src/stm32f0xx_hal_pcd_ex.o
 .ARM.attributes
                0x00000000000002e8       0x31 Drivers/STM32F0xx_HAL_Driver/Src/stm32f0xx_hal_rcc.o
 .ARM.attributes
                0x0000000000000319       0x31 Drivers/STM32F0xx_HAL_Driver/Src/stm32f0xx_hal_rcc_ex.o
 .ARM.attributes
                0x000000000000034a       0x31 Drivers/STM32F0xx_HAL_Driver/Src/stm32f0xx_hal_tim.o
 .ARM.attributes
                0x000000000000037b       0x31 Drivers/STM32F0xx_HAL_Driver/Src/stm32f0xx_hal_tim_ex.o
 .ARM.attributes
                0x00000000000003ac       0x31 Drivers/STM32F0xx_HAL_Driver/Src/stm32f0xx_ll_usb.o
 .ARM.attributes
                0x00000000000003dd       0x31 Middlewares/ST/STM32_USB_Device_Library/Class/CustomHID/Src/usbd_customhid.o
 .ARM.attributes
                0x000000000000040e       0x31 Middlewares/ST/STM32_USB_Device_Library/Core/Src/usbd_core.o
 .ARM.attributes
                0x000000000000043f       0x31 Middlewares/ST/STM32_USB_Device_Library/Core/Src/usbd_ctlreq.o
 .ARM.attributes
                0x0000000000000470       0x31 Middlewares/ST/STM32_USB_Device_Library/Core/Src/usbd_ioreq.o
 .ARM.attributes
                0x00000000000004a1       0x31 USB_DEVICE/App/usb_device.o
 .ARM.attributes
                0x00000000000004d2       0x31 USB_DEVICE/App/usbd_custom_hid_if.o
 .ARM.attributes
                0x0000000000000503       0x31 USB_DEVICE/App/usbd_desc.o
 .ARM.attributes
                0x0000000000000534       0x31 USB_DEVICE/Target/usbd_conf.o
 .ARM.attributes
                0x0000000000000565       0x2c c:/st/stm32cubeide_1.1.0/stm32cubeide/plugins/com.st.stm32cube.ide.mcu.externaltools.gnu-tools-for-stm32.7-2018-q2-update.win32_1.0.0.201904181610/tools/bin/../lib/gcc/arm-none-eabi/7.3.1/../../../../arm-none-eabi/lib/thumb/v6-m\libc_nano.a(lib_a-init.o)
 .ARM.attributes
                0x0000000000000591       0x2c c:/st/stm32cubeide_1.1.0/stm32cubeide/plugins/com.st.stm32cube.ide.mcu.externaltools.gnu-tools-for-stm32.7-2018-q2-update.win32_1.0.0.201904181610/tools/bin/../lib/gcc/arm-none-eabi/7.3.1/../../../../arm-none-eabi/lib/thumb/v6-m\libc_nano.a(lib_a-memcpy-stub.o)
 .ARM.attributes
                0x00000000000005bd       0x2c c:/st/stm32cubeide_1.1.0/stm32cubeide/plugins/com.st.stm32cube.ide.mcu.externaltools.gnu-tools-for-stm32.7-2018-q2-update.win32_1.0.0.201904181610/tools/bin/../lib/gcc/arm-none-eabi/7.3.1/../../../../arm-none-eabi/lib/thumb/v6-m\libc_nano.a(lib_a-memset.o)
 .ARM.attributes
                0x00000000000005e9       0x1e c:/st/stm32cubeide_1.1.0/stm32cubeide/plugins/com.st.stm32cube.ide.mcu.externaltools.gnu-tools-for-stm32.7-2018-q2-update.win32_1.0.0.201904181610/tools/bin/../lib/gcc/arm-none-eabi/7.3.1/thumb/v6-m\libgcc.a(_udivsi3.o)
 .ARM.attributes
                0x0000000000000607       0x1e c:/st/stm32cubeide_1.1.0/stm32cubeide/plugins/com.st.stm32cube.ide.mcu.externaltools.gnu-tools-for-stm32.7-2018-q2-update.win32_1.0.0.201904181610/tools/bin/../lib/gcc/arm-none-eabi/7.3.1/thumb/v6-m\libgcc.a(_dvmd_tls.o)
 .ARM.attributes
                0x0000000000000625       0x1e c:/st/stm32cubeide_1.1.0/stm32cubeide/plugins/com.st.stm32cube.ide.mcu.externaltools.gnu-tools-for-stm32.7-2018-q2-update.win32_1.0.0.201904181610/tools/bin/../lib/gcc/arm-none-eabi/7.3.1/thumb/v6-m/crtn.o
OUTPUT(usb_can_sniffer.elf elf32-littlearm)

.debug_info     0x0000000000000000    0x1bee8
 .debug_info    0x0000000000000000     0x1048 Core/Src/data_streaming.o
 .debug_info    0x0000000000001048     0x1d90 Core/Src/driver_user_if.o
 .debug_info    0x0000000000002dd8     0x1c89 Core/Src/main.o
 .debug_info    0x0000000000004a61     0x14d9 Core/Src/sniffer_para_set.o
 .debug_info    0x0000000000005f3a     0x174d Core/Src/stm32f0xx_hal_msp.o
 .debug_info    0x0000000000007687     0x185c Core/Src/stm32f0xx_it.o
 .debug_info    0x0000000000008ee3      0x29e Core/Src/system_stm32f0xx.o
 .debug_info    0x0000000000009181       0x22 Core/Startup/startup_stm32f072rbtx.o
 .debug_info    0x00000000000091a3      0x6c0 Drivers/STM32F0xx_HAL_Driver/Src/stm32f0xx_hal.o
 .debug_info    0x0000000000009863      0xf1e Drivers/STM32F0xx_HAL_Driver/Src/stm32f0xx_hal_can.o
 .debug_info    0x000000000000a781      0x78c Drivers/STM32F0xx_HAL_Driver/Src/stm32f0xx_hal_cortex.o
 .debug_info    0x000000000000af0d      0x67a Drivers/STM32F0xx_HAL_Driver/Src/stm32f0xx_hal_gpio.o
 .debug_info    0x000000000000b587      0xe67 Drivers/STM32F0xx_HAL_Driver/Src/stm32f0xx_hal_pcd.o
 .debug_info    0x000000000000c3ee      0x880 Drivers/STM32F0xx_HAL_Driver/Src/stm32f0xx_hal_pcd_ex.o
 .debug_info    0x000000000000cc6e      0x82d Drivers/STM32F0xx_HAL_Driver/Src/stm32f0xx_hal_rcc.o
 .debug_info    0x000000000000d49b      0x677 Drivers/STM32F0xx_HAL_Driver/Src/stm32f0xx_hal_rcc_ex.o
 .debug_info    0x000000000000db12     0x252c Drivers/STM32F0xx_HAL_Driver/Src/stm32f0xx_hal_tim.o
 .debug_info    0x000000000001003e     0x10f0 Drivers/STM32F0xx_HAL_Driver/Src/stm32f0xx_hal_tim_ex.o
 .debug_info    0x000000000001112e     0x1508 Drivers/STM32F0xx_HAL_Driver/Src/stm32f0xx_ll_usb.o
 .debug_info    0x0000000000012636     0x1403 Middlewares/ST/STM32_USB_Device_Library/Class/CustomHID/Src/usbd_customhid.o
 .debug_info    0x0000000000013a39     0x137a Middlewares/ST/STM32_USB_Device_Library/Core/Src/usbd_core.o
 .debug_info    0x0000000000014db3     0x12ea Middlewares/ST/STM32_USB_Device_Library/Core/Src/usbd_ctlreq.o
 .debug_info    0x000000000001609d     0x10db Middlewares/ST/STM32_USB_Device_Library/Core/Src/usbd_ioreq.o
 .debug_info    0x0000000000017178      0xffe USB_DEVICE/App/usb_device.o
 .debug_info    0x0000000000018176     0x106b USB_DEVICE/App/usbd_custom_hid_if.o
 .debug_info    0x00000000000191e1      0xebf USB_DEVICE/App/usbd_desc.o
 .debug_info    0x000000000001a0a0     0x1e48 USB_DEVICE/Target/usbd_conf.o

.debug_abbrev   0x0000000000000000     0x39a6
 .debug_abbrev  0x0000000000000000      0x1fc Core/Src/data_streaming.o
 .debug_abbrev  0x00000000000001fc      0x2d6 Core/Src/driver_user_if.o
 .debug_abbrev  0x00000000000004d2      0x2b9 Core/Src/main.o
 .debug_abbrev  0x000000000000078b      0x24c Core/Src/sniffer_para_set.o
 .debug_abbrev  0x00000000000009d7      0x242 Core/Src/stm32f0xx_hal_msp.o
 .debug_abbrev  0x0000000000000c19      0x205 Core/Src/stm32f0xx_it.o
 .debug_abbrev  0x0000000000000e1e      0x12b Core/Src/system_stm32f0xx.o
 .debug_abbrev  0x0000000000000f49       0x12 Core/Startup/startup_stm32f072rbtx.o
 .debug_abbrev  0x0000000000000f5b      0x1c7 Drivers/STM32F0xx_HAL_Driver/Src/stm32f0xx_hal.o
 .debug_abbrev  0x0000000000001122      0x1b7 Drivers/STM32F0xx_HAL_Driver/Src/stm32f0xx_hal_can.o
 .debug_abbrev  0x00000000000012d9      0x273 Drivers/STM32F0xx_HAL_Driver/Src/stm32f0xx_hal_cortex.o
 .debug_abbrev  0x000000000000154c      0x1c0 Drivers/STM32F0xx_HAL_Driver/Src/stm32f0xx_hal_gpio.o
 .debug_abbrev  0x000000000000170c      0x27d Drivers/STM32F0xx_HAL_Driver/Src/stm32f0xx_hal_pcd.o
 .debug_abbrev  0x0000000000001989      0x1eb Drivers/STM32F0xx_HAL_Driver/Src/stm32f0xx_hal_pcd_ex.o
 .debug_abbrev  0x0000000000001b74      0x20f Drivers/STM32F0xx_HAL_Driver/Src/stm32f0xx_hal_rcc.o
 .debug_abbrev  0x0000000000001d83      0x1a7 Drivers/STM32F0xx_HAL_Driver/Src/stm32f0xx_hal_rcc_ex.o
 .debug_abbrev  0x0000000000001f2a      0x230 Drivers/STM32F0xx_HAL_Driver/Src/stm32f0xx_hal_tim.o
 .debug_abbrev  0x000000000000215a      0x21e Drivers/STM32F0xx_HAL_Driver/Src/stm32f0xx_hal_tim_ex.o
 .debug_abbrev  0x0000000000002378      0x239 Drivers/STM32F0xx_HAL_Driver/Src/stm32f0xx_ll_usb.o
 .debug_abbrev  0x00000000000025b1      0x2b1 Middlewares/ST/STM32_USB_Device_Library/Class/CustomHID/Src/usbd_customhid.o
 .debug_abbrev  0x0000000000002862      0x29b Middlewares/ST/STM32_USB_Device_Library/Core/Src/usbd_core.o
 .debug_abbrev  0x0000000000002afd      0x2cb Middlewares/ST/STM32_USB_Device_Library/Core/Src/usbd_ctlreq.o
 .debug_abbrev  0x0000000000002dc8      0x20b Middlewares/ST/STM32_USB_Device_Library/Core/Src/usbd_ioreq.o
 .debug_abbrev  0x0000000000002fd3      0x1e9 USB_DEVICE/App/usb_device.o
 .debug_abbrev  0x00000000000031bc      0x220 USB_DEVICE/App/usbd_custom_hid_if.o
 .debug_abbrev  0x00000000000033dc      0x2bb USB_DEVICE/App/usbd_desc.o
 .debug_abbrev  0x0000000000003697      0x30f USB_DEVICE/Target/usbd_conf.o

.debug_aranges  0x0000000000000000     0x1168
 .debug_aranges
                0x0000000000000000       0x20 Core/Src/data_streaming.o
 .debug_aranges
                0x0000000000000020       0x78 Core/Src/driver_user_if.o
 .debug_aranges
                0x0000000000000098       0x48 Core/Src/main.o
 .debug_aranges
                0x00000000000000e0       0x30 Core/Src/sniffer_para_set.o
 .debug_aranges
                0x0000000000000110       0x40 Core/Src/stm32f0xx_hal_msp.o
 .debug_aranges
                0x0000000000000150       0x58 Core/Src/stm32f0xx_it.o
 .debug_aranges
                0x00000000000001a8       0x28 Core/Src/system_stm32f0xx.o
 .debug_aranges
                0x00000000000001d0       0x28 Core/Startup/startup_stm32f072rbtx.o
 .debug_aranges
                0x00000000000001f8       0xd0 Drivers/STM32F0xx_HAL_Driver/Src/stm32f0xx_hal.o
 .debug_aranges
                0x00000000000002c8      0x138 Drivers/STM32F0xx_HAL_Driver/Src/stm32f0xx_hal_can.o
 .debug_aranges
                0x0000000000000400       0xc0 Drivers/STM32F0xx_HAL_Driver/Src/stm32f0xx_hal_cortex.o
 .debug_aranges
                0x00000000000004c0       0x58 Drivers/STM32F0xx_HAL_Driver/Src/stm32f0xx_hal_gpio.o
 .debug_aranges
                0x0000000000000518      0x120 Drivers/STM32F0xx_HAL_Driver/Src/stm32f0xx_hal_pcd.o
 .debug_aranges
                0x0000000000000638       0x58 Drivers/STM32F0xx_HAL_Driver/Src/stm32f0xx_hal_pcd_ex.o
 .debug_aranges
                0x0000000000000690       0x80 Drivers/STM32F0xx_HAL_Driver/Src/stm32f0xx_hal_rcc.o
 .debug_aranges
                0x0000000000000710       0x78 Drivers/STM32F0xx_HAL_Driver/Src/stm32f0xx_hal_rcc_ex.o
 .debug_aranges
                0x0000000000000788      0x3b8 Drivers/STM32F0xx_HAL_Driver/Src/stm32f0xx_hal_tim.o
 .debug_aranges
                0x0000000000000b40      0x150 Drivers/STM32F0xx_HAL_Driver/Src/stm32f0xx_hal_tim_ex.o
 .debug_aranges
                0x0000000000000c90      0x108 Drivers/STM32F0xx_HAL_Driver/Src/stm32f0xx_ll_usb.o
 .debug_aranges
                0x0000000000000d98       0x78 Middlewares/ST/STM32_USB_Device_Library/Class/CustomHID/Src/usbd_customhid.o
 .debug_aranges
                0x0000000000000e10       0xb8 Middlewares/ST/STM32_USB_Device_Library/Core/Src/usbd_core.o
 .debug_aranges
                0x0000000000000ec8       0x88 Middlewares/ST/STM32_USB_Device_Library/Core/Src/usbd_ctlreq.o
 .debug_aranges
                0x0000000000000f50       0x50 Middlewares/ST/STM32_USB_Device_Library/Core/Src/usbd_ioreq.o
 .debug_aranges
                0x0000000000000fa0       0x20 USB_DEVICE/App/usb_device.o
 .debug_aranges
                0x0000000000000fc0       0x30 USB_DEVICE/App/usbd_custom_hid_if.o
 .debug_aranges
                0x0000000000000ff0       0x60 USB_DEVICE/App/usbd_desc.o
 .debug_aranges
                0x0000000000001050      0x118 USB_DEVICE/Target/usbd_conf.o

.debug_ranges   0x0000000000000000      0xfc0
 .debug_ranges  0x0000000000000000       0x10 Core/Src/data_streaming.o
 .debug_ranges  0x0000000000000010       0x68 Core/Src/driver_user_if.o
 .debug_ranges  0x0000000000000078       0x38 Core/Src/main.o
 .debug_ranges  0x00000000000000b0       0x20 Core/Src/sniffer_para_set.o
 .debug_ranges  0x00000000000000d0       0x30 Core/Src/stm32f0xx_hal_msp.o
 .debug_ranges  0x0000000000000100       0x48 Core/Src/stm32f0xx_it.o
 .debug_ranges  0x0000000000000148       0x18 Core/Src/system_stm32f0xx.o
 .debug_ranges  0x0000000000000160       0x20 Core/Startup/startup_stm32f072rbtx.o
 .debug_ranges  0x0000000000000180       0xc0 Drivers/STM32F0xx_HAL_Driver/Src/stm32f0xx_hal.o
 .debug_ranges  0x0000000000000240      0x128 Drivers/STM32F0xx_HAL_Driver/Src/stm32f0xx_hal_can.o
 .debug_ranges  0x0000000000000368       0xb0 Drivers/STM32F0xx_HAL_Driver/Src/stm32f0xx_hal_cortex.o
 .debug_ranges  0x0000000000000418       0x48 Drivers/STM32F0xx_HAL_Driver/Src/stm32f0xx_hal_gpio.o
 .debug_ranges  0x0000000000000460      0x110 Drivers/STM32F0xx_HAL_Driver/Src/stm32f0xx_hal_pcd.o
 .debug_ranges  0x0000000000000570       0x48 Drivers/STM32F0xx_HAL_Driver/Src/stm32f0xx_hal_pcd_ex.o
 .debug_ranges  0x00000000000005b8       0x70 Drivers/STM32F0xx_HAL_Driver/Src/stm32f0xx_hal_rcc.o
 .debug_ranges  0x0000000000000628       0x68 Drivers/STM32F0xx_HAL_Driver/Src/stm32f0xx_hal_rcc_ex.o
 .debug_ranges  0x0000000000000690      0x3a8 Drivers/STM32F0xx_HAL_Driver/Src/stm32f0xx_hal_tim.o
 .debug_ranges  0x0000000000000a38      0x140 Drivers/STM32F0xx_HAL_Driver/Src/stm32f0xx_hal_tim_ex.o
 .debug_ranges  0x0000000000000b78       0xf8 Drivers/STM32F0xx_HAL_Driver/Src/stm32f0xx_ll_usb.o
 .debug_ranges  0x0000000000000c70       0x68 Middlewares/ST/STM32_USB_Device_Library/Class/CustomHID/Src/usbd_customhid.o
 .debug_ranges  0x0000000000000cd8       0xa8 Middlewares/ST/STM32_USB_Device_Library/Core/Src/usbd_core.o
 .debug_ranges  0x0000000000000d80       0x78 Middlewares/ST/STM32_USB_Device_Library/Core/Src/usbd_ctlreq.o
 .debug_ranges  0x0000000000000df8       0x40 Middlewares/ST/STM32_USB_Device_Library/Core/Src/usbd_ioreq.o
 .debug_ranges  0x0000000000000e38       0x10 USB_DEVICE/App/usb_device.o
 .debug_ranges  0x0000000000000e48       0x20 USB_DEVICE/App/usbd_custom_hid_if.o
 .debug_ranges  0x0000000000000e68       0x50 USB_DEVICE/App/usbd_desc.o
 .debug_ranges  0x0000000000000eb8      0x108 USB_DEVICE/Target/usbd_conf.o

.debug_macro    0x0000000000000000    0x1a5ed
 .debug_macro   0x0000000000000000      0x425 Core/Src/data_streaming.o
 .debug_macro   0x0000000000000425      0xa48 Core/Src/data_streaming.o
 .debug_macro   0x0000000000000e6d      0x139 Core/Src/data_streaming.o
 .debug_macro   0x0000000000000fa6       0x2e Core/Src/data_streaming.o
 .debug_macro   0x0000000000000fd4       0x22 Core/Src/data_streaming.o
 .debug_macro   0x0000000000000ff6       0x22 Core/Src/data_streaming.o
 .debug_macro   0x0000000000001018       0x8e Core/Src/data_streaming.o
 .debug_macro   0x00000000000010a6       0x51 Core/Src/data_streaming.o
 .debug_macro   0x00000000000010f7       0xef Core/Src/data_streaming.o
 .debug_macro   0x00000000000011e6       0x6a Core/Src/data_streaming.o
 .debug_macro   0x0000000000001250      0x1df Core/Src/data_streaming.o
 .debug_macro   0x000000000000142f       0x1c Core/Src/data_streaming.o
 .debug_macro   0x000000000000144b       0x22 Core/Src/data_streaming.o
 .debug_macro   0x000000000000146d       0xb5 Core/Src/data_streaming.o
 .debug_macro   0x0000000000001522      0x391 Core/Src/data_streaming.o
 .debug_macro   0x00000000000018b3     0xfe50 Core/Src/data_streaming.o
 .debug_macro   0x0000000000011703       0x3c Core/Src/data_streaming.o
 .debug_macro   0x000000000001173f      0x174 Core/Src/data_streaming.o
 .debug_macro   0x00000000000118b3       0x53 Core/Src/data_streaming.o
 .debug_macro   0x0000000000011906      0x946 Core/Src/data_streaming.o
 .debug_macro   0x000000000001224c      0x5f3 Core/Src/data_streaming.o
 .debug_macro   0x000000000001283f      0x12f Core/Src/data_streaming.o
 .debug_macro   0x000000000001296e      0x1a7 Core/Src/data_streaming.o
 .debug_macro   0x0000000000012b15      0x1a7 Core/Src/data_streaming.o
 .debug_macro   0x0000000000012cbc      0x22c Core/Src/data_streaming.o
 .debug_macro   0x0000000000012ee8       0x34 Core/Src/data_streaming.o
 .debug_macro   0x0000000000012f1c       0x43 Core/Src/data_streaming.o
 .debug_macro   0x0000000000012f5f       0x28 Core/Src/data_streaming.o
 .debug_macro   0x0000000000012f87      0x408 Core/Src/data_streaming.o
 .debug_macro   0x000000000001338f       0xb0 Core/Src/data_streaming.o
 .debug_macro   0x000000000001343f      0x217 Core/Src/data_streaming.o
 .debug_macro   0x0000000000013656      0x22c Core/Src/data_streaming.o
 .debug_macro   0x0000000000013882       0x5f Core/Src/data_streaming.o
 .debug_macro   0x00000000000138e1       0xa5 Core/Src/data_streaming.o
 .debug_macro   0x0000000000013986       0x65 Core/Src/data_streaming.o
 .debug_macro   0x00000000000139eb      0x234 Core/Src/data_streaming.o
 .debug_macro   0x0000000000013c1f       0x4c Core/Src/data_streaming.o
 .debug_macro   0x0000000000013c6b      0x16d Core/Src/data_streaming.o
 .debug_macro   0x0000000000013dd8      0x8ae Core/Src/data_streaming.o
 .debug_macro   0x0000000000014686       0x28 Core/Src/data_streaming.o
 .debug_macro   0x00000000000146ae      0x130 Core/Src/data_streaming.o
 .debug_macro   0x00000000000147de       0x46 Core/Src/data_streaming.o
 .debug_macro   0x0000000000014824       0x18 Core/Src/data_streaming.o
 .debug_macro   0x000000000001483c       0x3c Core/Src/data_streaming.o
 .debug_macro   0x0000000000014878       0x34 Core/Src/data_streaming.o
 .debug_macro   0x00000000000148ac       0x16 Core/Src/data_streaming.o
 .debug_macro   0x00000000000148c2       0x35 Core/Src/data_streaming.o
 .debug_macro   0x00000000000148f7      0x32a Core/Src/data_streaming.o
 .debug_macro   0x0000000000014c21       0x10 Core/Src/data_streaming.o
 .debug_macro   0x0000000000014c31       0x52 Core/Src/data_streaming.o
 .debug_macro   0x0000000000014c83       0x1f Core/Src/data_streaming.o
 .debug_macro   0x0000000000014ca2       0x43 Core/Src/data_streaming.o
 .debug_macro   0x0000000000014ce5       0x20 Core/Src/data_streaming.o
 .debug_macro   0x0000000000014d05      0x1a3 Core/Src/data_streaming.o
 .debug_macro   0x0000000000014ea8       0x10 Core/Src/data_streaming.o
 .debug_macro   0x0000000000014eb8       0x1c Core/Src/data_streaming.o
 .debug_macro   0x0000000000014ed4       0x52 Core/Src/data_streaming.o
 .debug_macro   0x0000000000014f26       0x40 Core/Src/data_streaming.o
 .debug_macro   0x0000000000014f66       0x10 Core/Src/data_streaming.o
 .debug_macro   0x0000000000014f76       0x40 Core/Src/data_streaming.o
 .debug_macro   0x0000000000014fb6       0xd7 Core/Src/data_streaming.o
 .debug_macro   0x000000000001508d       0x1c Core/Src/data_streaming.o
 .debug_macro   0x00000000000150a9       0x3d Core/Src/data_streaming.o
 .debug_macro   0x00000000000150e6       0x16 Core/Src/data_streaming.o
 .debug_macro   0x00000000000150fc      0x145 Core/Src/data_streaming.o
 .debug_macro   0x0000000000015241       0x16 Core/Src/data_streaming.o
 .debug_macro   0x0000000000015257       0x16 Core/Src/data_streaming.o
 .debug_macro   0x000000000001526d       0x29 Core/Src/data_streaming.o
 .debug_macro   0x0000000000015296       0x16 Core/Src/data_streaming.o
 .debug_macro   0x00000000000152ac       0x20 Core/Src/data_streaming.o
 .debug_macro   0x00000000000152cc       0x6b Core/Src/data_streaming.o
 .debug_macro   0x0000000000015337      0x1c8 Core/Src/data_streaming.o
 .debug_macro   0x00000000000154ff       0x22 Core/Src/data_streaming.o
 .debug_macro   0x0000000000015521       0x28 Core/Src/data_streaming.o
 .debug_macro   0x0000000000015549       0x10 Core/Src/data_streaming.o
 .debug_macro   0x0000000000015559       0x65 Core/Src/data_streaming.o
 .debug_macro   0x00000000000155be      0x425 Core/Src/driver_user_if.o
 .debug_macro   0x00000000000159e3      0x3ea Core/Src/main.o
 .debug_macro   0x0000000000015dcd      0x425 Core/Src/sniffer_para_set.o
 .debug_macro   0x00000000000161f2      0x3ea Core/Src/stm32f0xx_hal_msp.o
 .debug_macro   0x00000000000165dc      0x3f4 Core/Src/stm32f0xx_it.o
 .debug_macro   0x00000000000169d0      0x1d3 Core/Src/system_stm32f0xx.o
 .debug_macro   0x0000000000016ba3      0x1f7 Drivers/STM32F0xx_HAL_Driver/Src/stm32f0xx_hal.o
 .debug_macro   0x0000000000016d9a      0x1db Drivers/STM32F0xx_HAL_Driver/Src/stm32f0xx_hal_can.o
 .debug_macro   0x0000000000016f75      0x1d3 Drivers/STM32F0xx_HAL_Driver/Src/stm32f0xx_hal_cortex.o
 .debug_macro   0x0000000000017148      0x20b Drivers/STM32F0xx_HAL_Driver/Src/stm32f0xx_hal_gpio.o
 .debug_macro   0x0000000000017353      0x1df Drivers/STM32F0xx_HAL_Driver/Src/stm32f0xx_hal_pcd.o
 .debug_macro   0x0000000000017532      0x1d3 Drivers/STM32F0xx_HAL_Driver/Src/stm32f0xx_hal_pcd_ex.o
 .debug_macro   0x0000000000017705      0x1e5 Drivers/STM32F0xx_HAL_Driver/Src/stm32f0xx_hal_rcc.o
 .debug_macro   0x00000000000178ea      0x1e5 Drivers/STM32F0xx_HAL_Driver/Src/stm32f0xx_hal_rcc_ex.o
 .debug_macro   0x0000000000017acf      0x1d4 Drivers/STM32F0xx_HAL_Driver/Src/stm32f0xx_hal_tim.o
 .debug_macro   0x0000000000017ca3      0x1d3 Drivers/STM32F0xx_HAL_Driver/Src/stm32f0xx_hal_tim_ex.o
 .debug_macro   0x0000000000017e76      0x1d3 Drivers/STM32F0xx_HAL_Driver/Src/stm32f0xx_ll_usb.o
 .debug_macro   0x0000000000018049      0x41f Middlewares/ST/STM32_USB_Device_Library/Class/CustomHID/Src/usbd_customhid.o
 .debug_macro   0x0000000000018468       0x97 Middlewares/ST/STM32_USB_Device_Library/Class/CustomHID/Src/usbd_customhid.o
 .debug_macro   0x00000000000184ff       0xfd Middlewares/ST/STM32_USB_Device_Library/Class/CustomHID/Src/usbd_customhid.o
 .debug_macro   0x00000000000185fc       0xaf Middlewares/ST/STM32_USB_Device_Library/Class/CustomHID/Src/usbd_customhid.o
 .debug_macro   0x00000000000186ab       0x4d Middlewares/ST/STM32_USB_Device_Library/Class/CustomHID/Src/usbd_customhid.o
 .debug_macro   0x00000000000186f8      0x410 Middlewares/ST/STM32_USB_Device_Library/Core/Src/usbd_core.o
 .debug_macro   0x0000000000018b08      0x1da Middlewares/ST/STM32_USB_Device_Library/Core/Src/usbd_core.o
 .debug_macro   0x0000000000018ce2      0x410 Middlewares/ST/STM32_USB_Device_Library/Core/Src/usbd_ctlreq.o
 .debug_macro   0x00000000000190f2      0x40c Middlewares/ST/STM32_USB_Device_Library/Core/Src/usbd_ioreq.o
 .debug_macro   0x00000000000194fe      0x43c USB_DEVICE/App/usb_device.o
 .debug_macro   0x000000000001993a       0x22 USB_DEVICE/App/usb_device.o
 .debug_macro   0x000000000001995c      0x425 USB_DEVICE/App/usbd_custom_hid_if.o
 .debug_macro   0x0000000000019d81      0x443 USB_DEVICE/App/usbd_desc.o
 .debug_macro   0x000000000001a1c4      0x429 USB_DEVICE/Target/usbd_conf.o

.debug_line     0x0000000000000000    0x11e50
 .debug_line    0x0000000000000000      0xa41 Core/Src/data_streaming.o
 .debug_line    0x0000000000000a41      0xb5e Core/Src/driver_user_if.o
 .debug_line    0x000000000000159f      0xa52 Core/Src/main.o
 .debug_line    0x0000000000001ff1      0xa89 Core/Src/sniffer_para_set.o
 .debug_line    0x0000000000002a7a      0xa0c Core/Src/stm32f0xx_hal_msp.o
 .debug_line    0x0000000000003486      0xa3b Core/Src/stm32f0xx_it.o
 .debug_line    0x0000000000003ec1      0x6ea Core/Src/system_stm32f0xx.o
 .debug_line    0x00000000000045ab       0x89 Core/Startup/startup_stm32f072rbtx.o
 .debug_line    0x0000000000004634      0x87d Drivers/STM32F0xx_HAL_Driver/Src/stm32f0xx_hal.o
 .debug_line    0x0000000000004eb1      0xb64 Drivers/STM32F0xx_HAL_Driver/Src/stm32f0xx_hal_can.o
 .debug_line    0x0000000000005a15      0x895 Drivers/STM32F0xx_HAL_Driver/Src/stm32f0xx_hal_cortex.o
 .debug_line    0x00000000000062aa      0x857 Drivers/STM32F0xx_HAL_Driver/Src/stm32f0xx_hal_gpio.o
 .debug_line    0x0000000000006b01      0xb73 Drivers/STM32F0xx_HAL_Driver/Src/stm32f0xx_hal_pcd.o
 .debug_line    0x0000000000007674      0x78e Drivers/STM32F0xx_HAL_Driver/Src/stm32f0xx_hal_pcd_ex.o
 .debug_line    0x0000000000007e02      0x96a Drivers/STM32F0xx_HAL_Driver/Src/stm32f0xx_hal_rcc.o
 .debug_line    0x000000000000876c      0x916 Drivers/STM32F0xx_HAL_Driver/Src/stm32f0xx_hal_rcc_ex.o
 .debug_line    0x0000000000009082     0x1aaf Drivers/STM32F0xx_HAL_Driver/Src/stm32f0xx_hal_tim.o
 .debug_line    0x000000000000ab31      0xcc9 Drivers/STM32F0xx_HAL_Driver/Src/stm32f0xx_hal_tim_ex.o
 .debug_line    0x000000000000b7fa      0xbac Drivers/STM32F0xx_HAL_Driver/Src/stm32f0xx_ll_usb.o
 .debug_line    0x000000000000c3a6      0xb8b Middlewares/ST/STM32_USB_Device_Library/Class/CustomHID/Src/usbd_customhid.o
 .debug_line    0x000000000000cf31      0xc12 Middlewares/ST/STM32_USB_Device_Library/Core/Src/usbd_core.o
 .debug_line    0x000000000000db43      0xc99 Middlewares/ST/STM32_USB_Device_Library/Core/Src/usbd_ctlreq.o
 .debug_line    0x000000000000e7dc      0xa7b Middlewares/ST/STM32_USB_Device_Library/Core/Src/usbd_ioreq.o
 .debug_line    0x000000000000f257      0xa4e USB_DEVICE/App/usb_device.o
 .debug_line    0x000000000000fca5      0xa65 USB_DEVICE/App/usbd_custom_hid_if.o
 .debug_line    0x000000000001070a      0xa9d USB_DEVICE/App/usbd_desc.o
 .debug_line    0x00000000000111a7      0xca9 USB_DEVICE/Target/usbd_conf.o

.debug_str      0x0000000000000000    0x82e96
 .debug_str     0x0000000000000000    0x7e319 Core/Src/data_streaming.o
                                      0x7e649 (size before relaxing)
 .debug_str     0x000000000007e319      0x95d Core/Src/driver_user_if.o
                                      0x7efec (size before relaxing)
 .debug_str     0x000000000007ec76      0x353 Core/Src/main.o
                                      0x7ed7a (size before relaxing)
 .debug_str     0x000000000007efc9       0xe3 Core/Src/sniffer_para_set.o
                                      0x7ea12 (size before relaxing)
 .debug_str     0x000000000007f0ac      0x1de Core/Src/stm32f0xx_hal_msp.o
                                      0x7e922 (size before relaxing)
 .debug_str     0x000000000007f28a      0x381 Core/Src/stm32f0xx_it.o
                                      0x7e9a1 (size before relaxing)
 .debug_str     0x000000000007f60b       0x5f Core/Src/system_stm32f0xx.o
                                      0x7925c (size before relaxing)
 .debug_str     0x000000000007f66a       0x36 Core/Startup/startup_stm32f072rbtx.o
                                         0x70 (size before relaxing)
 .debug_str     0x000000000007f6a0      0x388 Drivers/STM32F0xx_HAL_Driver/Src/stm32f0xx_hal.o
                                      0x797ca (size before relaxing)
 .debug_str     0x000000000007fa28      0x408 Drivers/STM32F0xx_HAL_Driver/Src/stm32f0xx_hal_can.o
                                      0x79a4d (size before relaxing)
 .debug_str     0x000000000007fe30      0x1ee Drivers/STM32F0xx_HAL_Driver/Src/stm32f0xx_hal_cortex.o
                                      0x7967e (size before relaxing)
 .debug_str     0x000000000008001e      0x213 Drivers/STM32F0xx_HAL_Driver/Src/stm32f0xx_hal_gpio.o
                                      0x794f8 (size before relaxing)
 .debug_str     0x0000000000080231      0x3c3 Drivers/STM32F0xx_HAL_Driver/Src/stm32f0xx_hal_pcd.o
                                      0x79943 (size before relaxing)
 .debug_str     0x00000000000805f4      0x1c6 Drivers/STM32F0xx_HAL_Driver/Src/stm32f0xx_hal_pcd_ex.o
                                      0x7976c (size before relaxing)
 .debug_str     0x00000000000807ba      0x254 Drivers/STM32F0xx_HAL_Driver/Src/stm32f0xx_hal_rcc.o
                                      0x79671 (size before relaxing)
 .debug_str     0x0000000000080a0e      0x2e3 Drivers/STM32F0xx_HAL_Driver/Src/stm32f0xx_hal_rcc_ex.o
                                      0x7964e (size before relaxing)
 .debug_str     0x0000000000080cf1      0xd9d Drivers/STM32F0xx_HAL_Driver/Src/stm32f0xx_hal_tim.o
                                      0x7a455 (size before relaxing)
 .debug_str     0x0000000000081a8e      0x52f Drivers/STM32F0xx_HAL_Driver/Src/stm32f0xx_hal_tim_ex.o
                                      0x79c09 (size before relaxing)
 .debug_str     0x0000000000081fbd      0x309 Drivers/STM32F0xx_HAL_Driver/Src/stm32f0xx_ll_usb.o
                                      0x79752 (size before relaxing)
 .debug_str     0x00000000000822c6      0x2b5 Middlewares/ST/STM32_USB_Device_Library/Class/CustomHID/Src/usbd_customhid.o
                                      0x7e917 (size before relaxing)
 .debug_str     0x000000000008257b      0x1fd Middlewares/ST/STM32_USB_Device_Library/Core/Src/usbd_core.o
                                      0x7e5e2 (size before relaxing)
 .debug_str     0x0000000000082778      0x12f Middlewares/ST/STM32_USB_Device_Library/Core/Src/usbd_ctlreq.o
                                      0x7e51a (size before relaxing)
 .debug_str     0x00000000000828a7       0xc9 Middlewares/ST/STM32_USB_Device_Library/Core/Src/usbd_ioreq.o
                                      0x7e4a8 (size before relaxing)
 .debug_str     0x0000000000082970       0xe6 USB_DEVICE/App/usb_device.o
                                      0x7e712 (size before relaxing)
 .debug_str     0x0000000000082a56       0x7f USB_DEVICE/App/usbd_custom_hid_if.o
                                      0x7e6ea (size before relaxing)
 .debug_str     0x0000000000082ad5      0x254 USB_DEVICE/App/usbd_desc.o
                                      0x7e456 (size before relaxing)
 .debug_str     0x0000000000082d29      0x16d USB_DEVICE/Target/usbd_conf.o
                                      0x7eeff (size before relaxing)

.comment        0x0000000000000000       0x7b
 .comment       0x0000000000000000       0x7b Core/Src/data_streaming.o
                                         0x7c (size before relaxing)
 .comment       0x000000000000007b       0x7c Core/Src/driver_user_if.o
 .comment       0x000000000000007b       0x7c Core/Src/main.o
 .comment       0x000000000000007b       0x7c Core/Src/sniffer_para_set.o
 .comment       0x000000000000007b       0x7c Core/Src/stm32f0xx_hal_msp.o
 .comment       0x000000000000007b       0x7c Core/Src/stm32f0xx_it.o
 .comment       0x000000000000007b       0x7c Core/Src/system_stm32f0xx.o
 .comment       0x000000000000007b       0x7c Drivers/STM32F0xx_HAL_Driver/Src/stm32f0xx_hal.o
 .comment       0x000000000000007b       0x7c Drivers/STM32F0xx_HAL_Driver/Src/stm32f0xx_hal_can.o
 .comment       0x000000000000007b       0x7c Drivers/STM32F0xx_HAL_Driver/Src/stm32f0xx_hal_cortex.o
 .comment       0x000000000000007b       0x7c Drivers/STM32F0xx_HAL_Driver/Src/stm32f0xx_hal_gpio.o
 .comment       0x000000000000007b       0x7c Drivers/STM32F0xx_HAL_Driver/Src/stm32f0xx_hal_pcd.o
 .comment       0x000000000000007b       0x7c Drivers/STM32F0xx_HAL_Driver/Src/stm32f0xx_hal_pcd_ex.o
 .comment       0x000000000000007b       0x7c Drivers/STM32F0xx_HAL_Driver/Src/stm32f0xx_hal_rcc.o
 .comment       0x000000000000007b       0x7c Drivers/STM32F0xx_HAL_Driver/Src/stm32f0xx_hal_rcc_ex.o
 .comment       0x000000000000007b       0x7c Drivers/STM32F0xx_HAL_Driver/Src/stm32f0xx_hal_tim.o
 .comment       0x000000000000007b       0x7c Drivers/STM32F0xx_HAL_Driver/Src/stm32f0xx_hal_tim_ex.o