driver_user_if.c:43:6:message_buffer_init	8	static
driver_user_if.c:62:6:enqueue	16	static,ignoring_inline_asm
driver_user_if.c:77:10:dequeue	16	static
driver_user_if.c:100:6:TIM32_DelayMS	16	static
driver_user_if.c:120:6:CAN_Filter_Init	8	static
driver_user_if.c:155:9:CAN_Send	24	static
driver_user_if.c:199:9:USB_Send	24	static
driver_user_if.c:226:6:HAL_CAN_TxMailbox0CompleteCallback	16	static
driver_user_if.c:231:6:HAL_CAN_RxFifo0MsgPendingCallback	16	static
driver_user_if.c:250:6:HAL_CAN_ErrorCallback	16	static
driver_user_if.c:255:6:USB_Receive_Callback	24	static
driver_user_if.c:267:6:HAL_TIM_PeriodElapsedCallback	16	static
